Archive member included to satisfy reference by file (symbol)

C:/Program Files/SEGGER/SEGGER Embedded Studio for ARM 3.34/lib/libm_v7em_fpv4_sp_d16_hard_t_le_eabi.a(libm_asm.o)
                              Output/fpu_fft_s132_pca10040 Release/Obj/main.o (__aeabi_f2d)
C:/Program Files/SEGGER/SEGGER Embedded Studio for ARM 3.34/lib/libm_v7em_fpv4_sp_d16_hard_t_le_eabi.a(libm2.o)
                              Output/fpu_fft_s132_pca10040 Release/Obj/main.o (sin)
C:/Program Files/SEGGER/SEGGER Embedded Studio for ARM 3.34/lib/libm_v7em_fpv4_sp_d16_hard_t_le_eabi.a(libm2_asm.o)
                              C:/Program Files/SEGGER/SEGGER Embedded Studio for ARM 3.34/lib/libm_v7em_fpv4_sp_d16_hard_t_le_eabi.a(libm2.o) (fabs)
C:/Program Files/SEGGER/SEGGER Embedded Studio for ARM 3.34/lib/libc_v7em_fpv4_sp_d16_hard_t_le_eabi.a(libc2.o)
                              Output/fpu_fft_s132_pca10040 Release/Obj/nrf_log_str_formatter.o (isprint)
C:/Program Files/SEGGER/SEGGER Embedded Studio for ARM 3.34/lib/libc_v7em_fpv4_sp_d16_hard_t_le_eabi.a(libc2_asm.o)
                              Output/fpu_fft_s132_pca10040 Release/Obj/nrf_log_frontend.o (memcpy)
C:/Program Files/SEGGER/SEGGER Embedded Studio for ARM 3.34/lib/libc_v7em_fpv4_sp_d16_hard_t_le_eabi.a(libc_asm.o)
                              C:/Program Files/SEGGER/SEGGER Embedded Studio for ARM 3.34/lib/libc_v7em_fpv4_sp_d16_hard_t_le_eabi.a(libc2.o) (__aeabi_uldivmod)
C:/Program Files/SEGGER/SEGGER Embedded Studio for ARM 3.34/lib/libdebugio_v7em_fpv4_sp_d16_hard_t_le_eabi.a(libdebugio.o)
                              Output/fpu_fft_s132_pca10040 Release/Obj/thumb_crt0.o (debug_fopen)
../../../../../../components/toolchain/cmsis/dsp/GCC/libarm_cortexM4lf_math.a(arm_const_structs.o)
                              Output/fpu_fft_s132_pca10040 Release/Obj/main.o (arm_cfft_sR_f32_len64)
../../../../../../components/toolchain/cmsis/dsp/GCC/libarm_cortexM4lf_math.a(arm_common_tables.o)
                              ../../../../../../components/toolchain/cmsis/dsp/GCC/libarm_cortexM4lf_math.a(arm_const_structs.o) (realCoefBQ15)
../../../../../../components/toolchain/cmsis/dsp/GCC/libarm_cortexM4lf_math.a(arm_max_f32.o)
                              Output/fpu_fft_s132_pca10040 Release/Obj/main.o (arm_max_f32)
../../../../../../components/toolchain/cmsis/dsp/GCC/libarm_cortexM4lf_math.a(arm_cfft_f32.o)
                              Output/fpu_fft_s132_pca10040 Release/Obj/main.o (arm_cfft_f32)
../../../../../../components/toolchain/cmsis/dsp/GCC/libarm_cortexM4lf_math.a(arm_bitreversal2.o)
                              ../../../../../../components/toolchain/cmsis/dsp/GCC/libarm_cortexM4lf_math.a(arm_cfft_f32.o) (arm_bitreversal_32)
../../../../../../components/toolchain/cmsis/dsp/GCC/libarm_cortexM4lf_math.a(arm_cmplx_mag_f32.o)
                              Output/fpu_fft_s132_pca10040 Release/Obj/main.o (arm_cmplx_mag_f32)
../../../../../../components/toolchain/cmsis/dsp/GCC/libarm_cortexM4lf_math.a(arm_cfft_radix8_f32.o)
                              ../../../../../../components/toolchain/cmsis/dsp/GCC/libarm_cortexM4lf_math.a(arm_cfft_f32.o) (arm_radix8_butterfly_f32)
C:/Program Files/SEGGER/SEGGER Embedded Studio for ARM 3.34/lib/libdebugio_mempoll_v7em_fpv4_sp_d16_hard_t_le_eabi.a(mempoll_debug_operations.o)
                              C:/Program Files/SEGGER/SEGGER Embedded Studio for ARM 3.34/lib/libdebugio_v7em_fpv4_sp_d16_hard_t_le_eabi.a(libdebugio.o) (__do_debug_operation)
C:/Program Files/SEGGER/SEGGER Embedded Studio for ARM 3.34/lib/libdebugio_mempoll_v7em_fpv4_sp_d16_hard_t_le_eabi.a(do_nv_debug_operation.o)
                              C:/Program Files/SEGGER/SEGGER Embedded Studio for ARM 3.34/lib/libdebugio_v7em_fpv4_sp_d16_hard_t_le_eabi.a(libdebugio.o) (__do_nvdebug_operation)

Discarded input sections

 .text          0x0000000000000000        0x0 Output/fpu_fft_s132_pca10040 Release/Obj/thumb_crt0.o
 .data          0x0000000000000000        0x0 Output/fpu_fft_s132_pca10040 Release/Obj/thumb_crt0.o
 .bss           0x0000000000000000        0x0 Output/fpu_fft_s132_pca10040 Release/Obj/thumb_crt0.o
 .text.__aeabi_read_tp
                0x0000000000000000        0x8 Output/fpu_fft_s132_pca10040 Release/Obj/thumb_crt0.o
 .text.__heap_lock
                0x0000000000000000        0x2 Output/fpu_fft_s132_pca10040 Release/Obj/thumb_crt0.o
 .text.__heap_unlock
                0x0000000000000000        0x2 Output/fpu_fft_s132_pca10040 Release/Obj/thumb_crt0.o
 .text.__printf_lock
                0x0000000000000000        0x2 Output/fpu_fft_s132_pca10040 Release/Obj/thumb_crt0.o
 .text.__printf_unlock
                0x0000000000000000        0x2 Output/fpu_fft_s132_pca10040 Release/Obj/thumb_crt0.o
 .text.__scanf_lock
                0x0000000000000000        0x2 Output/fpu_fft_s132_pca10040 Release/Obj/thumb_crt0.o
 .text.__scanf_unlock
                0x0000000000000000        0x2 Output/fpu_fft_s132_pca10040 Release/Obj/thumb_crt0.o
[...]
Memory Configuration

Name             Origin             Length             Attributes
UNPLACED_SECTIONS 0x0000000100000000 0x0000000000000000 xw
RAM1             0x0000000020000000 0x0000000000010000 xw
FLASH            0x0000000000000000 0x0000000000080000 xw
*default*        0x0000000000000000 0xffffffffffffffff

Linker script and memory map

                0x0000000000000000                __vfprintf = __vfprintf_long
                0x0000000000000000                __vfscanf = __vfscanf_long
                0x0000000020000000                __RAM1_segment_start__ = 0x20000000
                0x0000000020010000                __RAM1_segment_end__ = 0x20010000
                0x0000000000010000                __RAM1_segment_size__ = 0x10000
                0x0000000000000000                __FLASH_segment_start__ = 0x0
                0x0000000000080000                __FLASH_segment_end__ = 0x80000
                0x0000000000080000                __FLASH_segment_size__ = 0x80000
                0x0000000000002000                __HEAPSIZE__ = 0x2000
                0x0000000000000000                __STACKSIZE_ABT__ = 0x0
                0x0000000000000000                __STACKSIZE_FIQ__ = 0x0
                0x0000000000000000                __STACKSIZE_IRQ__ = 0x0
                0x0000000000000000                __STACKSIZE_PROCESS__ = 0x0
                0x0000000000000000                __STACKSIZE_SVC__ = 0x0
                0x0000000000000000                __STACKSIZE_UND__ = 0x0
                0x0000000000002000                __STACKSIZE__ = 0x2000
                0x0000000020000000                __reserved_ram_load_start__ = 0x20000000

.reserved_ram   0x0000000020000000     0x5968
                0x0000000020000000                __reserved_ram_start__ = .
 *(.reserved_ram .reserved_ram.*)
                0x0000000020005968                . = MAX (((__reserved_ram_start__ + 0x20005968) - 0x20000000), .)
 *fill*         0x0000000020000000     0x5968 
                0x0000000020005968                __reserved_ram_end__ = (__reserved_ram_start__ + SIZEOF (.reserved_ram))
                0x0000000000005968                __reserved_ram_size__ = SIZEOF (.reserved_ram)
                0x0000000020005968                __reserved_ram_load_end__ = __reserved_ram_end__
                0x0000000000000001                . = ASSERT (((__reserved_ram_start__ == __reserved_ram_end__) || ((__reserved_ram_end__ >= __RAM1_segment_start__) && (__reserved_ram_end__ <= __RAM1_segment_end__))), error: .reserved_ram is too large to fit in RAM1 memory segment)
                0x0000000020005968                __vectors_ram_load_start__ = 0x20005968

.vectors_ram    0x0000000020005968        0x0
                0x0000000020005968                __vectors_ram_start__ = .
                0x0000000020005968                __app_ram_start__ = __vectors_ram_start__
 *(.vectors_ram .vectors_ram.*)
                0x0000000020005968                __vectors_ram_end__ = (__vectors_ram_start__ + SIZEOF (.vectors_ram))
                0x0000000000000000                __vectors_ram_size__ = SIZEOF (.vectors_ram)
                0x0000000020005968                __vectors_ram_load_end__ = __vectors_ram_end__
                0x0000000000000001                . = ASSERT (((__vectors_ram_start__ == __vectors_ram_end__) || ((__vectors_ram_end__ >= __RAM1_segment_start__) && (__vectors_ram_end__ <= __RAM1_segment_end__))), error: .vectors_ram is too large to fit in RAM1 memory segment)
                0x0000000000000001                . = ASSERT ((__reserved_ram_end__ <= __vectors_ram_start__), error: section .reserved_ram overlaps absolute placed section .vectors_ram)
                0x0000000020005968                __nrf_sections_run_load_start__ = ALIGN (__vectors_ram_end__, 0x4)

.nrf_sections_run
                0x0000000020005968        0x0
                0x0000000020005968                __nrf_sections_run_start__ = .
                0x0000000020005968                __start_nrf_sections_run = __nrf_sections_run_start__
 *(.nrf_sections_run .nrf_sections_run.*)
                0x0000000020005968                __nrf_sections_run_end__ = (__nrf_sections_run_start__ + SIZEOF (.nrf_sections_run))
                0x0000000000000000                __nrf_sections_run_size__ = SIZEOF (.nrf_sections_run)
                0x0000000020005968                __nrf_sections_run_load_end__ = __nrf_sections_run_end__
                0x0000000000000001                . = ASSERT (((__nrf_sections_run_start__ == __nrf_sections_run_end__) || ((__nrf_sections_run_end__ >= __RAM1_segment_start__) && (__nrf_sections_run_end__ <= __RAM1_segment_end__))), error: .nrf_sections_run is too large to fit in RAM1 memory segment)
                0x0000000000000000                __reserved_flash_load_start__ = 0x0

.reserved_flash
                0x0000000000000000    0x26000
                0x0000000000000000                __reserved_flash_start__ = .
 *(.reserved_flash .reserved_flash.*)
                0x0000000000026000                . = MAX (((__reserved_flash_start__ + 0x26000) - 0x0), .)
 *fill*         0x0000000000000000    0x26000 
                0x0000000000026000                __reserved_flash_end__ = (__reserved_flash_start__ + SIZEOF (.reserved_flash))
                0x0000000000026000                __reserved_flash_size__ = SIZEOF (.reserved_flash)
                0x0000000000026000                __reserved_flash_load_end__ = __reserved_flash_end__
                0x0000000000000001                . = ASSERT (((__reserved_flash_start__ == __reserved_flash_end__) || ((__reserved_flash_end__ >= __FLASH_segment_start__) && (__reserved_flash_end__ <= __FLASH_segment_end__))), error: .reserved_flash is too large to fit in FLASH memory segment)
                0x0000000000026000                __vectors_load_start__ = 0x26000

.vectors        0x0000000000026000      0x200
                0x0000000000026000                __vectors_start__ = .
 *(.vectors .vectors.*)
 .vectors       0x0000000000026000      0x200 Output/fpu_fft_s132_pca10040 Release/Obj/ses_startup_nrf52.o
                0x0000000000026000                _vectors
                0x0000000000026200                __vectors_end__ = (__vectors_start__ + SIZEOF (.vectors))
                0x0000000000000200                __vectors_size__ = SIZEOF (.vectors)
                0x0000000000026200                __vectors_load_end__ = __vectors_end__
                0x0000000000000001                . = ASSERT (((__vectors_start__ == __vectors_end__) || ((__vectors_end__ >= __FLASH_segment_start__) && (__vectors_end__ <= __FLASH_segment_end__))), error: .vectors is too large to fit in FLASH memory segment)
                0x0000000000000001                . = ASSERT ((__reserved_flash_end__ <= __vectors_start__), error: section .reserved_flash overlaps absolute placed section .vectors)
                0x0000000000026200                __init_load_start__ = ALIGN (__vectors_end__, 0x4)

.init           0x0000000000026200      0x1d4
                0x0000000000026200                __init_start__ = .
 *(.init .init.*)
 .init          0x0000000000026200      0x160 Output/fpu_fft_s132_pca10040 Release/Obj/thumb_crt0.o
                0x0000000000026200                _start
                0x00000000000262b6                exit
 .init          0x0000000000026360       0x18 Output/fpu_fft_s132_pca10040 Release/Obj/ses_startup_nrf52.o
                0x0000000000026360                NMI_Handler
                0x0000000000026362                HardFault_Handler
                0x0000000000026364                MemoryManagement_Handler
                0x0000000000026366                BusFault_Handler
                0x0000000000026368                UsageFault_Handler
                0x000000000002636a                SVC_Handler
                0x000000000002636c                DebugMon_Handler
                0x000000000002636e                PendSV_Handler
                0x0000000000026370                SysTick_Handler
                0x0000000000026372                PWM1_IRQHandler
                0x0000000000026372                SWI0_EGU0_IRQHandler
                0x0000000000026372                POWER_CLOCK_IRQHandler
                0x0000000000026372                RADIO_IRQHandler
                0x0000000000026372                PDM_IRQHandler
                0x0000000000026372                TEMP_IRQHandler
                0x0000000000026372                QDEC_IRQHandler
                0x0000000000026372                RTC0_IRQHandler
                0x0000000000026372                FPU_IRQHandler
                0x0000000000026372                SPIM0_SPIS0_TWIM0_TWIS0_SPI0_TWI0_IRQHandler
                0x0000000000026372                GPIOTE_IRQHandler
                0x0000000000026372                TIMER4_IRQHandler
                0x0000000000026372                I2S_IRQHandler
                0x0000000000026372                SWI4_EGU4_IRQHandler
                0x0000000000026372                TIMER0_IRQHandler
                0x0000000000026372                Dummy_Handler
                0x0000000000026372                TIMER1_IRQHandler
                0x0000000000026372                PWM2_IRQHandler
                0x0000000000026372                ECB_IRQHandler
                0x0000000000026372                SPIM1_SPIS1_TWIM1_TWIS1_SPI1_TWI1_IRQHandler
                0x0000000000026372                SAADC_IRQHandler
                0x0000000000026372                CCM_AAR_IRQHandler
                0x0000000000026372                WDT_IRQHandler
                0x0000000000026372                TIMER3_IRQHandler
                0x0000000000026372                SWI5_EGU5_IRQHandler
                0x0000000000026372                RNG_IRQHandler
                0x0000000000026372                RTC2_IRQHandler
                0x0000000000026372                PWM0_IRQHandler
                0x0000000000026372                SWI3_EGU3_IRQHandler
                0x0000000000026372                RTC1_IRQHandler
                0x0000000000026372                SWI1_EGU1_IRQHandler
                0x0000000000026372                SPIM2_SPIS2_SPI2_IRQHandler
                0x0000000000026372                NFCT_IRQHandler
                0x0000000000026372                TIMER2_IRQHandler
                0x0000000000026372                MWU_IRQHandler
                0x0000000000026372                COMP_LPCOMP_IRQHandler
                0x0000000000026374                nRFInitialize
 .init          0x0000000000026378       0x5c Output/fpu_fft_s132_pca10040 Release/Obj/ses_startup_nrf_common.o
                0x0000000000026378                Reset_Handler
                0x000000000002637c                afterInitialize
                0x00000000000263a0                InitializeUserMemorySections
                0x00000000000263d4                __init_end__ = (__init_start__ + SIZEOF (.init))
                0x00000000000001d4                __init_size__ = SIZEOF (.init)
                0x00000000000263d4                __init_load_end__ = __init_end__
                0x0000000000000001                . = ASSERT (((__init_start__ == __init_end__) || ((__init_end__ >= __FLASH_segment_start__) && (__init_end__ <= __FLASH_segment_end__))), error: .init is too large to fit in FLASH memory segment)
                0x00000000000263d4                __init_rodata_load_start__ = ALIGN (__init_end__, 0x4)

.init_rodata    0x00000000000263d4        0x0
                0x00000000000263d4                __init_rodata_start__ = .
 *(.init_rodata .init_rodata.*)
                0x00000000000263d4                __init_rodata_end__ = (__init_rodata_start__ + SIZEOF (.init_rodata))
                0x0000000000000000                __init_rodata_size__ = SIZEOF (.init_rodata)
                0x00000000000263d4                __init_rodata_load_end__ = __init_rodata_end__
                0x0000000000000001                . = ASSERT (((__init_rodata_start__ == __init_rodata_end__) || ((__init_rodata_end__ >= __FLASH_segment_start__) && (__init_rodata_end__ <= __FLASH_segment_end__))), error: .init_rodata is too large to fit in FLASH memory segment)
                0x00000000000263d4                __text_load_start__ = ALIGN (__init_rodata_end__, 0x4)

.text           0x00000000000263d4     0x31c8
                0x00000000000263d4                __text_start__ = .
 *(.text .text.* .glue_7t .glue_7 .gnu.linkonce.t.* .gcc_except_table .ARM.extab* .gnu.linkonce.armextab.*)
 .glue_7        0x00000000000263d4        0x0 linker stubs
 .glue_7t       0x00000000000263d4        0x0 linker stubs
 .text.nrf_log_backend_rtt_panic_set
                0x00000000000263d4        0x2 Output/fpu_fft_s132_pca10040 Release/Obj/nrf_log_backend_rtt.o
 *fill*         0x00000000000263d6        0x2 
 .text.nrf_log_backend_rtt_put
                0x00000000000263d8       0x1c Output/fpu_fft_s132_pca10040 Release/Obj/nrf_log_backend_rtt.o
 .text.serial_tx
                0x00000000000263f4       0x50 Output/fpu_fft_s132_pca10040 Release/Obj/nrf_log_backend_rtt.o
 .text.nrf_log_backend_rtt_flush
                0x0000000000026444        0x2 Output/fpu_fft_s132_pca10040 Release/Obj/nrf_log_backend_rtt.o
 .text.nrf_log_backend_rtt_init
                0x0000000000026446        0x4 Output/fpu_fft_s132_pca10040 Release/Obj/nrf_log_backend_rtt.o
                0x0000000000026446                nrf_log_backend_rtt_init
 .text.nrf_log_backend_serial_put
                0x000000000002644a       0xce Output/fpu_fft_s132_pca10040 Release/Obj/nrf_log_backend_serial.o
                0x000000000002644a                nrf_log_backend_serial_put
 .text.nrf_log_default_backends_init
                0x0000000000026518       0x20 Output/fpu_fft_s132_pca10040 Release/Obj/nrf_log_default_backends.o
                0x0000000000026518                nrf_log_default_backends_init
 .text.invalid_packets_omit
                0x0000000000026538       0x3a Output/fpu_fft_s132_pca10040 Release/Obj/nrf_log_frontend.o
 *fill*         0x0000000000026572        0x2 
 .text.buf_prealloc
                0x0000000000026574      0x134 Output/fpu_fft_s132_pca10040 Release/Obj/nrf_log_frontend.o
 .text.nrf_log_init
                0x00000000000266a8       0x28 Output/fpu_fft_s132_pca10040 Release/Obj/nrf_log_frontend.o
                0x00000000000266a8                nrf_log_init
 .text.nrf_log_module_name_get
                0x00000000000266d0       0x38 Output/fpu_fft_s132_pca10040 Release/Obj/nrf_log_frontend.o
                0x00000000000266d0                nrf_log_module_name_get
 .text.nrf_log_color_id_get
                0x0000000000026708       0x2c Output/fpu_fft_s132_pca10040 Release/Obj/nrf_log_frontend.o
                0x0000000000026708                nrf_log_color_id_get
 .text.nrf_log_push
                0x0000000000026734       0x60 Output/fpu_fft_s132_pca10040 Release/Obj/nrf_log_frontend.o
                0x0000000000026734                nrf_log_push
 .text.buffer_is_empty
                0x0000000000026794       0x14 Output/fpu_fft_s132_pca10040 Release/Obj/nrf_log_frontend.o
                0x0000000000026794                buffer_is_empty
 .text.nrf_log_frontend_dequeue
                0x00000000000267a8      0x20c Output/fpu_fft_s132_pca10040 Release/Obj/nrf_log_frontend.o
                0x00000000000267a8                nrf_log_frontend_dequeue
 .text.std_n    0x00000000000269b4       0xa4 Output/fpu_fft_s132_pca10040 Release/Obj/nrf_log_frontend.o
 .text.nrf_log_frontend_std_0
                0x0000000000026a58        0x8 Output/fpu_fft_s132_pca10040 Release/Obj/nrf_log_frontend.o
                0x0000000000026a58                nrf_log_frontend_std_0
 .text.nrf_log_frontend_std_1
                0x0000000000026a60       0x14 Output/fpu_fft_s132_pca10040 Release/Obj/nrf_log_frontend.o
                0x0000000000026a60                nrf_log_frontend_std_1
 .text.nrf_log_frontend_std_2
                0x0000000000026a74       0x14 Output/fpu_fft_s132_pca10040 Release/Obj/nrf_log_frontend.o
                0x0000000000026a74                nrf_log_frontend_std_2
 .text.nrf_log_backend_add
                0x0000000000026a88       0x44 Output/fpu_fft_s132_pca10040 Release/Obj/nrf_log_frontend.o
                0x0000000000026a88                nrf_log_backend_add
 .text.nrf_log_panic
                0x0000000000026acc       0x28 Output/fpu_fft_s132_pca10040 Release/Obj/nrf_log_frontend.o
                0x0000000000026acc                nrf_log_panic
 .text.prefix_process
                0x0000000000026af4       0x78 Output/fpu_fft_s132_pca10040 Release/Obj/nrf_log_str_formatter.o
 .text.postfix_process
                0x0000000000026b6c       0x3c Output/fpu_fft_s132_pca10040 Release/Obj/nrf_log_str_formatter.o
 .text.nrf_log_std_entry_process
                0x0000000000026ba8       0xc8 Output/fpu_fft_s132_pca10040 Release/Obj/nrf_log_str_formatter.o
                0x0000000000026ba8                nrf_log_std_entry_process
 .text.nrf_log_hexdump_entry_process
                0x0000000000026c70       0xb4 Output/fpu_fft_s132_pca10040 Release/Obj/nrf_log_str_formatter.o
                0x0000000000026c70                nrf_log_hexdump_entry_process
 .text.app_error_handler_bare
                0x0000000000026d24       0x1a Output/fpu_fft_s132_pca10040 Release/Obj/app_error.o
                0x0000000000026d24                app_error_handler_bare
 *fill*         0x0000000000026d3e        0x2 
 .text.app_error_fault_handler
                0x0000000000026d40       0x70 Output/fpu_fft_s132_pca10040 Release/Obj/app_error_weak.o
                0x0000000000026d40                app_error_fault_handler
 .text.app_util_critical_region_enter
                0x0000000000026db0       0x48 Output/fpu_fft_s132_pca10040 Release/Obj/app_util_platform.o
                0x0000000000026db0                app_util_critical_region_enter
 .text.app_util_critical_region_exit
                0x0000000000026df8       0x2c Output/fpu_fft_s132_pca10040 Release/Obj/app_util_platform.o
                0x0000000000026df8                app_util_critical_region_exit
 .text.nrf_atomic_u32_fetch_store
                0x0000000000026e24       0x18 Output/fpu_fft_s132_pca10040 Release/Obj/nrf_atomic.o
                0x0000000000026e24                nrf_atomic_u32_fetch_store
 .text.nrf_atomic_u32_fetch_or
                0x0000000000026e3c       0x1a Output/fpu_fft_s132_pca10040 Release/Obj/nrf_atomic.o
                0x0000000000026e3c                nrf_atomic_u32_fetch_or
 .text.nrf_atomic_u32_or
                0x0000000000026e56       0x1a Output/fpu_fft_s132_pca10040 Release/Obj/nrf_atomic.o
                0x0000000000026e56                nrf_atomic_u32_or
 .text.nrf_atomic_u32_fetch_and
                0x0000000000026e70       0x1a Output/fpu_fft_s132_pca10040 Release/Obj/nrf_atomic.o
                0x0000000000026e70                nrf_atomic_u32_fetch_and
 .text.nrf_atomic_u32_and
                0x0000000000026e8a       0x1a Output/fpu_fft_s132_pca10040 Release/Obj/nrf_atomic.o
                0x0000000000026e8a                nrf_atomic_u32_and
 .text.nrf_atomic_u32_add
                0x0000000000026ea4       0x1a Output/fpu_fft_s132_pca10040 Release/Obj/nrf_atomic.o
                0x0000000000026ea4                nrf_atomic_u32_add
 .text.nrf_atomic_u32_sub
                0x0000000000026ebe       0x1a Output/fpu_fft_s132_pca10040 Release/Obj/nrf_atomic.o
                0x0000000000026ebe                nrf_atomic_u32_sub
 .text.nrf_atomic_flag_set_fetch
                0x0000000000026ed8        0x6 Output/fpu_fft_s132_pca10040 Release/Obj/nrf_atomic.o
                0x0000000000026ed8                nrf_atomic_flag_set_fetch
 .text.nrf_atomic_flag_set
                0x0000000000026ede        0x6 Output/fpu_fft_s132_pca10040 Release/Obj/nrf_atomic.o
                0x0000000000026ede                nrf_atomic_flag_set
 .text.nrf_atomic_flag_clear_fetch
                0x0000000000026ee4        0x6 Output/fpu_fft_s132_pca10040 Release/Obj/nrf_atomic.o
                0x0000000000026ee4                nrf_atomic_flag_clear_fetch
 .text.nrf_atomic_flag_clear
                0x0000000000026eea        0x6 Output/fpu_fft_s132_pca10040 Release/Obj/nrf_atomic.o
                0x0000000000026eea                nrf_atomic_flag_clear
 .text.nrf_balloc_init
                0x0000000000026ef0       0x2e Output/fpu_fft_s132_pca10040 Release/Obj/nrf_balloc.o
                0x0000000000026ef0                nrf_balloc_init
 .text.nrf_balloc_alloc
                0x0000000000026f1e       0x46 Output/fpu_fft_s132_pca10040 Release/Obj/nrf_balloc.o
                0x0000000000026f1e                nrf_balloc_alloc
 .text.nrf_balloc_free
                0x0000000000026f64       0x32 Output/fpu_fft_s132_pca10040 Release/Obj/nrf_balloc.o
                0x0000000000026f64                nrf_balloc_free
 .text.nrf_fprintf_buffer_flush
                0x0000000000026f96       0x16 Output/fpu_fft_s132_pca10040 Release/Obj/nrf_fprintf.o
                0x0000000000026f96                nrf_fprintf_buffer_flush
 .text.nrf_fprintf
                0x0000000000026fac       0x1e Output/fpu_fft_s132_pca10040 Release/Obj/nrf_fprintf.o
                0x0000000000026fac                nrf_fprintf
 .text.buffer_add
                0x0000000000026fca       0x2e Output/fpu_fft_s132_pca10040 Release/Obj/nrf_fprintf_format.o
 .text.unsigned_print
                0x0000000000026ff8       0xb0 Output/fpu_fft_s132_pca10040 Release/Obj/nrf_fprintf_format.o
 .text.nrf_fprintf_fmt
                0x00000000000270a8      0x280 Output/fpu_fft_s132_pca10040 Release/Obj/nrf_fprintf_format.o
                0x00000000000270a8                nrf_fprintf_fmt
 .text.memobj_op
                0x0000000000027328       0x7e Output/fpu_fft_s132_pca10040 Release/Obj/nrf_memobj.o
 .text.nrf_memobj_pool_init
                0x00000000000273a6        0x4 Output/fpu_fft_s132_pca10040 Release/Obj/nrf_memobj.o
                0x00000000000273a6                nrf_memobj_pool_init
 .text.nrf_memobj_free
                0x00000000000273aa       0x2c Output/fpu_fft_s132_pca10040 Release/Obj/nrf_memobj.o
                0x00000000000273aa                nrf_memobj_free
 .text.nrf_memobj_alloc
                0x00000000000273d6       0x62 Output/fpu_fft_s132_pca10040 Release/Obj/nrf_memobj.o
                0x00000000000273d6                nrf_memobj_alloc
 .text.nrf_memobj_get
                0x0000000000027438        0x8 Output/fpu_fft_s132_pca10040 Release/Obj/nrf_memobj.o
                0x0000000000027438                nrf_memobj_get
 .text.nrf_memobj_put
                0x0000000000027440       0x1e Output/fpu_fft_s132_pca10040 Release/Obj/nrf_memobj.o
                0x0000000000027440                nrf_memobj_put
 .text.nrf_memobj_write
                0x000000000002745e       0x16 Output/fpu_fft_s132_pca10040 Release/Obj/nrf_memobj.o
                0x000000000002745e                nrf_memobj_write
 .text.nrf_memobj_read
                0x0000000000027474       0x16 Output/fpu_fft_s132_pca10040 Release/Obj/nrf_memobj.o
                0x0000000000027474                nrf_memobj_read
 .text.nrf_ringbuf_init
                0x000000000002748a       0x12 Output/fpu_fft_s132_pca10040 Release/Obj/nrf_ringbuf.o
                0x000000000002748a                nrf_ringbuf_init
 .text.nrf_ringbuf_alloc
                0x000000000002749c       0x72 Output/fpu_fft_s132_pca10040 Release/Obj/nrf_ringbuf.o
                0x000000000002749c                nrf_ringbuf_alloc
 .text.nrf_ringbuf_put
                0x000000000002750e       0x2e Output/fpu_fft_s132_pca10040 Release/Obj/nrf_ringbuf.o
                0x000000000002750e                nrf_ringbuf_put
 .text.nrf_ringbuf_free
                0x000000000002753c       0x22 Output/fpu_fft_s132_pca10040 Release/Obj/nrf_ringbuf.o
                0x000000000002753c                nrf_ringbuf_free
 .text.nrf_section_iter_init
                0x000000000002755e       0x14 Output/fpu_fft_s132_pca10040 Release/Obj/nrf_section_iter.o
                0x000000000002755e                nrf_section_iter_init
 .text.nrf_section_iter_next
                0x0000000000027572       0x18 Output/fpu_fft_s132_pca10040 Release/Obj/nrf_section_iter.o
                0x0000000000027572                nrf_section_iter_next
 *fill*         0x000000000002758a        0x2 
 .text.UARTE0_UART0_IRQHandler
                0x000000000002758c        0xc Output/fpu_fft_s132_pca10040 Release/Obj/nrfx_prs.o
                0x000000000002758c                UARTE0_UART0_IRQHandler
 .text.startup.main
                0x0000000000027598      0x250 Output/fpu_fft_s132_pca10040 Release/Obj/main.o
                0x0000000000027598                main
 .text._GetAvailWriteSpace
                0x00000000000277e8       0x1c Output/fpu_fft_s132_pca10040 Release/Obj/SEGGER_RTT.o
 .text._WriteNoCheck
                0x0000000000027804       0x3c Output/fpu_fft_s132_pca10040 Release/Obj/SEGGER_RTT.o
 .text._WriteBlocking
                0x0000000000027840       0x52 Output/fpu_fft_s132_pca10040 Release/Obj/SEGGER_RTT.o
 *fill*         0x0000000000027892        0x2 
 .text._DoInit  0x0000000000027894       0x60 Output/fpu_fft_s132_pca10040 Release/Obj/SEGGER_RTT.o
 .text.SEGGER_RTT_WriteNoLock
                0x00000000000278f4       0x68 Output/fpu_fft_s132_pca10040 Release/Obj/SEGGER_RTT.o
                0x00000000000278f4                SEGGER_RTT_WriteNoLock
 .text.SEGGER_RTT_Init
                0x000000000002795c        0x4 Output/fpu_fft_s132_pca10040 Release/Obj/SEGGER_RTT.o
                0x000000000002795c                SEGGER_RTT_Init
 .text.nrf52_errata_57
                0x0000000000027960       0x2c Output/fpu_fft_s132_pca10040 Release/Obj/system_nrf52.o
 .text.nrf52_errata_136
                0x000000000002798c       0x1c Output/fpu_fft_s132_pca10040 Release/Obj/system_nrf52.o
 .text.SystemInit
                0x00000000000279a8      0x26c Output/fpu_fft_s132_pca10040 Release/Obj/system_nrf52.o
                0x00000000000279a8                SystemInit
 .text.nrf_sdh_evts_poll
                0x0000000000027c14       0x28 Output/fpu_fft_s132_pca10040 Release/Obj/nrf_sdh.o
                0x0000000000027c14                nrf_sdh_evts_poll
 .text.SWI2_EGU2_IRQHandler
                0x0000000000027c3c        0x4 Output/fpu_fft_s132_pca10040 Release/Obj/nrf_sdh.o
                0x0000000000027c3c                SWI2_EGU2_IRQHandler
 .text.sd_evt_get
                0x0000000000027c40        0x4 Output/fpu_fft_s132_pca10040 Release/Obj/nrf_sdh_soc.o
 .text.nrf_sdh_soc_evts_poll
                0x0000000000027c44       0x3c Output/fpu_fft_s132_pca10040 Release/Obj/nrf_sdh_soc.o
 .text.libc.__uint32_to_float64
                0x0000000000027c80       0x24 C:/Program Files/SEGGER/SEGGER Embedded Studio for ARM 3.34/lib/libm_v7em_fpv4_sp_d16_hard_t_le_eabi.a(libm_asm.o)
                0x0000000000027c80                __aeabi_ui2d
                0x0000000000027c80                __floatunsidf
                0x0000000000027c80                __uint32_to_float64
 .text.libc.__float64_to_uint32
                0x0000000000027ca4       0x2c C:/Program Files/SEGGER/SEGGER Embedded Studio for ARM 3.34/lib/libm_v7em_fpv4_sp_d16_hard_t_le_eabi.a(libm_asm.o)
                0x0000000000027ca4                __aeabi_d2uiz
                0x0000000000027ca4                __float64_to_uint32
                0x0000000000027ca4                __fixunsdfsi
 .text.libc.__float32_to_float64
                0x0000000000027cd0       0x38 C:/Program Files/SEGGER/SEGGER Embedded Studio for ARM 3.34/lib/libm_v7em_fpv4_sp_d16_hard_t_le_eabi.a(libm_asm.o)
                0x0000000000027cd0                __float32_to_float64
                0x0000000000027cd0                __aeabi_f2d
                0x0000000000027cd0                __extendsfdf2
 .text.libc.__float64_to_float32
                0x0000000000027d08       0x70 C:/Program Files/SEGGER/SEGGER Embedded Studio for ARM 3.34/lib/libm_v7em_fpv4_sp_d16_hard_t_le_eabi.a(libm_asm.o)
                0x0000000000027d08                __truncdfsf2
                0x0000000000027d08                __float64_to_float32
                0x0000000000027d08                __aeabi_d2f
 .text.libc.__float64_add
                0x0000000000027d78      0x294 C:/Program Files/SEGGER/SEGGER Embedded Studio for ARM 3.34/lib/libm_v7em_fpv4_sp_d16_hard_t_le_eabi.a(libm_asm.o)
                0x0000000000027d78                __aeabi_drsub
                0x0000000000027d80                __aeabi_dsub
                0x0000000000027d80                __float64_sub
                0x0000000000027d80                __subdf3
                0x0000000000027d84                __aeabi_dadd
                0x0000000000027d84                __float64_add
                0x0000000000027d84                __adddf3
 .text.libc.__float64_mul
                0x000000000002800c      0x16c C:/Program Files/SEGGER/SEGGER Embedded Studio for ARM 3.34/lib/libm_v7em_fpv4_sp_d16_hard_t_le_eabi.a(libm_asm.o)
                0x000000000002800c                __float64_mul
                0x000000000002800c                __muldf3
                0x000000000002800c                __aeabi_dmul
 .text.libc.__float64_cmplt
                0x0000000000028178       0x38 C:/Program Files/SEGGER/SEGGER Embedded Studio for ARM 3.34/lib/libm_v7em_fpv4_sp_d16_hard_t_le_eabi.a(libm_asm.o)
                0x0000000000028178                __aeabi_dcmplt
 .text.libc.__float64_cmpgt
                0x00000000000281b0       0x38 C:/Program Files/SEGGER/SEGGER Embedded Studio for ARM 3.34/lib/libm_v7em_fpv4_sp_d16_hard_t_le_eabi.a(libm_asm.o)
                0x00000000000281b0                __aeabi_dcmpgt
 .text.libc.sin
                0x00000000000281e8      0x1bc C:/Program Files/SEGGER/SEGGER Embedded Studio for ARM 3.34/lib/libm_v7em_fpv4_sp_d16_hard_t_le_eabi.a(libm2.o)
                0x00000000000281e8                sin
                0x00000000000281e8                sin(double)
 .text.libc.sqrtf
                0x00000000000283a4        0x8 C:/Program Files/SEGGER/SEGGER Embedded Studio for ARM 3.34/lib/libm_v7em_fpv4_sp_d16_hard_t_le_eabi.a(libm2_asm.o)
                0x00000000000283a4                sqrt(float)
                0x00000000000283a4                sqrtf
 .text.libc.__RAL_ascii_isctype
                0x00000000000283ac       0x1c C:/Program Files/SEGGER/SEGGER Embedded Studio for ARM 3.34/lib/libc_v7em_fpv4_sp_d16_hard_t_le_eabi.a(libc2.o)
 .text.libc.__RAL_ascii_toupper
                0x00000000000283c8        0xc C:/Program Files/SEGGER/SEGGER Embedded Studio for ARM 3.34/lib/libc_v7em_fpv4_sp_d16_hard_t_le_eabi.a(libc2.o)
 .text.libc.__RAL_ascii_tolower
                0x00000000000283d4        0xc C:/Program Files/SEGGER/SEGGER Embedded Studio for ARM 3.34/lib/libc_v7em_fpv4_sp_d16_hard_t_le_eabi.a(libc2.o)
 .text.libc.__RAL_ascii_iswctype
                0x00000000000283e0       0x1c C:/Program Files/SEGGER/SEGGER Embedded Studio for ARM 3.34/lib/libc_v7em_fpv4_sp_d16_hard_t_le_eabi.a(libc2.o)
 .text.libc.__RAL_ascii_towupper
                0x00000000000283fc        0xc C:/Program Files/SEGGER/SEGGER Embedded Studio for ARM 3.34/lib/libc_v7em_fpv4_sp_d16_hard_t_le_eabi.a(libc2.o)
 .text.libc.__RAL_ascii_towlower
                0x0000000000028408        0xc C:/Program Files/SEGGER/SEGGER Embedded Studio for ARM 3.34/lib/libc_v7em_fpv4_sp_d16_hard_t_le_eabi.a(libc2.o)
 .text.libc.__RAL_ascii_wctomb
                0x0000000000028414        0xe C:/Program Files/SEGGER/SEGGER Embedded Studio for ARM 3.34/lib/libc_v7em_fpv4_sp_d16_hard_t_le_eabi.a(libc2.o)
                0x0000000000028414                __RAL_ascii_wctomb
 .text.libc.__RAL_ascii_mbtowc
                0x0000000000028422       0x24 C:/Program Files/SEGGER/SEGGER Embedded Studio for ARM 3.34/lib/libc_v7em_fpv4_sp_d16_hard_t_le_eabi.a(libc2.o)
                0x0000000000028422                __RAL_ascii_mbtowc
 *fill*         0x0000000000028446        0x2 
 .text.libc.__RAL_isctype
                0x0000000000028448       0x14 C:/Program Files/SEGGER/SEGGER Embedded Studio for ARM 3.34/lib/libc_v7em_fpv4_sp_d16_hard_t_le_eabi.a(libc2.o)
                0x0000000000028448                __RAL_isctype
 .text.libc.isprint
                0x000000000002845c        0xa C:/Program Files/SEGGER/SEGGER Embedded Studio for ARM 3.34/lib/libc_v7em_fpv4_sp_d16_hard_t_le_eabi.a(libc2.o)
                0x000000000002845c                isprint
 *fill*         0x0000000000028466        0x2 
 .text.libc.rand
                0x0000000000028468       0x20 C:/Program Files/SEGGER/SEGGER Embedded Studio for ARM 3.34/lib/libc_v7em_fpv4_sp_d16_hard_t_le_eabi.a(libc2.o)
                0x0000000000028468                rand
 .text.libc.memcpy
                0x0000000000028488       0x54 C:/Program Files/SEGGER/SEGGER Embedded Studio for ARM 3.34/lib/libc_v7em_fpv4_sp_d16_hard_t_le_eabi.a(libc2_asm.o)
                0x0000000000028488                __aeabi_memcpy
                0x0000000000028488                memcpy
                0x0000000000028494                __aeabi_memcpy8
                0x0000000000028494                __aeabi_memcpy4
 .text.libc.strcpy
                0x00000000000284dc       0x44 C:/Program Files/SEGGER/SEGGER Embedded Studio for ARM 3.34/lib/libc_v7em_fpv4_sp_d16_hard_t_le_eabi.a(libc2_asm.o)
                0x00000000000284dc                strcpy
 .text.libc.strlen
                0x0000000000028520       0x60 C:/Program Files/SEGGER/SEGGER Embedded Studio for ARM 3.34/lib/libc_v7em_fpv4_sp_d16_hard_t_le_eabi.a(libc2_asm.o)
                0x0000000000028520                strlen
 .text.arm_max_f32
                0x0000000000028580       0xd8 ../../../../../../components/toolchain/cmsis/dsp/GCC/libarm_cortexM4lf_math.a(arm_max_f32.o)
                0x0000000000028580                arm_max_f32
 .text.arm_cfft_radix8by2_f32
                0x0000000000028658      0x1a0 ../../../../../../components/toolchain/cmsis/dsp/GCC/libarm_cortexM4lf_math.a(arm_cfft_f32.o)
                0x0000000000028658                arm_cfft_radix8by2_f32
 .text.arm_cfft_radix8by4_f32
                0x00000000000287f8      0x4ac ../../../../../../components/toolchain/cmsis/dsp/GCC/libarm_cortexM4lf_math.a(arm_cfft_f32.o)
                0x00000000000287f8                arm_cfft_radix8by4_f32
 .text.arm_cfft_f32
                0x0000000000028ca4       0xf0 ../../../../../../components/toolchain/cmsis/dsp/GCC/libarm_cortexM4lf_math.a(arm_cfft_f32.o)
                0x0000000000028ca4                arm_cfft_f32
 .text.arm_bitreversal_32
                0x0000000000028d94       0x40 ../../../../../../components/toolchain/cmsis/dsp/GCC/libarm_cortexM4lf_math.a(arm_bitreversal2.o)
                0x0000000000028d94                arm_bitreversal_32
 .text.arm_cmplx_mag_f32
                0x0000000000028dd4      0x248 ../../../../../../components/toolchain/cmsis/dsp/GCC/libarm_cortexM4lf_math.a(arm_cmplx_mag_f32.o)
                0x0000000000028dd4                arm_cmplx_mag_f32
 .text.arm_radix8_butterfly_f32
                0x000000000002901c      0x580 ../../../../../../components/toolchain/cmsis/dsp/GCC/libarm_cortexM4lf_math.a(arm_cfft_radix8_f32.o)
                0x000000000002901c                arm_radix8_butterfly_f32
                0x000000000002959c                __text_end__ = (__text_start__ + SIZEOF (.text))
                0x00000000000031c8                __text_size__ = SIZEOF (.text)
                0x000000000002959c                __text_load_end__ = __text_end__

.vfp11_veneer   0x0000000100000000        0x0
 .vfp11_veneer  0x0000000100000000        0x0 linker stubs

.v4_bx          0x0000000100000000        0x0
 .v4_bx         0x0000000100000000        0x0 linker stubs

.iplt           0x0000000100000000        0x0
 .iplt          0x0000000100000000        0x0 Output/fpu_fft_s132_pca10040 Release/Obj/thumb_crt0.o
                0x0000000000000001                . = ASSERT (((__text_start__ == __text_end__) || ((__text_end__ >= __FLASH_segment_start__) && (__text_end__ <= __FLASH_segment_end__))), error: .text is too large to fit in FLASH memory segment)
                0x000000000002959c                __sdh_soc_observers_load_start__ = ALIGN (__text_end__, 0x4)

.sdh_soc_observers
                0x000000000002959c        0x0
                0x000000000002959c                __sdh_soc_observers_start__ = .
                0x000000000002959c                __start_sdh_soc_observers = __sdh_soc_observers_start__
 *(SORT(.sdh_soc_observers*))
                0x000000000002959c                __sdh_soc_observers_end__ = (__sdh_soc_observers_start__ + SIZEOF (.sdh_soc_observers))
                0x0000000000000000                __sdh_soc_observers_size__ = SIZEOF (.sdh_soc_observers)
                0x000000000002959c                __stop_sdh_soc_observers = __sdh_soc_observers_end__
                0x000000000002959c                __sdh_soc_observers_load_end__ = __sdh_soc_observers_end__
                0x0000000000000001                . = ASSERT (((__sdh_soc_observers_start__ == __sdh_soc_observers_end__) || ((__sdh_soc_observers_end__ >= __FLASH_segment_start__) && (__sdh_soc_observers_end__ <= __FLASH_segment_end__))), error: .sdh_soc_observers is too large to fit in FLASH memory segment)
                0x000000000002959c                __sdh_req_observers_load_start__ = ALIGN (__sdh_soc_observers_end__, 0x4)

.sdh_req_observers
                0x000000000002959c        0x0
                0x000000000002959c                __sdh_req_observers_start__ = .
                0x000000000002959c                __start_sdh_req_observers = __sdh_req_observers_start__
 *(SORT(.sdh_req_observers*))
                0x000000000002959c                __sdh_req_observers_end__ = (__sdh_req_observers_start__ + SIZEOF (.sdh_req_observers))
                0x0000000000000000                __sdh_req_observers_size__ = SIZEOF (.sdh_req_observers)
                0x000000000002959c                __stop_sdh_req_observers = __sdh_req_observers_end__
                0x000000000002959c                __sdh_req_observers_load_end__ = __sdh_req_observers_end__
                0x0000000000000001                . = ASSERT (((__sdh_req_observers_start__ == __sdh_req_observers_end__) || ((__sdh_req_observers_end__ >= __FLASH_segment_start__) && (__sdh_req_observers_end__ <= __FLASH_segment_end__))), error: .sdh_req_observers is too large to fit in FLASH memory segment)
                0x000000000002959c                __sdh_state_observers_load_start__ = ALIGN (__sdh_req_observers_end__, 0x4)

.sdh_state_observers
                0x000000000002959c        0x0
                0x000000000002959c                __sdh_state_observers_start__ = .
                0x000000000002959c                __start_sdh_state_observers = __sdh_state_observers_start__
 *(SORT(.sdh_state_observers*))
                0x000000000002959c                __sdh_state_observers_end__ = (__sdh_state_observers_start__ + SIZEOF (.sdh_state_observers))
                0x0000000000000000                __sdh_state_observers_size__ = SIZEOF (.sdh_state_observers)
                0x000000000002959c                __stop_sdh_state_observers = __sdh_state_observers_end__
                0x000000000002959c                __sdh_state_observers_load_end__ = __sdh_state_observers_end__
                0x0000000000000001                . = ASSERT (((__sdh_state_observers_start__ == __sdh_state_observers_end__) || ((__sdh_state_observers_end__ >= __FLASH_segment_start__) && (__sdh_state_observers_end__ <= __FLASH_segment_end__))), error: .sdh_state_observers is too large to fit in FLASH memory segment)
                0x000000000002959c                __sdh_stack_observers_load_start__ = ALIGN (__sdh_state_observers_end__, 0x4)

.sdh_stack_observers
                0x000000000002959c        0x8
                0x000000000002959c                __sdh_stack_observers_start__ = .
                0x000000000002959c                __start_sdh_stack_observers = __sdh_stack_observers_start__
 *(SORT(.sdh_stack_observers*))
 .sdh_stack_observers0
                0x000000000002959c        0x8 Output/fpu_fft_s132_pca10040 Release/Obj/nrf_sdh_soc.o
                0x00000000000295a4                __sdh_stack_observers_end__ = (__sdh_stack_observers_start__ + SIZEOF (.sdh_stack_observers))
                0x0000000000000008                __sdh_stack_observers_size__ = SIZEOF (.sdh_stack_observers)
                0x00000000000295a4                __stop_sdh_stack_observers = __sdh_stack_observers_end__
                0x00000000000295a4                __sdh_stack_observers_load_end__ = __sdh_stack_observers_end__
                0x0000000000000001                . = ASSERT (((__sdh_stack_observers_start__ == __sdh_stack_observers_end__) || ((__sdh_stack_observers_end__ >= __FLASH_segment_start__) && (__sdh_stack_observers_end__ <= __FLASH_segment_end__))), error: .sdh_stack_observers is too large to fit in FLASH memory segment)
                0x00000000000295a4                __log_const_data_load_start__ = ALIGN (__sdh_stack_observers_end__, 0x4)

.log_const_data
                0x00000000000295a4       0x30
                0x00000000000295a4                __log_const_data_start__ = .
                0x00000000000295a4                __start_log_const_data = __log_const_data_start__
 *(SORT(.log_const_data*))
 .log_const_data_PRS
                0x00000000000295a4        0x8 Output/fpu_fft_s132_pca10040 Release/Obj/nrfx_prs.o
                0x00000000000295a4                m_nrf_log_PRS_logs_data_const
 .log_const_data_UART
                0x00000000000295ac        0x8 Output/fpu_fft_s132_pca10040 Release/Obj/nrfx_uart.o
                0x00000000000295ac                m_nrf_log_UART_logs_data_const
 .log_const_data_UARTE
                0x00000000000295b4        0x8 Output/fpu_fft_s132_pca10040 Release/Obj/nrfx_uarte.o
                0x00000000000295b4                m_nrf_log_UARTE_logs_data_const
 .log_const_data_app
                0x00000000000295bc        0x8 Output/fpu_fft_s132_pca10040 Release/Obj/nrf_log_frontend.o
                0x00000000000295bc                m_nrf_log_app_logs_data_const
 .log_const_data_nrf_sdh
                0x00000000000295c4        0x8 Output/fpu_fft_s132_pca10040 Release/Obj/nrf_sdh.o
                0x00000000000295c4                m_nrf_log_nrf_sdh_logs_data_const
 .log_const_data_nrf_sdh_soc
                0x00000000000295cc        0x8 Output/fpu_fft_s132_pca10040 Release/Obj/nrf_sdh_soc.o
                0x00000000000295cc                m_nrf_log_nrf_sdh_soc_logs_data_const
                0x00000000000295d4                __log_const_data_end__ = (__log_const_data_start__ + SIZEOF (.log_const_data))
                0x0000000000000030                __log_const_data_size__ = SIZEOF (.log_const_data)
                0x00000000000295d4                __stop_log_const_data = __log_const_data_end__
                0x00000000000295d4                __log_const_data_load_end__ = __log_const_data_end__
                0x0000000000000001                . = ASSERT (((__log_const_data_start__ == __log_const_data_end__) || ((__log_const_data_end__ >= __FLASH_segment_start__) && (__log_const_data_end__ <= __FLASH_segment_end__))), error: .log_const_data is too large to fit in FLASH memory segment)
                0x00000000000295d4                __log_backends_load_start__ = ALIGN (__log_const_data_end__, 0x4)

.log_backends   0x00000000000295d4       0x10
                0x00000000000295d4                __log_backends_start__ = .
                0x00000000000295d4                __start_log_backends = __log_backends_start__
 *(SORT(.log_backends*))
 .log_backends  0x00000000000295d4       0x10 Output/fpu_fft_s132_pca10040 Release/Obj/nrf_log_default_backends.o
                0x00000000000295e4                __log_backends_end__ = (__log_backends_start__ + SIZEOF (.log_backends))
                0x0000000000000010                __log_backends_size__ = SIZEOF (.log_backends)
                0x00000000000295e4                __stop_log_backends = __log_backends_end__
                0x00000000000295e4                __log_backends_load_end__ = __log_backends_end__
                0x0000000000000001                . = ASSERT (((__log_backends_start__ == __log_backends_end__) || ((__log_backends_end__ >= __FLASH_segment_start__) && (__log_backends_end__ <= __FLASH_segment_end__))), error: .log_backends is too large to fit in FLASH memory segment)
                0x00000000000295e4                __nrf_balloc_load_start__ = ALIGN (__log_backends_end__, 0x4)

.nrf_balloc     0x00000000000295e4       0x14
                0x00000000000295e4                __nrf_balloc_start__ = .
                0x00000000000295e4                __start_nrf_balloc = __nrf_balloc_start__
 *(.nrf_balloc*)
 .nrf_balloc    0x00000000000295e4       0x14 Output/fpu_fft_s132_pca10040 Release/Obj/nrf_log_frontend.o
                0x00000000000295e4                log_mempool
                0x00000000000295f8                __nrf_balloc_end__ = (__nrf_balloc_start__ + SIZEOF (.nrf_balloc))
                0x0000000000000014                __nrf_balloc_size__ = SIZEOF (.nrf_balloc)
                0x00000000000295f8                __stop_nrf_balloc = __nrf_balloc_end__
                0x00000000000295f8                __nrf_balloc_load_end__ = __nrf_balloc_end__
                0x0000000000000001                . = ASSERT (((__nrf_balloc_start__ == __nrf_balloc_end__) || ((__nrf_balloc_end__ >= __FLASH_segment_start__) && (__nrf_balloc_end__ <= __FLASH_segment_end__))), error: .nrf_balloc is too large to fit in FLASH memory segment)
                0x00000000000295f8                __nrf_sections_load_start__ = ALIGN (__nrf_balloc_end__, 0x4)

.nrf_sections   0x00000000000295f8        0x0
                0x00000000000295f8                __nrf_sections_start__ = .
                0x00000000000295f8                __start_nrf_sections = __nrf_sections_start__
 *(.nrf_sections .nrf_sections.*)
                0x00000000000295f8                __nrf_sections_end__ = (__nrf_sections_start__ + SIZEOF (.nrf_sections))
                0x0000000000000000                __nrf_sections_size__ = SIZEOF (.nrf_sections)
                0x00000000000295f8                __nrf_sections_load_end__ = __nrf_sections_end__
                0x0000000000000001                . = ASSERT (((__nrf_sections_start__ == __nrf_sections_end__) || ((__nrf_sections_end__ >= __FLASH_segment_start__) && (__nrf_sections_end__ <= __FLASH_segment_end__))), error: .nrf_sections is too large to fit in FLASH memory segment)
                0x00000000000295f8                __log_dynamic_data_load_start__ = ALIGN (__nrf_sections_end__, 0x4)

.log_dynamic_data
                0x0000000020005968        0x0 load address 0x00000000000295f8
                0x0000000020005968                __log_dynamic_data_start__ = .
 *(SORT(.log_dynamic_data*))
                0x0000000020005968                __log_dynamic_data_end__ = (__log_dynamic_data_start__ + SIZEOF (.log_dynamic_data))
                0x0000000000000000                __log_dynamic_data_size__ = SIZEOF (.log_dynamic_data)
                0x00000000000295f8                __log_dynamic_data_load_end__ = (__log_dynamic_data_load_start__ + SIZEOF (.log_dynamic_data))
                0x0000000000000001                . = ASSERT (((__log_dynamic_data_load_start__ == __log_dynamic_data_load_end__) || ((__log_dynamic_data_load_end__ >= __FLASH_segment_start__) && (__log_dynamic_data_load_end__ <= __FLASH_segment_end__))), error: .log_dynamic_data is too large to fit in FLASH memory segment)

.log_dynamic_data_run
                0x0000000020005968        0x0
                0x0000000020005968                __log_dynamic_data_run_start__ = .
                0x0000000020005968                __start_log_dynamic_data = __log_dynamic_data_run_start__
                0x0000000020005968                . = MAX ((__log_dynamic_data_run_start__ + SIZEOF (.log_dynamic_data)), .)
                0x0000000020005968                __log_dynamic_data_run_end__ = (__log_dynamic_data_run_start__ + SIZEOF (.log_dynamic_data_run))
                0x0000000000000000                __log_dynamic_data_run_size__ = SIZEOF (.log_dynamic_data_run)
                0x0000000020005968                __stop_log_dynamic_data = __log_dynamic_data_run_end__
                0x0000000020005968                __log_dynamic_data_run_load_end__ = __log_dynamic_data_run_end__
                0x0000000000000001                . = ASSERT (((__log_dynamic_data_run_start__ == __log_dynamic_data_run_end__) || ((__log_dynamic_data_run_end__ >= __RAM1_segment_start__) && (__log_dynamic_data_run_end__ <= __RAM1_segment_end__))), error: .log_dynamic_data_run is too large to fit in RAM1 memory segment)
                0x00000000000295f8                __log_filter_data_load_start__ = ALIGN ((__log_dynamic_data_load_start__ + SIZEOF (.log_dynamic_data)), 0x4)

.log_filter_data
                0x0000000020005968        0x0 load address 0x00000000000295f8
                0x0000000020005968                __log_filter_data_start__ = .
 *(SORT(.log_filter_data*))
                0x0000000020005968                __log_filter_data_end__ = (__log_filter_data_start__ + SIZEOF (.log_filter_data))
                0x0000000000000000                __log_filter_data_size__ = SIZEOF (.log_filter_data)
                0x00000000000295f8                __log_filter_data_load_end__ = (__log_filter_data_load_start__ + SIZEOF (.log_filter_data))
                0x0000000000000001                . = ASSERT (((__log_filter_data_load_start__ == __log_filter_data_load_end__) || ((__log_filter_data_load_end__ >= __FLASH_segment_start__) && (__log_filter_data_load_end__ <= __FLASH_segment_end__))), error: .log_filter_data is too large to fit in FLASH memory segment)

.log_filter_data_run
                0x0000000020005968        0x0
                0x0000000020005968                __log_filter_data_run_start__ = .
                0x0000000020005968                __start_log_filter_data = __log_filter_data_run_start__
                0x0000000020005968                . = MAX ((__log_filter_data_run_start__ + SIZEOF (.log_filter_data)), .)
                0x0000000020005968                __log_filter_data_run_end__ = (__log_filter_data_run_start__ + SIZEOF (.log_filter_data_run))
                0x0000000000000000                __log_filter_data_run_size__ = SIZEOF (.log_filter_data_run)
                0x0000000020005968                __stop_log_filter_data = __log_filter_data_run_end__
                0x0000000020005968                __log_filter_data_run_load_end__ = __log_filter_data_run_end__
                0x0000000000000001                . = ASSERT (((__log_filter_data_run_start__ == __log_filter_data_run_end__) || ((__log_filter_data_run_end__ >= __RAM1_segment_start__) && (__log_filter_data_run_end__ <= __RAM1_segment_end__))), error: .log_filter_data_run is too large to fit in RAM1 memory segment)
                0x0000000020005968                __nrf_sections_run_end_load_start__ = ALIGN (__log_filter_data_run_end__, 0x4)

.nrf_sections_run_end
                0x0000000020005968        0x0
                0x0000000020005968                __nrf_sections_run_end_start__ = .
                0x0000000020005968                __end_nrf_sections_run = __nrf_sections_run_end_start__
 *(.nrf_sections_run_end .nrf_sections_run_end.*)
                0x0000000020005968                __nrf_sections_run_end_end__ = (__nrf_sections_run_end_start__ + SIZEOF (.nrf_sections_run_end))
                0x0000000000000000                __nrf_sections_run_end_size__ = SIZEOF (.nrf_sections_run_end)
                0x0000000020005968                __nrf_sections_run_end_load_end__ = __nrf_sections_run_end_end__
                0x0000000000000001                . = ASSERT (((__nrf_sections_run_end_start__ == __nrf_sections_run_end_end__) || ((__nrf_sections_run_end_end__ >= __RAM1_segment_start__) && (__nrf_sections_run_end_end__ <= __RAM1_segment_end__))), error: .nrf_sections_run_end is too large to fit in RAM1 memory segment)
                0x00000000000295f8                __dtors_load_start__ = ALIGN ((__log_filter_data_load_start__ + SIZEOF (.log_filter_data)), 0x4)

.dtors          0x00000000000295f8        0x0
                0x00000000000295f8                __dtors_start__ = .
 *(SORT(.dtors.*))
 *(.dtors)
 *(.fini_array)
 *(SORT(.fini_array.*))
                0x00000000000295f8                __dtors_end__ = (__dtors_start__ + SIZEOF (.dtors))
                0x0000000000000000                __dtors_size__ = SIZEOF (.dtors)
                0x00000000000295f8                __dtors_load_end__ = __dtors_end__
                0x0000000000000001                . = ASSERT (((__dtors_start__ == __dtors_end__) || ((__dtors_end__ >= __FLASH_segment_start__) && (__dtors_end__ <= __FLASH_segment_end__))), error: .dtors is too large to fit in FLASH memory segment)
                0x00000000000295f8                __ctors_load_start__ = ALIGN (__dtors_end__, 0x4)

.ctors          0x00000000000295f8        0x0
                0x00000000000295f8                __ctors_start__ = .
 *(SORT(.ctors.*))
 *(.ctors)
 *(.init_array)
 *(SORT(.init_array.*))
                0x00000000000295f8                __ctors_end__ = (__ctors_start__ + SIZEOF (.ctors))
                0x0000000000000000                __ctors_size__ = SIZEOF (.ctors)
                0x00000000000295f8                __ctors_load_end__ = __ctors_end__
                0x0000000000000001                . = ASSERT (((__ctors_start__ == __ctors_end__) || ((__ctors_end__ >= __FLASH_segment_start__) && (__ctors_end__ <= __FLASH_segment_end__))), error: .ctors is too large to fit in FLASH memory segment)
                0x00000000000295f8                __rodata_load_start__ = ALIGN (__ctors_end__, 0x4)

.rodata         0x00000000000295f8      0x6e4
                0x00000000000295f8                __rodata_start__ = .
 *(.rodata .rodata.* .gnu.linkonce.r.*)
 *fill*         0x00000000000295f8        0x8 
 .rodata.delay_machine_code.8490
                0x0000000000029600        0x6 Output/fpu_fft_s132_pca10040 Release/Obj/nrf_log_backend_rtt.o
 *fill*         0x0000000000029606        0x2 
 .rodata.nrf_log_backend_rtt_api
                0x0000000000029608        0xc Output/fpu_fft_s132_pca10040 Release/Obj/nrf_log_backend_rtt.o
                0x0000000000029608                nrf_log_backend_rtt_api
 .rodata.str1.1
                0x0000000000029614       0x10 Output/fpu_fft_s132_pca10040 Release/Obj/nrf_log_default_backends.o
 .rodata.m_log_push_ringbuf
                0x0000000000029624        0xc Output/fpu_fft_s132_pca10040 Release/Obj/nrf_log_frontend.o
 .rodata.nrf_log_frontend_dequeue.str1.1
                0x0000000000029630       0x11 Output/fpu_fft_s132_pca10040 Release/Obj/nrf_log_frontend.o
 .rodata.str1.1
                0x0000000000029641        0x4 Output/fpu_fft_s132_pca10040 Release/Obj/nrf_log_frontend.o
 *fill*         0x0000000000029645        0x3 
 .rodata.m_colors
                0x0000000000029648       0x24 Output/fpu_fft_s132_pca10040 Release/Obj/nrf_log_str_formatter.o
 .rodata.nrf_log_hexdump_entry_process.str1.1
                0x000000000002966c        0xf Output/fpu_fft_s132_pca10040 Release/Obj/nrf_log_str_formatter.o
                                         0x11 (size before relaxing)
 .rodata.postfix_process.str1.1
                0x000000000002967b        0xf Output/fpu_fft_s132_pca10040 Release/Obj/nrf_log_str_formatter.o
                                          0x3 (size before relaxing)
 .rodata.prefix_process.str1.1
                0x000000000002967b       0x32 Output/fpu_fft_s132_pca10040 Release/Obj/nrf_log_str_formatter.o
 *fill*         0x00000000000296ad        0x3 
 .rodata.severity_names
                0x00000000000296b0       0x14 Output/fpu_fft_s132_pca10040 Release/Obj/nrf_log_str_formatter.o
 .rodata.str1.1
                0x00000000000296c4       0x4b Output/fpu_fft_s132_pca10040 Release/Obj/nrf_log_str_formatter.o
                                         0x51 (size before relaxing)
 .rodata.app_error_fault_handler.str1.1
                0x000000000002970f       0x19 Output/fpu_fft_s132_pca10040 Release/Obj/app_error_weak.o
 .rodata._aV2C.7426
                0x0000000000029728       0x10 Output/fpu_fft_s132_pca10040 Release/Obj/nrf_fprintf_format.o
 .rodata.str1.1
                0x0000000000029738        0x4 Output/fpu_fft_s132_pca10040 Release/Obj/nrfx_prs.o
 .rodata.str1.1
                0x000000000002973c        0x5 Output/fpu_fft_s132_pca10040 Release/Obj/nrfx_uart.o
 .rodata.str1.1
                0x0000000000029741        0x6 Output/fpu_fft_s132_pca10040 Release/Obj/nrfx_uarte.o
 *fill*         0x0000000000029747        0x9 
 .rodata.delay_machine_code.8044
                0x0000000000029750        0x6 Output/fpu_fft_s132_pca10040 Release/Obj/main.o
 .rodata.main.str1.1
                0x0000000000029756       0x7d Output/fpu_fft_s132_pca10040 Release/Obj/main.o
                                         0x82 (size before relaxing)
 .rodata._DoInit.str1.1
                0x00000000000297d3       0x14 Output/fpu_fft_s132_pca10040 Release/Obj/SEGGER_RTT.o
 .rodata.CSWTCH.13
                0x00000000000297e7        0x4 Output/fpu_fft_s132_pca10040 Release/Obj/system_nrf52.o
 .rodata.CSWTCH.15
                0x00000000000297eb        0x4 Output/fpu_fft_s132_pca10040 Release/Obj/system_nrf52.o
 *fill*         0x00000000000297ef        0x1 
 .rodata.sdh_stack_observers
                0x00000000000297f0        0xc Output/fpu_fft_s132_pca10040 Release/Obj/nrf_sdh.o
 .rodata.str1.1
                0x00000000000297fc        0x8 Output/fpu_fft_s132_pca10040 Release/Obj/nrf_sdh.o
 .rodata.sdh_soc_observers
                0x0000000000029804        0xc Output/fpu_fft_s132_pca10040 Release/Obj/nrf_sdh_soc.o
 .rodata.str1.1
                0x0000000000029810        0xc Output/fpu_fft_s132_pca10040 Release/Obj/nrf_sdh_soc.o
 .rodata.libc.__RAL_ascii_ctype_map
                0x000000000002981c       0x80 C:/Program Files/SEGGER/SEGGER Embedded Studio for ARM 3.34/lib/libc_v7em_fpv4_sp_d16_hard_t_le_eabi.a(libc2.o)
                0x000000000002981c                __RAL_ascii_ctype_map
 .rodata.libc.__RAL_ascii_ctype_mask
                0x000000000002989c        0xd C:/Program Files/SEGGER/SEGGER Embedded Studio for ARM 3.34/lib/libc_v7em_fpv4_sp_d16_hard_t_le_eabi.a(libc2.o)
 *fill*         0x00000000000298a9        0x3 
 .rodata.libc.__RAL_c_locale
                0x00000000000298ac        0xc C:/Program Files/SEGGER/SEGGER Embedded Studio for ARM 3.34/lib/libc_v7em_fpv4_sp_d16_hard_t_le_eabi.a(libc2.o)
                0x00000000000298ac                __RAL_c_locale
 .rodata.libc.__RAL_c_locale_abbrev_day_names
                0x00000000000298b8       0x1d C:/Program Files/SEGGER/SEGGER Embedded Studio for ARM 3.34/lib/libc_v7em_fpv4_sp_d16_hard_t_le_eabi.a(libc2.o)
                0x00000000000298b8                __RAL_c_locale_abbrev_day_names
 *fill*         0x00000000000298d5        0x3 
 .rodata.libc.__RAL_c_locale_abbrev_month_names
                0x00000000000298d8       0x31 C:/Program Files/SEGGER/SEGGER Embedded Studio for ARM 3.34/lib/libc_v7em_fpv4_sp_d16_hard_t_le_eabi.a(libc2.o)
                0x00000000000298d8                __RAL_c_locale_abbrev_month_names
 *fill*         0x0000000000029909        0x3 
 .rodata.libc.__RAL_c_locale_am_pm_indicator
                0x000000000002990c        0x7 C:/Program Files/SEGGER/SEGGER Embedded Studio for ARM 3.34/lib/libc_v7em_fpv4_sp_d16_hard_t_le_eabi.a(libc2.o)
                0x000000000002990c                __RAL_c_locale_am_pm_indicator
 *fill*         0x0000000000029913        0x1 
 .rodata.libc.__RAL_c_locale_data
                0x0000000000029914       0x58 C:/Program Files/SEGGER/SEGGER Embedded Studio for ARM 3.34/lib/libc_v7em_fpv4_sp_d16_hard_t_le_eabi.a(libc2.o)
                0x0000000000029914                __RAL_c_locale_data
 .rodata.libc.__RAL_c_locale_date_format
                0x000000000002996c        0x9 C:/Program Files/SEGGER/SEGGER Embedded Studio for ARM 3.34/lib/libc_v7em_fpv4_sp_d16_hard_t_le_eabi.a(libc2.o)
                0x000000000002996c                __RAL_c_locale_date_format
 *fill*         0x0000000000029975        0x3 
 .rodata.libc.__RAL_c_locale_date_time_format
                0x0000000000029978        0xf C:/Program Files/SEGGER/SEGGER Embedded Studio for ARM 3.34/lib/libc_v7em_fpv4_sp_d16_hard_t_le_eabi.a(libc2.o)
                0x0000000000029978                __RAL_c_locale_date_time_format
 *fill*         0x0000000000029987        0x1 
 .rodata.libc.__RAL_c_locale_day_names
                0x0000000000029988       0x3a C:/Program Files/SEGGER/SEGGER Embedded Studio for ARM 3.34/lib/libc_v7em_fpv4_sp_d16_hard_t_le_eabi.a(libc2.o)
                0x0000000000029988                __RAL_c_locale_day_names
 *fill*         0x00000000000299c2        0x2 
 .rodata.libc.__RAL_c_locale_month_names
                0x00000000000299c4       0x57 C:/Program Files/SEGGER/SEGGER Embedded Studio for ARM 3.34/lib/libc_v7em_fpv4_sp_d16_hard_t_le_eabi.a(libc2.o)
                0x00000000000299c4                __RAL_c_locale_month_names
 *fill*         0x0000000000029a1b        0x1 
 .rodata.libc.__RAL_c_locale_time_format
                0x0000000000029a1c        0x9 C:/Program Files/SEGGER/SEGGER Embedded Studio for ARM 3.34/lib/libc_v7em_fpv4_sp_d16_hard_t_le_eabi.a(libc2.o)
                0x0000000000029a1c                __RAL_c_locale_time_format
 *fill*         0x0000000000029a25        0x3 
 .rodata.libc.__RAL_codeset_ascii
                0x0000000000029a28       0x20 C:/Program Files/SEGGER/SEGGER Embedded Studio for ARM 3.34/lib/libc_v7em_fpv4_sp_d16_hard_t_le_eabi.a(libc2.o)
                0x0000000000029a28                __RAL_codeset_ascii
 .rodata.libc.__RAL_data_empty_string
                0x0000000000029a48        0x1 C:/Program Files/SEGGER/SEGGER Embedded Studio for ARM 3.34/lib/libc_v7em_fpv4_sp_d16_hard_t_le_eabi.a(libc2.o)
                0x0000000000029a48                __RAL_data_empty_string
 *fill*         0x0000000000029a49        0x3 
 .rodata.libc.__RAL_data_utf8_period
                0x0000000000029a4c        0x2 C:/Program Files/SEGGER/SEGGER Embedded Studio for ARM 3.34/lib/libc_v7em_fpv4_sp_d16_hard_t_le_eabi.a(libc2.o)
                0x0000000000029a4c                __RAL_data_utf8_period
 *fill*         0x0000000000029a4e        0x2 
 .rodata.libc.__RAL_find_locale.str1.4
                0x0000000000029a50        0xc C:/Program Files/SEGGER/SEGGER Embedded Studio for ARM 3.34/lib/libc_v7em_fpv4_sp_d16_hard_t_le_eabi.a(libc2.o)
                                          0xa (size before relaxing)
 .rodata.arm_cfft_sR_f32_len64
                0x0000000000029a5c       0x10 ../../../../../../components/toolchain/cmsis/dsp/GCC/libarm_cortexM4lf_math.a(arm_const_structs.o)
                0x0000000000029a5c                arm_cfft_sR_f32_len64
 .rodata.armBitRevIndexTable64
                0x0000000000029a6c       0x70 ../../../../../../components/toolchain/cmsis/dsp/GCC/libarm_cortexM4lf_math.a(arm_common_tables.o)
                0x0000000000029a6c                armBitRevIndexTable64
 .rodata.twiddleCoef_64
                0x0000000000029adc      0x200 ../../../../../../components/toolchain/cmsis/dsp/GCC/libarm_cortexM4lf_math.a(arm_common_tables.o)
                0x0000000000029adc                twiddleCoef_64
                0x0000000000029cdc                __rodata_end__ = (__rodata_start__ + SIZEOF (.rodata))
                0x00000000000006e4                __rodata_size__ = SIZEOF (.rodata)
                0x0000000000029cdc                __rodata_load_end__ = __rodata_end__

.rel.dyn        0x0000000000029cdc        0x0
 .rel.iplt      0x0000000000029cdc        0x0 Output/fpu_fft_s132_pca10040 Release/Obj/thumb_crt0.o
                0x0000000000000001                . = ASSERT (((__rodata_start__ == __rodata_end__) || ((__rodata_end__ >= __FLASH_segment_start__) && (__rodata_end__ <= __FLASH_segment_end__))), error: .rodata is too large to fit in FLASH memory segment)
                0x0000000000029cdc                __ARM.exidx_load_start__ = ALIGN (__rodata_end__, 0x4)

.ARM.exidx      0x0000000000029cdc        0x0
                0x0000000000029cdc                __ARM.exidx_start__ = .
                0x0000000000029cdc                __exidx_start = __ARM.exidx_start__
 *(.ARM.exidx .ARM.exidx.*)
                0x0000000000029cdc                __ARM.exidx_end__ = (__ARM.exidx_start__ + SIZEOF (.ARM.exidx))
                0x0000000000000000                __ARM.exidx_size__ = SIZEOF (.ARM.exidx)
                0x0000000000029cdc                __exidx_end = __ARM.exidx_end__
                0x0000000000029cdc                __ARM.exidx_load_end__ = __ARM.exidx_end__
                0x0000000000000001                . = ASSERT (((__ARM.exidx_start__ == __ARM.exidx_end__) || ((__ARM.exidx_end__ >= __FLASH_segment_start__) && (__ARM.exidx_end__ <= __FLASH_segment_end__))), error: .ARM.exidx is too large to fit in FLASH memory segment)
                0x0000000000029cdc                __fast_load_start__ = ALIGN (__ARM.exidx_end__, 0x4)

.fast           0x0000000020005968        0x0 load address 0x0000000000029cdc
                0x0000000020005968                __fast_start__ = .
 *(.fast .fast.*)
                0x0000000020005968                __fast_end__ = (__fast_start__ + SIZEOF (.fast))
                0x0000000000000000                __fast_size__ = SIZEOF (.fast)
                0x0000000000029cdc                __fast_load_end__ = (__fast_load_start__ + SIZEOF (.fast))
                0x0000000000000001                . = ASSERT (((__fast_load_start__ == __fast_load_end__) || ((__fast_load_end__ >= __FLASH_segment_start__) && (__fast_load_end__ <= __FLASH_segment_end__))), error: .fast is too large to fit in FLASH memory segment)

.fast_run       0x0000000020005968        0x0
                0x0000000020005968                __fast_run_start__ = .
                0x0000000020005968                . = MAX ((__fast_run_start__ + SIZEOF (.fast)), .)
                0x0000000020005968                __fast_run_end__ = (__fast_run_start__ + SIZEOF (.fast_run))
                0x0000000000000000                __fast_run_size__ = SIZEOF (.fast_run)
                0x0000000020005968                __fast_run_load_end__ = __fast_run_end__
                0x0000000000000001                . = ASSERT (((__fast_run_start__ == __fast_run_end__) || ((__fast_run_end__ >= __RAM1_segment_start__) && (__fast_run_end__ <= __RAM1_segment_end__))), error: .fast_run is too large to fit in RAM1 memory segment)
                0x0000000000029cdc                __data_load_start__ = ALIGN ((__fast_load_start__ + SIZEOF (.fast)), 0x4)

.data           0x0000000020005968       0x24 load address 0x0000000000029cdc
                0x0000000020005968                __data_start__ = .
 *(.data .data.* .gnu.linkonce.d.*)
 .data.log_backend_cb_rtt_log_backend
                0x0000000020005968        0x8 Output/fpu_fft_s132_pca10040 Release/Obj/nrf_log_default_backends.o
 .data.SystemCoreClock
                0x0000000020005970        0x4 Output/fpu_fft_s132_pca10040 Release/Obj/system_nrf52.o
                0x0000000020005970                SystemCoreClock
 .data.libc.__RAL_global_locale
                0x0000000020005974       0x14 C:/Program Files/SEGGER/SEGGER Embedded Studio for ARM 3.34/lib/libc_v7em_fpv4_sp_d16_hard_t_le_eabi.a(libc2.o)
                0x0000000020005974                __RAL_global_locale
 .data.libc.__RAL_rand_next
                0x0000000020005988        0x4 C:/Program Files/SEGGER/SEGGER Embedded Studio for ARM 3.34/lib/libc_v7em_fpv4_sp_d16_hard_t_le_eabi.a(libc2.o)
                0x0000000020005988                __RAL_rand_next
                0x000000002000598c                __data_end__ = (__data_start__ + SIZEOF (.data))
                0x0000000000000024                __data_size__ = SIZEOF (.data)
                0x0000000000029d00                __data_load_end__ = (__data_load_start__ + SIZEOF (.data))

.igot.plt       0x0000000100000000        0x0
 .igot.plt      0x0000000100000000        0x0 Output/fpu_fft_s132_pca10040 Release/Obj/thumb_crt0.o
                0x0000000000000001                . = ASSERT (((__data_load_start__ == __data_load_end__) || ((__data_load_end__ >= __FLASH_segment_start__) && (__data_load_end__ <= __FLASH_segment_end__))), error: .data is too large to fit in FLASH memory segment)

.data_run       0x0000000020005968       0x24 load address 0x0000000000029cdc
                0x0000000020005968                __data_run_start__ = .
                0x000000002000598c                . = MAX ((__data_run_start__ + SIZEOF (.data)), .)
 *fill*         0x0000000020005968       0x24 
                0x000000002000598c                __data_run_end__ = (__data_run_start__ + SIZEOF (.data_run))
                0x0000000000000024                __data_run_size__ = SIZEOF (.data_run)
                0x000000002000598c                __data_run_load_end__ = __data_run_end__
                0x0000000000000001                . = ASSERT (((__data_run_start__ == __data_run_end__) || ((__data_run_end__ >= __RAM1_segment_start__) && (__data_run_end__ <= __RAM1_segment_end__))), error: .data_run is too large to fit in RAM1 memory segment)
                0x0000000000029d00                __tdata_load_start__ = ALIGN ((__data_load_start__ + SIZEOF (.data)), 0x4)

.tdata          0x000000002000598c        0x0 load address 0x0000000000029d00
                0x000000002000598c                __tdata_start__ = .
 *(.tdata .tdata.*)
                0x000000002000598c                __tdata_end__ = (__tdata_start__ + SIZEOF (.tdata))
                0x0000000000000000                __tdata_size__ = SIZEOF (.tdata)
                0x0000000000029d00                __tdata_load_end__ = (__tdata_load_start__ + SIZEOF (.tdata))
                0x0000000000029d00                __FLASH_segment_used_end__ = (ALIGN ((__data_load_start__ + SIZEOF (.data)), 0x4) + SIZEOF (.tdata))
                0x0000000000029d00                __FLASH_segment_used_size__ = (__FLASH_segment_used_end__ - __FLASH_segment_start__)
                0x0000000000000001                . = ASSERT (((__tdata_load_start__ == __tdata_load_end__) || ((__tdata_load_end__ >= __FLASH_segment_start__) && (__tdata_load_end__ <= __FLASH_segment_end__))), error: .tdata is too large to fit in FLASH memory segment)

.tdata_run      0x000000002000598c        0x0
                0x000000002000598c                __tdata_run_start__ = .
                0x000000002000598c                . = MAX ((__tdata_run_start__ + SIZEOF (.tdata)), .)
                0x000000002000598c                __tdata_run_end__ = (__tdata_run_start__ + SIZEOF (.tdata_run))
                0x0000000000000000                __tdata_run_size__ = SIZEOF (.tdata_run)
                0x000000002000598c                __tdata_run_load_end__ = __tdata_run_end__
                0x0000000000000001                . = ASSERT (((__tdata_run_start__ == __tdata_run_end__) || ((__tdata_run_end__ >= __RAM1_segment_start__) && (__tdata_run_end__ <= __RAM1_segment_end__))), error: .tdata_run is too large to fit in RAM1 memory segment)
                0x000000002000598c                __bss_load_start__ = ALIGN (__tdata_run_end__, 0x4)

.bss            0x000000002000598c      0xb68
                0x000000002000598c                __bss_start__ = .
 *(.bss .bss.* .gnu.linkonce.b.*)
 .bss.m_host_present
                0x000000002000598c        0x1 Output/fpu_fft_s132_pca10040 Release/Obj/nrf_log_backend_rtt.o
 .bss.m_string_buff
                0x000000002000598d       0x40 Output/fpu_fft_s132_pca10040 Release/Obj/nrf_log_backend_rtt.o
 *fill*         0x00000000200059cd        0x3 
 .bss.log_mempool_nrf_balloc_cb
                0x00000000200059d0        0x8 Output/fpu_fft_s132_pca10040 Release/Obj/nrf_log_frontend.o
 .bss.log_mempool_nrf_balloc_pool_mem
                0x00000000200059d8       0xc0 Output/fpu_fft_s132_pca10040 Release/Obj/nrf_log_frontend.o
 .bss.log_mempool_nrf_balloc_pool_stack
                0x0000000020005a98        0x8 Output/fpu_fft_s132_pca10040 Release/Obj/nrf_log_frontend.o
 .bss.m_log_data
                0x0000000020005aa0      0x420 Output/fpu_fft_s132_pca10040 Release/Obj/nrf_log_frontend.o
 .bss.m_log_push_ringbuf_buf
                0x0000000020005ec0       0x80 Output/fpu_fft_s132_pca10040 Release/Obj/nrf_log_frontend.o
 .bss.m_log_push_ringbuf_cb
                0x0000000020005f40       0x18 Output/fpu_fft_s132_pca10040 Release/Obj/nrf_log_frontend.o
 .bss.nrf_nvic_state
                0x0000000020005f58        0xc Output/fpu_fft_s132_pca10040 Release/Obj/app_util_platform.o
                0x0000000020005f58                nrf_nvic_state
 .bss.m_prs_box_4
                0x0000000020005f64        0x8 Output/fpu_fft_s132_pca10040 Release/Obj/nrfx_prs.o
 .bss.m_fft_input_f32
                0x0000000020005f6c      0x200 Output/fpu_fft_s132_pca10040 Release/Obj/main.o
 .bss.m_fft_output_f32
                0x000000002000616c      0x100 Output/fpu_fft_s132_pca10040 Release/Obj/main.o
 .bss._SEGGER_RTT
                0x000000002000626c       0x78 Output/fpu_fft_s132_pca10040 Release/Obj/SEGGER_RTT.o
                0x000000002000626c                _SEGGER_RTT
 .bss._acDownBuffer
                0x00000000200062e4       0x10 Output/fpu_fft_s132_pca10040 Release/Obj/SEGGER_RTT.o
 .bss._acUpBuffer
                0x00000000200062f4      0x200 Output/fpu_fft_s132_pca10040 Release/Obj/SEGGER_RTT.o
 *(COMMON)
                0x00000000200064f4                __bss_end__ = (__bss_start__ + SIZEOF (.bss))
                0x0000000000000b68                __bss_size__ = SIZEOF (.bss)
                0x00000000200064f4                __bss_load_end__ = __bss_end__
                0x0000000000000001                . = ASSERT (((__bss_start__ == __bss_end__) || ((__bss_end__ >= __RAM1_segment_start__) && (__bss_end__ <= __RAM1_segment_end__))), error: .bss is too large to fit in RAM1 memory segment)
                0x00000000200064f4                __tbss_load_start__ = ALIGN (__bss_end__, 0x4)

.tbss           0x00000000200064f4        0x0
                0x00000000200064f4                __tbss_start__ = .
 *(.tbss .tbss.*)
                0x00000000200064f4                __tbss_end__ = (__tbss_start__ + SIZEOF (.tbss))
                0x0000000000000000                __tbss_size__ = SIZEOF (.tbss)
                0x00000000200064f4                __tbss_load_end__ = __tbss_end__
                0x0000000000000001                . = ASSERT (((__tbss_start__ == __tbss_end__) || ((__tbss_end__ >= __RAM1_segment_start__) && (__tbss_end__ <= __RAM1_segment_end__))), error: .tbss is too large to fit in RAM1 memory segment)
                0x00000000200064f4                __non_init_load_start__ = ALIGN (__tbss_end__, 0x4)

.non_init       0x00000000200064f4        0x0
                0x00000000200064f4                __non_init_start__ = .
 *(.non_init .non_init.*)
                0x00000000200064f4                __non_init_end__ = (__non_init_start__ + SIZEOF (.non_init))
                0x0000000000000000                __non_init_size__ = SIZEOF (.non_init)
                0x00000000200064f4                __non_init_load_end__ = __non_init_end__
                0x0000000000000001                . = ASSERT (((__non_init_start__ == __non_init_end__) || ((__non_init_end__ >= __RAM1_segment_start__) && (__non_init_end__ <= __RAM1_segment_end__))), error: .non_init is too large to fit in RAM1 memory segment)
                0x00000000200064f4                __heap_load_start__ = ALIGN (__non_init_end__, 0x4)

.heap           0x00000000200064f4     0x2000
                0x00000000200064f4                __heap_start__ = .
 *(.heap .heap.*)
                0x00000000200084f4                . = ALIGN (MAX ((__heap_start__ + __HEAPSIZE__), .), 0x4)
 *fill*         0x00000000200064f4     0x2000 
                0x00000000200084f4                __heap_end__ = (__heap_start__ + SIZEOF (.heap))
                0x0000000000002000                __heap_size__ = SIZEOF (.heap)
                0x00000000200084f4                __heap_load_end__ = __heap_end__
                0x0000000000000001                . = ASSERT (((__heap_start__ == __heap_end__) || ((__heap_end__ >= __RAM1_segment_start__) && (__heap_end__ <= __RAM1_segment_end__))), error: .heap is too large to fit in RAM1 memory segment)
                0x000000002000e000                __stack_load_start__ = (__RAM1_segment_end__ - 0x2000)

.stack          0x000000002000e000     0x2000
                0x000000002000e000                __stack_start__ = .
                0x000000002000e000                __StackLimit = __stack_start__
 *(.stack .stack.*)
                0x0000000020010000                . = ALIGN (MAX ((__stack_start__ + __STACKSIZE__), .), 0x8)
 *fill*         0x000000002000e000     0x2000 
                0x0000000020010000                __stack_end__ = (__stack_start__ + SIZEOF (.stack))
                0x0000000000002000                __stack_size__ = SIZEOF (.stack)
                0x0000000020010000                __StackTop = __stack_end__
                0x0000000020010000                __stack_load_end__ = __stack_end__
                0x0000000000000001                . = ASSERT (((__stack_start__ == __stack_end__) || ((__stack_end__ >= __RAM1_segment_start__) && (__stack_end__ <= __RAM1_segment_end__))), error: .stack is too large to fit in RAM1 memory segment)
                0x0000000000000001                . = ASSERT ((__heap_end__ <= __stack_start__), error: section .heap overlaps absolute placed section .stack)
                0x0000000020010000                __stack_process_load_start__ = ALIGN (__stack_end__, 0x8)

.stack_process  0x0000000020010000        0x0
                0x0000000020010000                __stack_process_start__ = .
 *(.stack_process .stack_process.*)
                0x0000000020010000                . = ALIGN (MAX ((__stack_process_start__ + __STACKSIZE_PROCESS__), .), 0x8)
                0x0000000020010000                __stack_process_end__ = (__stack_process_start__ + SIZEOF (.stack_process))
                0x0000000000000000                __stack_process_size__ = SIZEOF (.stack_process)
                0x0000000020010000                __stack_process_load_end__ = __stack_process_end__
                0x0000000020010000                __RAM1_segment_used_end__ = (ALIGN (__stack_end__, 0x8) + SIZEOF (.stack_process))
                0x0000000000010000                __RAM1_segment_used_size__ = (__RAM1_segment_used_end__ - __RAM1_segment_start__)
                0x0000000000000001                . = ASSERT (((__stack_process_start__ == __stack_process_end__) || ((__stack_process_end__ >= __RAM1_segment_start__) && (__stack_process_end__ <= __RAM1_segment_end__))), error: .stack_process is too large to fit in RAM1 memory segment)
START GROUP
LOAD Output/fpu_fft_s132_pca10040 Release/Obj/thumb_crt0.o
LOAD Output/fpu_fft_s132_pca10040 Release/Obj/nrf_log_backend_rtt.o
LOAD Output/fpu_fft_s132_pca10040 Release/Obj/nrf_log_backend_serial.o
LOAD Output/fpu_fft_s132_pca10040 Release/Obj/nrf_log_backend_uart.o
LOAD Output/fpu_fft_s132_pca10040 Release/Obj/nrf_log_default_backends.o
LOAD Output/fpu_fft_s132_pca10040 Release/Obj/nrf_log_frontend.o
LOAD Output/fpu_fft_s132_pca10040 Release/Obj/nrf_log_str_formatter.o
LOAD Output/fpu_fft_s132_pca10040 Release/Obj/boards.o
LOAD ../../../../../../components/toolchain/cmsis/dsp/GCC/libarm_cortexM4lf_math.a
LOAD Output/fpu_fft_s132_pca10040 Release/Obj/app_error.o
LOAD Output/fpu_fft_s132_pca10040 Release/Obj/app_error_handler_gcc.o
LOAD Output/fpu_fft_s132_pca10040 Release/Obj/app_error_weak.o
LOAD Output/fpu_fft_s132_pca10040 Release/Obj/app_util_platform.o
LOAD Output/fpu_fft_s132_pca10040 Release/Obj/nrf_assert.o
LOAD Output/fpu_fft_s132_pca10040 Release/Obj/nrf_atomic.o
LOAD Output/fpu_fft_s132_pca10040 Release/Obj/nrf_balloc.o
LOAD Output/fpu_fft_s132_pca10040 Release/Obj/nrf_fprintf.o
LOAD Output/fpu_fft_s132_pca10040 Release/Obj/nrf_fprintf_format.o
LOAD Output/fpu_fft_s132_pca10040 Release/Obj/nrf_memobj.o
LOAD Output/fpu_fft_s132_pca10040 Release/Obj/nrf_ringbuf.o
LOAD Output/fpu_fft_s132_pca10040 Release/Obj/nrf_section_iter.o
LOAD Output/fpu_fft_s132_pca10040 Release/Obj/nrf_strerror.o
LOAD Output/fpu_fft_s132_pca10040 Release/Obj/nrf_drv_uart.o
LOAD Output/fpu_fft_s132_pca10040 Release/Obj/nrfx_atomic.o
LOAD Output/fpu_fft_s132_pca10040 Release/Obj/nrfx_prs.o
LOAD Output/fpu_fft_s132_pca10040 Release/Obj/nrfx_uart.o
LOAD Output/fpu_fft_s132_pca10040 Release/Obj/nrfx_uarte.o
LOAD Output/fpu_fft_s132_pca10040 Release/Obj/main.o
LOAD Output/fpu_fft_s132_pca10040 Release/Obj/SEGGER_RTT.o
LOAD Output/fpu_fft_s132_pca10040 Release/Obj/SEGGER_RTT_Syscalls_SES.o
LOAD Output/fpu_fft_s132_pca10040 Release/Obj/SEGGER_RTT_printf.o
LOAD Output/fpu_fft_s132_pca10040 Release/Obj/ses_startup_nrf52.o
LOAD Output/fpu_fft_s132_pca10040 Release/Obj/ses_startup_nrf_common.o
LOAD Output/fpu_fft_s132_pca10040 Release/Obj/system_nrf52.o
LOAD Output/fpu_fft_s132_pca10040 Release/Obj/nrf_sdh.o
LOAD Output/fpu_fft_s132_pca10040 Release/Obj/nrf_sdh_soc.o
LOAD C:/Program Files/SEGGER/SEGGER Embedded Studio for ARM 3.34/lib/libdebugio_mempoll_v7em_fpv4_sp_d16_hard_t_le_eabi.a
LOAD C:/Program Files/SEGGER/SEGGER Embedded Studio for ARM 3.34/lib/libm_v7em_fpv4_sp_d16_hard_t_le_eabi.a
LOAD C:/Program Files/SEGGER/SEGGER Embedded Studio for ARM 3.34/lib/libc_v7em_fpv4_sp_d16_hard_t_le_eabi.a
LOAD C:/Program Files/SEGGER/SEGGER Embedded Studio for ARM 3.34/lib/libcpp_v7em_fpv4_sp_d16_hard_t_le_eabi.a
LOAD C:/Program Files/SEGGER/SEGGER Embedded Studio for ARM 3.34/lib/libdebugio_v7em_fpv4_sp_d16_hard_t_le_eabi.a
LOAD C:/Program Files/SEGGER/SEGGER Embedded Studio for ARM 3.34/lib/libvfprintf_v7em_fpv4_sp_d16_hard_t_le_eabi.o
LOAD C:/Program Files/SEGGER/SEGGER Embedded Studio for ARM 3.34/lib/libvfscanf_v7em_fpv4_sp_d16_hard_t_le_eabi.o
END GROUP
OUTPUT(Output/Release/Exe/fpu_fft_s132_pca10040.elf elf32-littlearm)

.ARM.attributes
                0x0000000000000000       0x35
 .ARM.attributes
                0x0000000000000000       0x25 Output/fpu_fft_s132_pca10040 Release/Obj/thumb_crt0.o
 .ARM.attributes
                0x0000000000000025       0x39 Output/fpu_fft_s132_pca10040 Release/Obj/nrf_log_backend_rtt.o
 .ARM.attributes
                0x000000000000005e       0x39 Output/fpu_fft_s132_pca10040 Release/Obj/nrf_log_backend_serial.o
 .ARM.attributes
                0x0000000000000097       0x39 Output/fpu_fft_s132_pca10040 Release/Obj/nrf_log_default_backends.o
 .ARM.attributes
                0x00000000000000d0       0x39 Output/fpu_fft_s132_pca10040 Release/Obj/nrf_log_frontend.o
 .ARM.attributes
                0x0000000000000109       0x39 Output/fpu_fft_s132_pca10040 Release/Obj/nrf_log_str_formatter.o
 .ARM.attributes
                0x0000000000000142       0x39 Output/fpu_fft_s132_pca10040 Release/Obj/app_error.o
 .ARM.attributes
                0x000000000000017b       0x39 Output/fpu_fft_s132_pca10040 Release/Obj/app_error_weak.o
 .ARM.attributes
                0x00000000000001b4       0x39 Output/fpu_fft_s132_pca10040 Release/Obj/app_util_platform.o
 .ARM.attributes
                0x00000000000001ed       0x39 Output/fpu_fft_s132_pca10040 Release/Obj/nrf_atomic.o
 .ARM.attributes
                0x0000000000000226       0x39 Output/fpu_fft_s132_pca10040 Release/Obj/nrf_balloc.o
 .ARM.attributes
                0x000000000000025f       0x39 Output/fpu_fft_s132_pca10040 Release/Obj/nrf_fprintf.o
 .ARM.attributes
                0x0000000000000298       0x39 Output/fpu_fft_s132_pca10040 Release/Obj/nrf_fprintf_format.o
 .ARM.attributes
                0x00000000000002d1       0x39 Output/fpu_fft_s132_pca10040 Release/Obj/nrf_memobj.o
 .ARM.attributes
                0x000000000000030a       0x39 Output/fpu_fft_s132_pca10040 Release/Obj/nrf_ringbuf.o
 .ARM.attributes
                0x0000000000000343       0x39 Output/fpu_fft_s132_pca10040 Release/Obj/nrf_section_iter.o
 .ARM.attributes
                0x000000000000037c       0x39 Output/fpu_fft_s132_pca10040 Release/Obj/nrfx_prs.o
 .ARM.attributes
                0x00000000000003b5       0x39 Output/fpu_fft_s132_pca10040 Release/Obj/nrfx_uart.o
 .ARM.attributes
                0x00000000000003ee       0x39 Output/fpu_fft_s132_pca10040 Release/Obj/nrfx_uarte.o
 .ARM.attributes
                0x0000000000000427       0x39 Output/fpu_fft_s132_pca10040 Release/Obj/main.o
 .ARM.attributes
                0x0000000000000460       0x39 Output/fpu_fft_s132_pca10040 Release/Obj/SEGGER_RTT.o
 .ARM.attributes
                0x0000000000000499       0x25 Output/fpu_fft_s132_pca10040 Release/Obj/ses_startup_nrf52.o
 .ARM.attributes
                0x00000000000004be       0x25 Output/fpu_fft_s132_pca10040 Release/Obj/ses_startup_nrf_common.o
 .ARM.attributes
                0x00000000000004e3       0x39 Output/fpu_fft_s132_pca10040 Release/Obj/system_nrf52.o
 .ARM.attributes
                0x000000000000051c       0x39 Output/fpu_fft_s132_pca10040 Release/Obj/nrf_sdh.o
 .ARM.attributes
                0x0000000000000555       0x39 Output/fpu_fft_s132_pca10040 Release/Obj/nrf_sdh_soc.o
 .ARM.attributes
                0x000000000000058e       0x20 C:/Program Files/SEGGER/SEGGER Embedded Studio for ARM 3.34/lib/libm_v7em_fpv4_sp_d16_hard_t_le_eabi.a(libm_asm.o)
 .ARM.attributes
                0x00000000000005ae       0x34 C:/Program Files/SEGGER/SEGGER Embedded Studio for ARM 3.34/lib/libm_v7em_fpv4_sp_d16_hard_t_le_eabi.a(libm2.o)
 .ARM.attributes
                0x00000000000005e2       0x20 C:/Program Files/SEGGER/SEGGER Embedded Studio for ARM 3.34/lib/libm_v7em_fpv4_sp_d16_hard_t_le_eabi.a(libm2_asm.o)
 .ARM.attributes
                0x0000000000000602       0x34 C:/Program Files/SEGGER/SEGGER Embedded Studio for ARM 3.34/lib/libc_v7em_fpv4_sp_d16_hard_t_le_eabi.a(libc2.o)
 .ARM.attributes
                0x0000000000000636       0x20 C:/Program Files/SEGGER/SEGGER Embedded Studio for ARM 3.34/lib/libc_v7em_fpv4_sp_d16_hard_t_le_eabi.a(libc2_asm.o)
 .ARM.attributes
                0x0000000000000656       0x39 ../../../../../../components/toolchain/cmsis/dsp/GCC/libarm_cortexM4lf_math.a(arm_const_structs.o)
 .ARM.attributes
                0x000000000000068f       0x39 ../../../../../../components/toolchain/cmsis/dsp/GCC/libarm_cortexM4lf_math.a(arm_common_tables.o)
 .ARM.attributes
                0x00000000000006c8       0x34 ../../../../../../components/toolchain/cmsis/dsp/GCC/libarm_cortexM4lf_math.a(arm_max_f32.o)
 .ARM.attributes
                0x00000000000006fc       0x34 ../../../../../../components/toolchain/cmsis/dsp/GCC/libarm_cortexM4lf_math.a(arm_cfft_f32.o)
 .ARM.attributes
                0x0000000000000730       0x34 ../../../../../../components/toolchain/cmsis/dsp/GCC/libarm_cortexM4lf_math.a(arm_bitreversal2.o)
 .ARM.attributes
                0x0000000000000764       0x34 ../../../../../../components/toolchain/cmsis/dsp/GCC/libarm_cortexM4lf_math.a(arm_cmplx_mag_f32.o)
 .ARM.attributes
                0x0000000000000798       0x34 ../../../../../../components/toolchain/cmsis/dsp/GCC/libarm_cortexM4lf_math.a(arm_cfft_radix8_f32.o)

.comment        0x0000000000000000       0xc1
 .comment       0x0000000000000000       0x4c Output/fpu_fft_s132_pca10040 Release/Obj/nrf_log_backend_rtt.o
                                         0x4d (size before relaxing)
 .comment       0x000000000000004c       0x4d Output/fpu_fft_s132_pca10040 Release/Obj/nrf_log_backend_serial.o
 .comment       0x000000000000004c       0x4d Output/fpu_fft_s132_pca10040 Release/Obj/nrf_log_default_backends.o
 .comment       0x000000000000004c       0x4d Output/fpu_fft_s132_pca10040 Release/Obj/nrf_log_frontend.o
 .comment       0x000000000000004c       0x4d Output/fpu_fft_s132_pca10040 Release/Obj/nrf_log_str_formatter.o
 .comment       0x000000000000004c       0x4d Output/fpu_fft_s132_pca10040 Release/Obj/app_error.o
 .comment       0x000000000000004c       0x4d Output/fpu_fft_s132_pca10040 Release/Obj/app_error_weak.o
 .comment       0x000000000000004c       0x4d Output/fpu_fft_s132_pca10040 Release/Obj/app_util_platform.o
 .comment       0x000000000000004c       0x4d Output/fpu_fft_s132_pca10040 Release/Obj/nrf_atomic.o
 .comment       0x000000000000004c       0x4d Output/fpu_fft_s132_pca10040 Release/Obj/nrf_balloc.o
 .comment       0x000000000000004c       0x4d Output/fpu_fft_s132_pca10040 Release/Obj/nrf_fprintf.o
 .comment       0x000000000000004c       0x4d Output/fpu_fft_s132_pca10040 Release/Obj/nrf_fprintf_format.o
 .comment       0x000000000000004c       0x4d Output/fpu_fft_s132_pca10040 Release/Obj/nrf_memobj.o
 .comment       0x000000000000004c       0x4d Output/fpu_fft_s132_pca10040 Release/Obj/nrf_ringbuf.o
 .comment       0x000000000000004c       0x4d Output/fpu_fft_s132_pca10040 Release/Obj/nrf_section_iter.o
 .comment       0x000000000000004c       0x4d Output/fpu_fft_s132_pca10040 Release/Obj/nrfx_prs.o
 .comment       0x000000000000004c       0x4d Output/fpu_fft_s132_pca10040 Release/Obj/nrfx_uart.o
 .comment       0x000000000000004c       0x4d Output/fpu_fft_s132_pca10040 Release/Obj/nrfx_uarte.o
 .comment       0x000000000000004c       0x4d Output/fpu_fft_s132_pca10040 Release/Obj/main.o
 .comment       0x000000000000004c       0x4d Output/fpu_fft_s132_pca10040 Release/Obj/SEGGER_RTT.o
 .comment       0x000000000000004c       0x4d Output/fpu_fft_s132_pca10040 Release/Obj/system_nrf52.o
 .comment       0x000000000000004c       0x4d Output/fpu_fft_s132_pca10040 Release/Obj/nrf_sdh.o
 .comment       0x000000000000004c       0x4d Output/fpu_fft_s132_pca10040 Release/Obj/nrf_sdh_soc.o
 .comment       0x000000000000004c       0x4d C:/Program Files/SEGGER/SEGGER Embedded Studio for ARM 3.34/lib/libm_v7em_fpv4_sp_d16_hard_t_le_eabi.a(libm2.o)
 .comment       0x000000000000004c       0x4d C:/Program Files/SEGGER/SEGGER Embedded Studio for ARM 3.34/lib/libc_v7em_fpv4_sp_d16_hard_t_le_eabi.a(libc2.o)
 .comment       0x000000000000004c       0x75 ../../../../../../components/toolchain/cmsis/dsp/GCC/libarm_cortexM4lf_math.a(arm_const_structs.o)
                                         0x76 (size before relaxing)
 .comment       0x00000000000000c1       0x76 ../../../../../../components/toolchain/cmsis/dsp/GCC/libarm_cortexM4lf_math.a(arm_common_tables.o)
 .comment       0x00000000000000c1       0x76 ../../../../../../components/toolchain/cmsis/dsp/GCC/libarm_cortexM4lf_math.a(arm_max_f32.o)
 .comment       0x00000000000000c1       0x76 ../../../../../../components/toolchain/cmsis/dsp/GCC/libarm_cortexM4lf_math.a(arm_cfft_f32.o)
 .comment       0x00000000000000c1       0x76 ../../../../../../components/toolchain/cmsis/dsp/GCC/libarm_cortexM4lf_math.a(arm_bitreversal2.o)
 .comment       0x00000000000000c1       0x76 ../../../../../../components/toolchain/cmsis/dsp/GCC/libarm_cortexM4lf_math.a(arm_cmplx_mag_f32.o)
 .comment       0x00000000000000c1       0x76 ../../../../../../components/toolchain/cmsis/dsp/GCC/libarm_cortexM4lf_math.a(arm_cfft_radix8_f32.o)

.debug_line     0x0000000000000000     0xcb9b
 .debug_line    0x0000000000000000      0x2b4 Output/fpu_fft_s132_pca10040 Release/Obj/thumb_crt0.o
 .debug_line    0x00000000000002b4      0x8e3 Output/fpu_fft_s132_pca10040 Release/Obj/nrf_log_backend_rtt.o
 .debug_line    0x0000000000000b97      0x68b Output/fpu_fft_s132_pca10040 Release/Obj/nrf_log_backend_serial.o
 .debug_line    0x0000000000001222      0x612 Output/fpu_fft_s132_pca10040 Release/Obj/nrf_log_default_backends.o
 .debug_line    0x0000000000001834      0xa7a Output/fpu_fft_s132_pca10040 Release/Obj/nrf_log_frontend.o
 .debug_line    0x00000000000022ae      0x6e1 Output/fpu_fft_s132_pca10040 Release/Obj/nrf_log_str_formatter.o
 .debug_line    0x000000000000298f      0x307 Output/fpu_fft_s132_pca10040 Release/Obj/app_error.o
 .debug_line    0x0000000000002c96      0x6d1 Output/fpu_fft_s132_pca10040 Release/Obj/app_error_weak.o
 .debug_line    0x0000000000003367      0x414 Output/fpu_fft_s132_pca10040 Release/Obj/app_util_platform.o
 .debug_line    0x000000000000377b      0x530 Output/fpu_fft_s132_pca10040 Release/Obj/nrf_atomic.o
 .debug_line    0x0000000000003cab      0x5af Output/fpu_fft_s132_pca10040 Release/Obj/nrf_balloc.o
 .debug_line    0x000000000000425a      0x3e6 Output/fpu_fft_s132_pca10040 Release/Obj/nrf_fprintf.o
 .debug_line    0x0000000000004640      0x537 Output/fpu_fft_s132_pca10040 Release/Obj/nrf_fprintf_format.o
 .debug_line    0x0000000000004b77      0x65d Output/fpu_fft_s132_pca10040 Release/Obj/nrf_memobj.o
 .debug_line    0x00000000000051d4      0x550 Output/fpu_fft_s132_pca10040 Release/Obj/nrf_ringbuf.o
 .debug_line    0x0000000000005724      0x3f3 Output/fpu_fft_s132_pca10040 Release/Obj/nrf_section_iter.o
 .debug_line    0x0000000000005b17      0x751 Output/fpu_fft_s132_pca10040 Release/Obj/nrfx_prs.o
 .debug_line    0x0000000000006268      0xcd0 Output/fpu_fft_s132_pca10040 Release/Obj/nrfx_uart.o
 .debug_line    0x0000000000006f38      0xc57 Output/fpu_fft_s132_pca10040 Release/Obj/nrfx_uarte.o
 .debug_line    0x0000000000007b8f      0x9f6 Output/fpu_fft_s132_pca10040 Release/Obj/main.o
 .debug_line    0x0000000000008585      0x846 Output/fpu_fft_s132_pca10040 Release/Obj/SEGGER_RTT.o
 .debug_line    0x0000000000008dcb       0x9e Output/fpu_fft_s132_pca10040 Release/Obj/ses_startup_nrf52.o
 .debug_line    0x0000000000008e69       0xc0 Output/fpu_fft_s132_pca10040 Release/Obj/ses_startup_nrf_common.o
 .debug_line    0x0000000000008f29      0x33a Output/fpu_fft_s132_pca10040 Release/Obj/system_nrf52.o
 .debug_line    0x0000000000009263      0x73d Output/fpu_fft_s132_pca10040 Release/Obj/nrf_sdh.o
 .debug_line    0x00000000000099a0      0x580 Output/fpu_fft_s132_pca10040 Release/Obj/nrf_sdh_soc.o
 .debug_line    0x0000000000009f20      0x25a ../../../../../../components/toolchain/cmsis/dsp/GCC/libarm_cortexM4lf_math.a(arm_const_structs.o)