Archive member included to satisfy reference by file (symbol)

C:/Program Files/SEGGER/SEGGER Embedded Studio for ARM 3.34/lib/libc_v7em_fpv4_sp_d16_hard_t_le_eabi.a(libc2.o)
                              Output/twi_scanner_pca10056 Debug/Obj/nrf_log_str_formatter.o (isprint)
C:/Program Files/SEGGER/SEGGER Embedded Studio for ARM 3.34/lib/libc_v7em_fpv4_sp_d16_hard_t_le_eabi.a(libc2_asm.o)
                              Output/twi_scanner_pca10056 Debug/Obj/nrf_log_frontend.o (memcpy)
C:/Program Files/SEGGER/SEGGER Embedded Studio for ARM 3.34/lib/libc_v7em_fpv4_sp_d16_hard_t_le_eabi.a(libc_asm.o)
                              C:/Program Files/SEGGER/SEGGER Embedded Studio for ARM 3.34/lib/libc_v7em_fpv4_sp_d16_hard_t_le_eabi.a(libc2.o) (__aeabi_uldivmod)
C:/Program Files/SEGGER/SEGGER Embedded Studio for ARM 3.34/lib/libdebugio_v7em_fpv4_sp_d16_hard_t_le_eabi.a(libdebugio.o)
                              Output/twi_scanner_pca10056 Debug/Obj/thumb_crt0.o (debug_fopen)
C:/Program Files/SEGGER/SEGGER Embedded Studio for ARM 3.34/lib/libdebugio_mempoll_v7em_fpv4_sp_d16_hard_t_le_eabi.a(mempoll_debug_operations.o)
                              C:/Program Files/SEGGER/SEGGER Embedded Studio for ARM 3.34/lib/libdebugio_v7em_fpv4_sp_d16_hard_t_le_eabi.a(libdebugio.o) (__do_debug_operation)
C:/Program Files/SEGGER/SEGGER Embedded Studio for ARM 3.34/lib/libdebugio_mempoll_v7em_fpv4_sp_d16_hard_t_le_eabi.a(do_nv_debug_operation.o)
                              C:/Program Files/SEGGER/SEGGER Embedded Studio for ARM 3.34/lib/libdebugio_v7em_fpv4_sp_d16_hard_t_le_eabi.a(libdebugio.o) (__do_nvdebug_operation)
C:/Program Files/SEGGER/SEGGER Embedded Studio for ARM 3.34/lib/libm_v7em_fpv4_sp_d16_hard_t_le_eabi.a(libm_asm.o)
                              C:/Program Files/SEGGER/SEGGER Embedded Studio for ARM 3.34/lib/libc_v7em_fpv4_sp_d16_hard_t_le_eabi.a(libc2.o) (__aeabi_i2d)
C:/Program Files/SEGGER/SEGGER Embedded Studio for ARM 3.34/lib/libm_v7em_fpv4_sp_d16_hard_t_le_eabi.a(libm2.o)
                              C:/Program Files/SEGGER/SEGGER Embedded Studio for ARM 3.34/lib/libvfprintf_v7em_fpv4_sp_d16_hard_t_le_eabi.o (frexp)
C:/Program Files/SEGGER/SEGGER Embedded Studio for ARM 3.34/lib/libm_v7em_fpv4_sp_d16_hard_t_le_eabi.a(libm2_asm.o)
                              C:/Program Files/SEGGER/SEGGER Embedded Studio for ARM 3.34/lib/libm_v7em_fpv4_sp_d16_hard_t_le_eabi.a(libm2.o) (fabs)

Discarded input sections

 .text          0x0000000000000000        0x0 Output/twi_scanner_pca10056 Debug/Obj/thumb_crt0.o
 .data          0x0000000000000000        0x0 Output/twi_scanner_pca10056 Debug/Obj/thumb_crt0.o
 .bss           0x0000000000000000        0x0 Output/twi_scanner_pca10056 Debug/Obj/thumb_crt0.o
 .text.__aeabi_read_tp
                0x0000000000000000        0x8 Output/twi_scanner_pca10056 Debug/Obj/thumb_crt0.o
 .text.__heap_lock
                0x0000000000000000        0x2 Output/twi_scanner_pca10056 Debug/Obj/thumb_crt0.o
 .text.__heap_unlock
                0x0000000000000000        0x2 Output/twi_scanner_pca10056 Debug/Obj/thumb_crt0.o
 .text.__printf_lock
                0x0000000000000000        0x2 Output/twi_scanner_pca10056 Debug/Obj/thumb_crt0.o
 .text.__printf_unlock
                0x0000000000000000        0x2 Output/twi_scanner_pca10056 Debug/Obj/thumb_crt0.o
 .text.__scanf_lock
                0x0000000000000000        0x2 Output/twi_scanner_pca10056 Debug/Obj/thumb_crt0.o
 .text.__scanf_unlock
                0x0000000000000000        0x2 Output/twi_scanner_pca10056 Debug/Obj/thumb_crt0.o
 .text.__debug_io_lock
                0x0000000000000000        0x2 Output/twi_scanner_pca10056 Debug/Obj/thumb_crt0.o
 .text.__debug_io_unlock
                0x0000000000000000        0x2 Output/twi_scanner_pca10056 Debug/Obj/thumb_crt0.o
 .text.abort    0x0000000000000000        0x2 Output/twi_scanner_pca10056 Debug/Obj/thumb_crt0.o
 .text.__assert
                0x0000000000000000        0x2 Output/twi_scanner_pca10056 Debug/Obj/thumb_crt0.o
 .text.__aeabi_assert
                0x0000000000000000        0x2 Output/twi_scanner_pca10056 Debug/Obj/thumb_crt0.o
 .text.__cxa_pure_virtual
                0x0000000000000000        0x2 Output/twi_scanner_pca10056 Debug/Obj/thumb_crt0.o
 .text.__cxa_guard_acquire
                0x0000000000000000       0x10 Output/twi_scanner_pca10056 Debug/Obj/thumb_crt0.o
 .text.__cxa_guard_release
                0x0000000000000000        0x6 Output/twi_scanner_pca10056 Debug/Obj/thumb_crt0.o
 .text.__cxa_guard_abort
                0x0000000000000000        0x2 Output/twi_scanner_pca10056 Debug/Obj/thumb_crt0.o
 .text.__sync_synchronize
                0x0000000000000000        0x2 Output/twi_scanner_pca10056 Debug/Obj/thumb_crt0.o
 .text.__getchar
                0x0000000000000000        0x4 Output/twi_scanner_pca10056 Debug/Obj/thumb_crt0.o
 .text.__putchar
                0x0000000000000000        0x4 Output/twi_scanner_pca10056 Debug/Obj/thumb_crt0.o
[...]
Memory Configuration

Name             Origin             Length             Attributes
UNPLACED_SECTIONS 0x0000000100000000 0x0000000000000000 xw
RAM1             0x0000000020000000 0x0000000000040000 xw
FLASH            0x0000000000000000 0x0000000000100000 xw
*default*        0x0000000000000000 0xffffffffffffffff

Linker script and memory map

                0x0000000000000000                __vfprintf = __vfprintf_long
                0x0000000000000000                __vfscanf = __vfscanf_long
                0x0000000020000000                __RAM1_segment_start__ = 0x20000000
                0x0000000020040000                __RAM1_segment_end__ = 0x20040000
                0x0000000000040000                __RAM1_segment_size__ = 0x40000
                0x0000000000000000                __FLASH_segment_start__ = 0x0
                0x0000000000100000                __FLASH_segment_end__ = 0x100000
                0x0000000000100000                __FLASH_segment_size__ = 0x100000
                0x0000000000002000                __HEAPSIZE__ = 0x2000
                0x0000000000000000                __STACKSIZE_ABT__ = 0x0
                0x0000000000000000                __STACKSIZE_FIQ__ = 0x0
                0x0000000000000000                __STACKSIZE_IRQ__ = 0x0
                0x0000000000000000                __STACKSIZE_PROCESS__ = 0x0
                0x0000000000000000                __STACKSIZE_SVC__ = 0x0
                0x0000000000000000                __STACKSIZE_UND__ = 0x0
                0x0000000000002000                __STACKSIZE__ = 0x2000
                0x0000000020000000                __vectors_ram_load_start__ = 0x20000000

.vectors_ram    0x0000000020000000        0x0
                0x0000000020000000                __vectors_ram_start__ = .
                0x0000000020000000                __app_ram_start__ = __vectors_ram_start__
 *(.vectors_ram .vectors_ram.*)
                0x0000000020000000                __vectors_ram_end__ = (__vectors_ram_start__ + SIZEOF (.vectors_ram))
                0x0000000000000000                __vectors_ram_size__ = SIZEOF (.vectors_ram)
                0x0000000020000000                __vectors_ram_load_end__ = __vectors_ram_end__
                0x0000000000000001                . = ASSERT (((__vectors_ram_start__ == __vectors_ram_end__) || ((__vectors_ram_end__ >= __RAM1_segment_start__) && (__vectors_ram_end__ <= __RAM1_segment_end__))), error: .vectors_ram is too large to fit in RAM1 memory segment)
                0x0000000020000000                __nrf_sections_run_load_start__ = ALIGN (__vectors_ram_end__, 0x4)

.nrf_sections_run
                0x0000000020000000        0x0
                0x0000000020000000                __nrf_sections_run_start__ = .
                0x0000000020000000                __start_nrf_sections_run = __nrf_sections_run_start__
 *(.nrf_sections_run .nrf_sections_run.*)
                0x0000000020000000                __nrf_sections_run_end__ = (__nrf_sections_run_start__ + SIZEOF (.nrf_sections_run))
                0x0000000000000000                __nrf_sections_run_size__ = SIZEOF (.nrf_sections_run)
                0x0000000020000000                __nrf_sections_run_load_end__ = __nrf_sections_run_end__
                0x0000000000000001                . = ASSERT (((__nrf_sections_run_start__ == __nrf_sections_run_end__) || ((__nrf_sections_run_end__ >= __RAM1_segment_start__) && (__nrf_sections_run_end__ <= __RAM1_segment_end__))), error: .nrf_sections_run is too large to fit in RAM1 memory segment)
                0x0000000000000000                __vectors_load_start__ = 0x0

.vectors        0x0000000000000000      0x200
                0x0000000000000000                __vectors_start__ = .
 *(.vectors .vectors.*)
 .vectors       0x0000000000000000      0x200 Output/twi_scanner_pca10056 Debug/Obj/ses_startup_nrf52840.o
                0x0000000000000000                _vectors
                0x0000000000000200                __vectors_end__ = (__vectors_start__ + SIZEOF (.vectors))
                0x0000000000000200                __vectors_size__ = SIZEOF (.vectors)
                0x0000000000000200                __vectors_load_end__ = __vectors_end__
                0x0000000000000001                . = ASSERT (((__vectors_start__ == __vectors_end__) || ((__vectors_end__ >= __FLASH_segment_start__) && (__vectors_end__ <= __FLASH_segment_end__))), error: .vectors is too large to fit in FLASH memory segment)
                0x0000000000000200                __init_load_start__ = ALIGN (__vectors_end__, 0x4)

.init           0x0000000000000200      0x1d4
                0x0000000000000200                __init_start__ = .
 *(.init .init.*)
 .init          0x0000000000000200      0x160 Output/twi_scanner_pca10056 Debug/Obj/thumb_crt0.o
                0x0000000000000200                _start
                0x00000000000002b6                exit
 .init          0x0000000000000360       0x18 Output/twi_scanner_pca10056 Debug/Obj/ses_startup_nrf52840.o
                0x0000000000000360                NMI_Handler
                0x0000000000000362                HardFault_Handler
                0x0000000000000364                MemoryManagement_Handler
                0x0000000000000366                BusFault_Handler
                0x0000000000000368                UsageFault_Handler
                0x000000000000036a                SVC_Handler
                0x000000000000036c                DebugMon_Handler
                0x000000000000036e                PendSV_Handler
                0x0000000000000370                SysTick_Handler
                0x0000000000000372                PWM1_IRQHandler
                0x0000000000000372                GPIOTE_IRQHandler
                0x0000000000000372                RTC0_IRQHandler
                0x0000000000000372                POWER_CLOCK_IRQHandler
                0x0000000000000372                RADIO_IRQHandler
                0x0000000000000372                SWI2_EGU2_IRQHandler
                0x0000000000000372                TEMP_IRQHandler
                0x0000000000000372                QDEC_IRQHandler
                0x0000000000000372                TIMER3_IRQHandler
                0x0000000000000372                PWM3_IRQHandler
                0x0000000000000372                FPU_IRQHandler
                0x0000000000000372                USBD_IRQHandler
                0x0000000000000372                QSPI_IRQHandler
                0x0000000000000372                TIMER4_IRQHandler
                0x0000000000000372                PDM_IRQHandler
                0x0000000000000372                I2S_IRQHandler
                0x0000000000000372                SWI4_EGU4_IRQHandler
                0x0000000000000372                TIMER0_IRQHandler
                0x0000000000000372                UARTE1_IRQHandler
                0x0000000000000372                Dummy_Handler
                0x0000000000000372                TIMER1_IRQHandler
                0x0000000000000372                SPIM3_IRQHandler
                0x0000000000000372                PWM2_IRQHandler
                0x0000000000000372                ECB_IRQHandler
                0x0000000000000372                SAADC_IRQHandler
                0x0000000000000372                CCM_AAR_IRQHandler
                0x0000000000000372                WDT_IRQHandler
                0x0000000000000372                SWI0_EGU0_IRQHandler
                0x0000000000000372                SWI5_EGU5_IRQHandler
                0x0000000000000372                RNG_IRQHandler
                0x0000000000000372                RTC2_IRQHandler
                0x0000000000000372                PWM0_IRQHandler
                0x0000000000000372                SWI3_EGU3_IRQHandler
                0x0000000000000372                RTC1_IRQHandler
                0x0000000000000372                SWI1_EGU1_IRQHandler
                0x0000000000000372                SPIM2_SPIS2_SPI2_IRQHandler
                0x0000000000000372                NFCT_IRQHandler
                0x0000000000000372                CRYPTOCELL_IRQHandler
                0x0000000000000372                MWU_IRQHandler
                0x0000000000000372                TIMER2_IRQHandler
                0x0000000000000372                COMP_LPCOMP_IRQHandler
                0x0000000000000374                nRFInitialize
 .init          0x0000000000000378       0x5c Output/twi_scanner_pca10056 Debug/Obj/ses_startup_nrf_common.o
                0x0000000000000378                Reset_Handler
                0x000000000000037c                afterInitialize
                0x00000000000003a0                InitializeUserMemorySections
                0x00000000000003d4                __init_end__ = (__init_start__ + SIZEOF (.init))
                0x00000000000001d4                __init_size__ = SIZEOF (.init)
                0x00000000000003d4                __init_load_end__ = __init_end__
                0x0000000000000001                . = ASSERT (((__init_start__ == __init_end__) || ((__init_end__ >= __FLASH_segment_start__) && (__init_end__ <= __FLASH_segment_end__))), error: .init is too large to fit in FLASH memory segment)
                0x00000000000003d4                __init_rodata_load_start__ = ALIGN (__init_end__, 0x4)

.init_rodata    0x00000000000003d4        0x0
                0x00000000000003d4                __init_rodata_start__ = .
 *(.init_rodata .init_rodata.*)
                0x00000000000003d4                __init_rodata_end__ = (__init_rodata_start__ + SIZEOF (.init_rodata))
                0x0000000000000000                __init_rodata_size__ = SIZEOF (.init_rodata)
                0x00000000000003d4                __init_rodata_load_end__ = __init_rodata_end__
                0x0000000000000001                . = ASSERT (((__init_rodata_start__ == __init_rodata_end__) || ((__init_rodata_end__ >= __FLASH_segment_start__) && (__init_rodata_end__ <= __FLASH_segment_end__))), error: .init_rodata is too large to fit in FLASH memory segment)
                0x00000000000003d4                __text_load_start__ = ALIGN (__init_rodata_end__, 0x4)

.text           0x00000000000003d4     0x41b4
                0x00000000000003d4                __text_start__ = .
 *(.text .text.* .glue_7t .glue_7 .gnu.linkonce.t.* .gcc_except_table .ARM.extab* .gnu.linkonce.armextab.*)
 .glue_7        0x00000000000003d4        0x0 linker stubs
 .glue_7t       0x00000000000003d4        0x0 linker stubs
 .text.nrfx_coredep_delay_us
                0x00000000000003d4       0x30 Output/twi_scanner_pca10056 Debug/Obj/nrf_log_backend_rtt.o
 .text.nrf_delay_ms
                0x0000000000000404       0x2a Output/twi_scanner_pca10056 Debug/Obj/nrf_log_backend_rtt.o
 .text.nrf_log_backend_rtt_init
                0x000000000000042e        0xa Output/twi_scanner_pca10056 Debug/Obj/nrf_log_backend_rtt.o
                0x000000000000042e                nrf_log_backend_rtt_init
 .text.serial_tx
                0x0000000000000438       0x84 Output/twi_scanner_pca10056 Debug/Obj/nrf_log_backend_rtt.o
 .text.nrf_log_backend_rtt_put
                0x00000000000004bc       0x28 Output/twi_scanner_pca10056 Debug/Obj/nrf_log_backend_rtt.o
 .text.nrf_log_backend_rtt_flush
                0x00000000000004e4        0xa Output/twi_scanner_pca10056 Debug/Obj/nrf_log_backend_rtt.o
 .text.nrf_log_backend_rtt_panic_set
                0x00000000000004ee        0xa Output/twi_scanner_pca10056 Debug/Obj/nrf_log_backend_rtt.o
 .text.nrf_log_backend_serial_put
                0x00000000000004f8      0x124 Output/twi_scanner_pca10056 Debug/Obj/nrf_log_backend_serial.o
                0x00000000000004f8                nrf_log_backend_serial_put
 .text.nrf_log_backend_enable
                0x000000000000061c       0x12 Output/twi_scanner_pca10056 Debug/Obj/nrf_log_default_backends.o
 *fill*         0x000000000000062e        0x2 
 .text.nrf_log_default_backends_init
                0x0000000000000630       0x3c Output/twi_scanner_pca10056 Debug/Obj/nrf_log_default_backends.o
                0x0000000000000630                nrf_log_default_backends_init
 .text.nrf_log_backend_put
                0x000000000000066c       0x1c Output/twi_scanner_pca10056 Debug/Obj/nrf_log_frontend.o
 .text.nrf_log_backend_panic_set
                0x0000000000000688       0x18 Output/twi_scanner_pca10056 Debug/Obj/nrf_log_frontend.o
 .text.nrf_log_backend_flush
                0x00000000000006a0       0x18 Output/twi_scanner_pca10056 Debug/Obj/nrf_log_frontend.o
 .text.nrf_log_backend_id_set
                0x00000000000006b8       0x1a Output/twi_scanner_pca10056 Debug/Obj/nrf_log_frontend.o
 .text.nrf_log_backend_id_get
                0x00000000000006d2       0x10 Output/twi_scanner_pca10056 Debug/Obj/nrf_log_frontend.o
 .text.nrf_log_backend_enable
                0x00000000000006e2       0x12 Output/twi_scanner_pca10056 Debug/Obj/nrf_log_frontend.o
 .text.nrf_log_backend_is_enabled
                0x00000000000006f4       0x10 Output/twi_scanner_pca10056 Debug/Obj/nrf_log_frontend.o
 .text.nrf_log_init
                0x0000000000000704       0x50 Output/twi_scanner_pca10056 Debug/Obj/nrf_log_frontend.o
                0x0000000000000704                nrf_log_init
 .text.nrf_log_module_cnt_get
                0x0000000000000754       0x14 Output/twi_scanner_pca10056 Debug/Obj/nrf_log_frontend.o
                0x0000000000000754                nrf_log_module_cnt_get
 .text.module_idx_get
                0x0000000000000768       0x64 Output/twi_scanner_pca10056 Debug/Obj/nrf_log_frontend.o
 .text.nrf_log_module_name_get
                0x00000000000007cc       0x40 Output/twi_scanner_pca10056 Debug/Obj/nrf_log_frontend.o
                0x00000000000007cc                nrf_log_module_name_get
 .text.nrf_log_color_id_get
                0x000000000000080c       0x70 Output/twi_scanner_pca10056 Debug/Obj/nrf_log_frontend.o
                0x000000000000080c                nrf_log_color_id_get
 .text.invalid_packets_omit
                0x000000000000087c       0x6e Output/twi_scanner_pca10056 Debug/Obj/nrf_log_frontend.o
 *fill*         0x00000000000008ea        0x2 
 .text.log_skip
                0x00000000000008ec      0x118 Output/twi_scanner_pca10056 Debug/Obj/nrf_log_frontend.o
 .text.dropped_sat16_get
                0x0000000000000a04       0x28 Output/twi_scanner_pca10056 Debug/Obj/nrf_log_frontend.o
 .text.std_header_set
                0x0000000000000a2c       0xb8 Output/twi_scanner_pca10056 Debug/Obj/nrf_log_frontend.o
 .text.buf_prealloc
                0x0000000000000ae4      0x12c Output/twi_scanner_pca10056 Debug/Obj/nrf_log_frontend.o
 .text.std_n    0x0000000000000c10       0x94 Output/twi_scanner_pca10056 Debug/Obj/nrf_log_frontend.o
 .text.nrf_log_frontend_std_0
                0x0000000000000ca4       0x1c Output/twi_scanner_pca10056 Debug/Obj/nrf_log_frontend.o
                0x0000000000000ca4                nrf_log_frontend_std_0
 .text.nrf_log_frontend_std_1
                0x0000000000000cc0       0x22 Output/twi_scanner_pca10056 Debug/Obj/nrf_log_frontend.o
                0x0000000000000cc0                nrf_log_frontend_std_1
 .text.nrf_log_frontend_std_2
                0x0000000000000ce2       0x28 Output/twi_scanner_pca10056 Debug/Obj/nrf_log_frontend.o
                0x0000000000000ce2                nrf_log_frontend_std_2
 .text.nrf_log_frontend_std_5
                0x0000000000000d0a       0x34 Output/twi_scanner_pca10056 Debug/Obj/nrf_log_frontend.o
                0x0000000000000d0a                nrf_log_frontend_std_5
 *fill*         0x0000000000000d3e        0x2 
 .text.buffer_is_empty
                0x0000000000000d40       0x1c Output/twi_scanner_pca10056 Debug/Obj/nrf_log_frontend.o
                0x0000000000000d40                buffer_is_empty
 .text.nrf_log_frontend_dequeue
                0x0000000000000d5c      0x3a4 Output/twi_scanner_pca10056 Debug/Obj/nrf_log_frontend.o
                0x0000000000000d5c                nrf_log_frontend_dequeue
 .text.backend_id_assign
                0x0000000000001100       0x68 Output/twi_scanner_pca10056 Debug/Obj/nrf_log_frontend.o
 .text.nrf_log_backend_add
                0x0000000000001168       0x70 Output/twi_scanner_pca10056 Debug/Obj/nrf_log_frontend.o
                0x0000000000001168                nrf_log_backend_add
 .text.nrf_log_panic
                0x00000000000011d8       0x3c Output/twi_scanner_pca10056 Debug/Obj/nrf_log_frontend.o
                0x00000000000011d8                nrf_log_panic
 .text.timestamp_print
                0x0000000000001214        0xc Output/twi_scanner_pca10056 Debug/Obj/nrf_log_str_formatter.o
 .text.prefix_process
                0x0000000000001220       0xb0 Output/twi_scanner_pca10056 Debug/Obj/nrf_log_str_formatter.o
 .text.postfix_process
                0x00000000000012d0       0x60 Output/twi_scanner_pca10056 Debug/Obj/nrf_log_str_formatter.o
 .text.nrf_log_std_entry_process
                0x0000000000001330      0x144 Output/twi_scanner_pca10056 Debug/Obj/nrf_log_str_formatter.o
                0x0000000000001330                nrf_log_std_entry_process
 .text.nrf_log_hexdump_entry_process
                0x0000000000001474       0xf0 Output/twi_scanner_pca10056 Debug/Obj/nrf_log_str_formatter.o
                0x0000000000001474                nrf_log_hexdump_entry_process
 .text.app_error_save_and_stop
                0x0000000000001564       0x94 Output/twi_scanner_pca10056 Debug/Obj/app_error.o
                0x0000000000001564                app_error_save_and_stop
 .text.app_error_handler
                0x00000000000015f8       0x1c Output/twi_scanner_pca10056 Debug/Obj/app_error_handler_gcc.o
                0x00000000000015f8                app_error_handler
 .text.app_error_fault_handler
                0x0000000000001614      0x100 Output/twi_scanner_pca10056 Debug/Obj/app_error_weak.o
                0x0000000000001614                app_error_fault_handler
 .text.app_util_disable_irq
                0x0000000000001714       0x14 Output/twi_scanner_pca10056 Debug/Obj/app_util_platform.o
                0x0000000000001714                app_util_disable_irq
 .text.app_util_enable_irq
                0x0000000000001728       0x1c Output/twi_scanner_pca10056 Debug/Obj/app_util_platform.o
                0x0000000000001728                app_util_enable_irq
 .text.app_util_critical_region_enter
                0x0000000000001744       0x28 Output/twi_scanner_pca10056 Debug/Obj/app_util_platform.o
                0x0000000000001744                app_util_critical_region_enter
 .text.app_util_critical_region_exit
                0x000000000000176c       0x2c Output/twi_scanner_pca10056 Debug/Obj/app_util_platform.o
                0x000000000000176c                app_util_critical_region_exit
 .text.privilege_level_get
                0x0000000000001798       0x3a Output/twi_scanner_pca10056 Debug/Obj/app_util_platform.o
                0x0000000000001798                privilege_level_get
 .text.assert_nrf_callback
                0x00000000000017d2       0x2c Output/twi_scanner_pca10056 Debug/Obj/nrf_assert.o
                0x00000000000017d2                assert_nrf_callback
 .text.nrf_atomic_u32_fetch_store
                0x00000000000017fe       0x2e Output/twi_scanner_pca10056 Debug/Obj/nrf_atomic.o
                0x00000000000017fe                nrf_atomic_u32_fetch_store
 .text.nrf_atomic_u32_or
                0x000000000000182c       0x30 Output/twi_scanner_pca10056 Debug/Obj/nrf_atomic.o
                0x000000000000182c                nrf_atomic_u32_or
 .text.nrf_atomic_u32_fetch_and
                0x000000000000185c       0x30 Output/twi_scanner_pca10056 Debug/Obj/nrf_atomic.o
                0x000000000000185c                nrf_atomic_u32_fetch_and
 .text.nrf_atomic_u32_add
                0x000000000000188c       0x30 Output/twi_scanner_pca10056 Debug/Obj/nrf_atomic.o
                0x000000000000188c                nrf_atomic_u32_add
 .text.nrf_atomic_u32_sub
                0x00000000000018bc       0x30 Output/twi_scanner_pca10056 Debug/Obj/nrf_atomic.o
                0x00000000000018bc                nrf_atomic_u32_sub
 .text.nrf_atomic_flag_set
                0x00000000000018ec       0x18 Output/twi_scanner_pca10056 Debug/Obj/nrf_atomic.o
                0x00000000000018ec                nrf_atomic_flag_set
 .text.nrf_atomic_flag_clear_fetch
                0x0000000000001904       0x18 Output/twi_scanner_pca10056 Debug/Obj/nrf_atomic.o
                0x0000000000001904                nrf_atomic_flag_clear_fetch
 .text.nrf_balloc_idx2block
                0x000000000000191c       0x38 Output/twi_scanner_pca10056 Debug/Obj/nrf_balloc.o
 .text.nrf_balloc_block2idx
                0x0000000000001954       0x34 Output/twi_scanner_pca10056 Debug/Obj/nrf_balloc.o
 .text.nrf_balloc_init
                0x0000000000001988       0xb8 Output/twi_scanner_pca10056 Debug/Obj/nrf_balloc.o
                0x0000000000001988                nrf_balloc_init
 .text.nrf_balloc_alloc
                0x0000000000001a40       0x84 Output/twi_scanner_pca10056 Debug/Obj/nrf_balloc.o
                0x0000000000001a40                nrf_balloc_alloc
 .text.nrf_balloc_free
                0x0000000000001ac4       0x58 Output/twi_scanner_pca10056 Debug/Obj/nrf_balloc.o
                0x0000000000001ac4                nrf_balloc_free
 .text.nrf_fprintf_buffer_flush
                0x0000000000001b1c       0x44 Output/twi_scanner_pca10056 Debug/Obj/nrf_fprintf.o
                0x0000000000001b1c                nrf_fprintf_buffer_flush
 .text.nrf_fprintf
                0x0000000000001b60       0x74 Output/twi_scanner_pca10056 Debug/Obj/nrf_fprintf.o
                0x0000000000001b60                nrf_fprintf
 .text.buffer_add
                0x0000000000001bd4       0x4c Output/twi_scanner_pca10056 Debug/Obj/nrf_fprintf_format.o
 .text.string_print
                0x0000000000001c20       0xc2 Output/twi_scanner_pca10056 Debug/Obj/nrf_fprintf_format.o
 *fill*         0x0000000000001ce2        0x2 
 .text.unsigned_print
                0x0000000000001ce4      0x130 Output/twi_scanner_pca10056 Debug/Obj/nrf_fprintf_format.o
 .text.int_print
                0x0000000000001e14      0x11c Output/twi_scanner_pca10056 Debug/Obj/nrf_fprintf_format.o
 .text.nrf_fprintf_fmt
                0x0000000000001f30      0x43c Output/twi_scanner_pca10056 Debug/Obj/nrf_fprintf_format.o
                0x0000000000001f30                nrf_fprintf_fmt
 .text.nrf_memobj_pool_init
                0x000000000000236c       0x16 Output/twi_scanner_pca10056 Debug/Obj/nrf_memobj.o
                0x000000000000236c                nrf_memobj_pool_init
 .text.nrf_memobj_alloc
                0x0000000000002382       0xae Output/twi_scanner_pca10056 Debug/Obj/nrf_memobj.o
                0x0000000000002382                nrf_memobj_alloc
 .text.nrf_memobj_free
                0x0000000000002430       0x72 Output/twi_scanner_pca10056 Debug/Obj/nrf_memobj.o
                0x0000000000002430                nrf_memobj_free
 .text.nrf_memobj_get
                0x00000000000024a2       0x1e Output/twi_scanner_pca10056 Debug/Obj/nrf_memobj.o
                0x00000000000024a2                nrf_memobj_get
 .text.nrf_memobj_put
                0x00000000000024c0       0x34 Output/twi_scanner_pca10056 Debug/Obj/nrf_memobj.o
                0x00000000000024c0                nrf_memobj_put
 .text.memobj_op
                0x00000000000024f4      0x124 Output/twi_scanner_pca10056 Debug/Obj/nrf_memobj.o
 .text.nrf_memobj_write
                0x0000000000002618       0x3c Output/twi_scanner_pca10056 Debug/Obj/nrf_memobj.o
                0x0000000000002618                nrf_memobj_write
 .text.nrf_memobj_read
                0x0000000000002654       0x40 Output/twi_scanner_pca10056 Debug/Obj/nrf_memobj.o
                0x0000000000002654                nrf_memobj_read
 .text.nrf_ringbuf_init
                0x0000000000002694       0x3a Output/twi_scanner_pca10056 Debug/Obj/nrf_ringbuf.o
                0x0000000000002694                nrf_ringbuf_init
 *fill*         0x00000000000026ce        0x2 
 .text.nrf_strerror_get
                0x00000000000026d0       0x28 Output/twi_scanner_pca10056 Debug/Obj/nrf_strerror.o
                0x00000000000026d0                nrf_strerror_get
 .text.nrf_strerror_find
                0x00000000000026f8       0x68 Output/twi_scanner_pca10056 Debug/Obj/nrf_strerror.o
                0x00000000000026f8                nrf_strerror_find
 .text.nrfx_coredep_delay_us
                0x0000000000002760       0x30 Output/twi_scanner_pca10056 Debug/Obj/nrf_drv_twi.o
 .text.nrf_gpio_pin_port_decode
                0x0000000000002790       0x4c Output/twi_scanner_pca10056 Debug/Obj/nrf_drv_twi.o
 .text.nrf_gpio_pin_set
                0x00000000000027dc       0x28 Output/twi_scanner_pca10056 Debug/Obj/nrf_drv_twi.o
 .text.nrf_gpio_pin_clear
                0x0000000000002804       0x28 Output/twi_scanner_pca10056 Debug/Obj/nrf_drv_twi.o
 .text.nrf_gpio_pin_read
                0x000000000000282c       0x2a Output/twi_scanner_pca10056 Debug/Obj/nrf_drv_twi.o
 .text.nrf_gpio_port_in_read
                0x0000000000002856       0x10 Output/twi_scanner_pca10056 Debug/Obj/nrf_drv_twi.o
 .text.nrf_gpio_port_out_set
                0x0000000000002866       0x14 Output/twi_scanner_pca10056 Debug/Obj/nrf_drv_twi.o
 .text.nrf_gpio_port_out_clear
                0x000000000000287a       0x14 Output/twi_scanner_pca10056 Debug/Obj/nrf_drv_twi.o
 .text.nrf_gpio_pin_present_check
                0x000000000000288e       0x4e Output/twi_scanner_pca10056 Debug/Obj/nrf_drv_twi.o
 .text.twi_clear_bus
                0x00000000000028dc       0xde Output/twi_scanner_pca10056 Debug/Obj/nrf_drv_twi.o
 *fill*         0x00000000000029ba        0x2 
 .text.twim_evt_handler
                0x00000000000029bc       0x6c Output/twi_scanner_pca10056 Debug/Obj/nrf_drv_twi.o
 .text.nrf_drv_twi_init
                0x0000000000002a28       0x68 Output/twi_scanner_pca10056 Debug/Obj/nrf_drv_twi.o
                0x0000000000002a28                nrf_drv_twi_init
 .text.UARTE0_UART0_IRQHandler
                0x0000000000002a90       0x24 Output/twi_scanner_pca10056 Debug/Obj/nrfx_prs.o
                0x0000000000002a90                UARTE0_UART0_IRQHandler
 .text.prs_box_get
                0x0000000000002ab4       0x20 Output/twi_scanner_pca10056 Debug/Obj/nrfx_prs.o
 .text.nrfx_prs_acquire
                0x0000000000002ad4       0x74 Output/twi_scanner_pca10056 Debug/Obj/nrfx_prs.o
                0x0000000000002ad4                nrfx_prs_acquire
 .text.__NVIC_EnableIRQ
                0x0000000000002b48       0x34 Output/twi_scanner_pca10056 Debug/Obj/nrfx_twim.o
 .text.__NVIC_ClearPendingIRQ
                0x0000000000002b7c       0x38 Output/twi_scanner_pca10056 Debug/Obj/nrfx_twim.o
 .text.__NVIC_SetPriority
                0x0000000000002bb4       0x50 Output/twi_scanner_pca10056 Debug/Obj/nrfx_twim.o
 .text.nrfx_is_in_ram
                0x0000000000002c04       0x1c Output/twi_scanner_pca10056 Debug/Obj/nrfx_twim.o
 .text.nrfx_get_irq_number
                0x0000000000002c20       0x10 Output/twi_scanner_pca10056 Debug/Obj/nrfx_twim.o
 .text._NRFX_IRQ_PRIORITY_SET
                0x0000000000002c30       0x40 Output/twi_scanner_pca10056 Debug/Obj/nrfx_twim.o
 .text._NRFX_IRQ_ENABLE
                0x0000000000002c70       0x1c Output/twi_scanner_pca10056 Debug/Obj/nrfx_twim.o
 .text._NRFX_IRQ_PENDING_CLEAR
                0x0000000000002c8c       0x1c Output/twi_scanner_pca10056 Debug/Obj/nrfx_twim.o
 .text.nrf_twim_task_trigger
                0x0000000000002ca8       0x1c Output/twi_scanner_pca10056 Debug/Obj/nrfx_twim.o
 .text.nrf_twim_event_clear
                0x0000000000002cc4       0x2a Output/twi_scanner_pca10056 Debug/Obj/nrfx_twim.o
 .text.nrf_twim_event_check
                0x0000000000002cee       0x24 Output/twi_scanner_pca10056 Debug/Obj/nrfx_twim.o
 .text.nrf_twim_int_enable
                0x0000000000002d12       0x14 Output/twi_scanner_pca10056 Debug/Obj/nrfx_twim.o
 .text.nrf_twim_int_disable
                0x0000000000002d26       0x14 Output/twi_scanner_pca10056 Debug/Obj/nrfx_twim.o
 .text.nrf_twim_enable
                0x0000000000002d3a       0x12 Output/twi_scanner_pca10056 Debug/Obj/nrfx_twim.o
 .text.nrf_twim_disable
                0x0000000000002d4c       0x12 Output/twi_scanner_pca10056 Debug/Obj/nrfx_twim.o
 .text.nrf_twim_pins_set
                0x0000000000002d5e       0x1e Output/twi_scanner_pca10056 Debug/Obj/nrfx_twim.o
 .text.nrf_twim_frequency_set
                0x0000000000002d7c       0x14 Output/twi_scanner_pca10056 Debug/Obj/nrfx_twim.o
 .text.nrf_twim_errorsrc_get_and_clear
                0x0000000000002d90       0x1c Output/twi_scanner_pca10056 Debug/Obj/nrfx_twim.o
 .text.nrf_twim_address_set
                0x0000000000002dac       0x1a Output/twi_scanner_pca10056 Debug/Obj/nrfx_twim.o
 .text.nrf_twim_tx_buffer_set
                0x0000000000002dc6       0x1e Output/twi_scanner_pca10056 Debug/Obj/nrfx_twim.o
 .text.nrf_twim_rx_buffer_set
                0x0000000000002de4       0x1e Output/twi_scanner_pca10056 Debug/Obj/nrfx_twim.o
 .text.nrf_twim_shorts_set
                0x0000000000002e02       0x14 Output/twi_scanner_pca10056 Debug/Obj/nrfx_twim.o
 .text.nrf_twim_txd_amount_get
                0x0000000000002e16       0x10 Output/twi_scanner_pca10056 Debug/Obj/nrfx_twim.o
 .text.nrf_twim_shorts_get
                0x0000000000002e26       0x10 Output/twi_scanner_pca10056 Debug/Obj/nrfx_twim.o
 .text.nrf_twim_rxd_amount_get
                0x0000000000002e36       0x10 Output/twi_scanner_pca10056 Debug/Obj/nrfx_twim.o
 .text.nrf_twim_tx_list_enable
                0x0000000000002e46       0x12 Output/twi_scanner_pca10056 Debug/Obj/nrfx_twim.o
 .text.nrf_twim_tx_list_disable
                0x0000000000002e58       0x12 Output/twi_scanner_pca10056 Debug/Obj/nrfx_twim.o
 .text.nrf_twim_rx_list_enable
                0x0000000000002e6a       0x12 Output/twi_scanner_pca10056 Debug/Obj/nrfx_twim.o
 .text.nrf_twim_rx_list_disable
                0x0000000000002e7c       0x12 Output/twi_scanner_pca10056 Debug/Obj/nrfx_twim.o
 *fill*         0x0000000000002e8e        0x2 
 .text.nrf_gpio_pin_port_decode
                0x0000000000002e90       0x4c Output/twi_scanner_pca10056 Debug/Obj/nrfx_twim.o
 .text.nrf_gpio_cfg
                0x0000000000002edc       0x60 Output/twi_scanner_pca10056 Debug/Obj/nrfx_twim.o
 .text.nrf_gpio_pin_present_check
                0x0000000000002f3c       0x4e Output/twi_scanner_pca10056 Debug/Obj/nrfx_twim.o
 .text.twi_process_error
                0x0000000000002f8a       0x40 Output/twi_scanner_pca10056 Debug/Obj/nrfx_twim.o
 *fill*         0x0000000000002fca        0x2 
 .text.xfer_completeness_check
                0x0000000000002fcc       0xfc Output/twi_scanner_pca10056 Debug/Obj/nrfx_twim.o
 .text.nrfx_twim_init
                0x00000000000030c8      0x148 Output/twi_scanner_pca10056 Debug/Obj/nrfx_twim.o
                0x00000000000030c8                nrfx_twim_init
 .text.nrfx_twim_enable
                0x0000000000003210       0x50 Output/twi_scanner_pca10056 Debug/Obj/nrfx_twim.o
                0x0000000000003210                nrfx_twim_enable
 .text.twim_list_enable_handle
                0x0000000000003260       0x40 Output/twi_scanner_pca10056 Debug/Obj/nrfx_twim.o
 .text.twim_xfer
                0x00000000000032a0      0x43c Output/twi_scanner_pca10056 Debug/Obj/nrfx_twim.o
 .text.nrfx_twim_xfer
                0x00000000000036dc       0xb8 Output/twi_scanner_pca10056 Debug/Obj/nrfx_twim.o
                0x00000000000036dc                nrfx_twim_xfer
 .text.nrfx_twim_rx
                0x0000000000003794       0x44 Output/twi_scanner_pca10056 Debug/Obj/nrfx_twim.o
                0x0000000000003794                nrfx_twim_rx
 .text.twim_irq_handler
                0x00000000000037d8      0x2a4 Output/twi_scanner_pca10056 Debug/Obj/nrfx_twim.o
 .text.SPIM0_SPIS0_TWIM0_TWIS0_SPI0_TWI0_IRQHandler
                0x0000000000003a7c       0x18 Output/twi_scanner_pca10056 Debug/Obj/nrfx_twim.o
                0x0000000000003a7c                SPIM0_SPIS0_TWIM0_TWIS0_SPI0_TWI0_IRQHandler
 .text.SPIM1_SPIS1_TWIM1_TWIS1_SPI1_TWI1_IRQHandler
                0x0000000000003a94       0x14 Output/twi_scanner_pca10056 Debug/Obj/nrfx_twim.o
                0x0000000000003a94                SPIM1_SPIS1_TWIM1_TWIS1_SPI1_TWI1_IRQHandler
 .text.nrf_drv_twi_enable
                0x0000000000003aa8       0x18 Output/twi_scanner_pca10056 Debug/Obj/main.o
 .text.nrf_drv_twi_rx
                0x0000000000003ac0       0x38 Output/twi_scanner_pca10056 Debug/Obj/main.o
 .text.twi_init
                0x0000000000003af8       0x5c Output/twi_scanner_pca10056 Debug/Obj/main.o
                0x0000000000003af8                twi_init
 .text.main     0x0000000000003b54       0xfc Output/twi_scanner_pca10056 Debug/Obj/main.o
                0x0000000000003b54                main
 .text._DoInit  0x0000000000003c50       0x9c Output/twi_scanner_pca10056 Debug/Obj/SEGGER_RTT.o
 .text._WriteBlocking
                0x0000000000003cec       0xb2 Output/twi_scanner_pca10056 Debug/Obj/SEGGER_RTT.o
 .text._WriteNoCheck
                0x0000000000003d9e       0x7e Output/twi_scanner_pca10056 Debug/Obj/SEGGER_RTT.o
 .text._GetAvailWriteSpace
                0x0000000000003e1c       0x3c Output/twi_scanner_pca10056 Debug/Obj/SEGGER_RTT.o
 .text.SEGGER_RTT_WriteNoLock
                0x0000000000003e58       0x9c Output/twi_scanner_pca10056 Debug/Obj/SEGGER_RTT.o
                0x0000000000003e58                SEGGER_RTT_WriteNoLock
 .text.SEGGER_RTT_Init
                0x0000000000003ef4        0xa Output/twi_scanner_pca10056 Debug/Obj/SEGGER_RTT.o
                0x0000000000003ef4                SEGGER_RTT_Init
 *fill*         0x0000000000003efe        0x2 
 .text.__NVIC_SystemReset
                0x0000000000003f00       0x24 Output/twi_scanner_pca10056 Debug/Obj/system_nrf52840.o
 .text.nrf52_errata_36
                0x0000000000003f24       0x54 Output/twi_scanner_pca10056 Debug/Obj/system_nrf52840.o
 .text.nrf52_errata_66
                0x0000000000003f78       0x54 Output/twi_scanner_pca10056 Debug/Obj/system_nrf52840.o
 .text.nrf52_errata_98
                0x0000000000003fcc       0x54 Output/twi_scanner_pca10056 Debug/Obj/system_nrf52840.o
 .text.nrf52_errata_103
                0x0000000000004020       0x54 Output/twi_scanner_pca10056 Debug/Obj/system_nrf52840.o
 .text.nrf52_errata_115
                0x0000000000004074       0x54 Output/twi_scanner_pca10056 Debug/Obj/system_nrf52840.o
 .text.nrf52_errata_120
                0x00000000000040c8       0x54 Output/twi_scanner_pca10056 Debug/Obj/system_nrf52840.o
 .text.nrf52_errata_136
                0x000000000000411c       0x54 Output/twi_scanner_pca10056 Debug/Obj/system_nrf52840.o
 .text.SystemCoreClockUpdate
                0x0000000000004170       0x14 Output/twi_scanner_pca10056 Debug/Obj/system_nrf52840.o
                0x0000000000004170                SystemCoreClockUpdate
 .text.SystemInit
                0x0000000000004184      0x250 Output/twi_scanner_pca10056 Debug/Obj/system_nrf52840.o
                0x0000000000004184                SystemInit
 .text.libc.__RAL_ascii_isctype
                0x00000000000043d4       0x1c C:/Program Files/SEGGER/SEGGER Embedded Studio for ARM 3.34/lib/libc_v7em_fpv4_sp_d16_hard_t_le_eabi.a(libc2.o)
 .text.libc.__RAL_ascii_toupper
                0x00000000000043f0        0xc C:/Program Files/SEGGER/SEGGER Embedded Studio for ARM 3.34/lib/libc_v7em_fpv4_sp_d16_hard_t_le_eabi.a(libc2.o)
 .text.libc.__RAL_ascii_tolower
                0x00000000000043fc        0xc C:/Program Files/SEGGER/SEGGER Embedded Studio for ARM 3.34/lib/libc_v7em_fpv4_sp_d16_hard_t_le_eabi.a(libc2.o)
 .text.libc.__RAL_ascii_iswctype
                0x0000000000004408       0x1c C:/Program Files/SEGGER/SEGGER Embedded Studio for ARM 3.34/lib/libc_v7em_fpv4_sp_d16_hard_t_le_eabi.a(libc2.o)
 .text.libc.__RAL_ascii_towupper
                0x0000000000004424        0xc C:/Program Files/SEGGER/SEGGER Embedded Studio for ARM 3.34/lib/libc_v7em_fpv4_sp_d16_hard_t_le_eabi.a(libc2.o)
 .text.libc.__RAL_ascii_towlower
                0x0000000000004430        0xc C:/Program Files/SEGGER/SEGGER Embedded Studio for ARM 3.34/lib/libc_v7em_fpv4_sp_d16_hard_t_le_eabi.a(libc2.o)
 .text.libc.__RAL_ascii_wctomb
                0x000000000000443c        0xe C:/Program Files/SEGGER/SEGGER Embedded Studio for ARM 3.34/lib/libc_v7em_fpv4_sp_d16_hard_t_le_eabi.a(libc2.o)
                0x000000000000443c                __RAL_ascii_wctomb
 .text.libc.__RAL_ascii_mbtowc
                0x000000000000444a       0x24 C:/Program Files/SEGGER/SEGGER Embedded Studio for ARM 3.34/lib/libc_v7em_fpv4_sp_d16_hard_t_le_eabi.a(libc2.o)
                0x000000000000444a                __RAL_ascii_mbtowc
 *fill*         0x000000000000446e        0x2 
 .text.libc.__RAL_isctype
                0x0000000000004470       0x14 C:/Program Files/SEGGER/SEGGER Embedded Studio for ARM 3.34/lib/libc_v7em_fpv4_sp_d16_hard_t_le_eabi.a(libc2.o)
                0x0000000000004470                __RAL_isctype
 .text.libc.isprint
                0x0000000000004484        0xa C:/Program Files/SEGGER/SEGGER Embedded Studio for ARM 3.34/lib/libc_v7em_fpv4_sp_d16_hard_t_le_eabi.a(libc2.o)
                0x0000000000004484                isprint
 *fill*         0x000000000000448e        0x2 
 .text.libc.memcpy
                0x0000000000004490       0x54 C:/Program Files/SEGGER/SEGGER Embedded Studio for ARM 3.34/lib/libc_v7em_fpv4_sp_d16_hard_t_le_eabi.a(libc2_asm.o)
                0x0000000000004490                __aeabi_memcpy
                0x0000000000004490                memcpy
                0x000000000000449c                __aeabi_memcpy8
                0x000000000000449c                __aeabi_memcpy4
 .text.libc.strcpy
                0x00000000000044e4       0x44 C:/Program Files/SEGGER/SEGGER Embedded Studio for ARM 3.34/lib/libc_v7em_fpv4_sp_d16_hard_t_le_eabi.a(libc2_asm.o)
                0x00000000000044e4                strcpy
 .text.libc.strlen
                0x0000000000004528       0x60 C:/Program Files/SEGGER/SEGGER Embedded Studio for ARM 3.34/lib/libc_v7em_fpv4_sp_d16_hard_t_le_eabi.a(libc2_asm.o)
                0x0000000000004528                strlen
                0x0000000000004588                __text_end__ = (__text_start__ + SIZEOF (.text))
                0x00000000000041b4                __text_size__ = SIZEOF (.text)
                0x0000000000004588                __text_load_end__ = __text_end__

.vfp11_veneer   0x0000000100000000        0x0
 .vfp11_veneer  0x0000000100000000        0x0 linker stubs

.v4_bx          0x0000000100000000        0x0
 .v4_bx         0x0000000100000000        0x0 linker stubs

.iplt           0x0000000100000000        0x0
 .iplt          0x0000000100000000        0x0 Output/twi_scanner_pca10056 Debug/Obj/thumb_crt0.o
                0x0000000000000001                . = ASSERT (((__text_start__ == __text_end__) || ((__text_end__ >= __FLASH_segment_start__) && (__text_end__ <= __FLASH_segment_end__))), error: .text is too large to fit in FLASH memory segment)
                0x0000000000004588                __log_const_data_load_start__ = ALIGN (__text_end__, 0x4)

.log_const_data
                0x0000000000004588       0x28
                0x0000000000004588                __log_const_data_start__ = .
                0x0000000000004588                __start_log_const_data = __log_const_data_start__
 *(SORT(.log_const_data*))
 .log_const_data_PRS
                0x0000000000004588        0x8 Output/twi_scanner_pca10056 Debug/Obj/nrfx_prs.o
                0x0000000000004588                m_nrf_log_PRS_logs_data_const
 .log_const_data_TWIM
                0x0000000000004590        0x8 Output/twi_scanner_pca10056 Debug/Obj/nrfx_twim.o
                0x0000000000004590                m_nrf_log_TWIM_logs_data_const
 .log_const_data_UART
                0x0000000000004598        0x8 Output/twi_scanner_pca10056 Debug/Obj/nrfx_uart.o
                0x0000000000004598                m_nrf_log_UART_logs_data_const
 .log_const_data_UARTE
                0x00000000000045a0        0x8 Output/twi_scanner_pca10056 Debug/Obj/nrfx_uarte.o
                0x00000000000045a0                m_nrf_log_UARTE_logs_data_const
 .log_const_data_app
                0x00000000000045a8        0x8 Output/twi_scanner_pca10056 Debug/Obj/nrf_log_frontend.o
                0x00000000000045a8                m_nrf_log_app_logs_data_const
                0x00000000000045b0                __log_const_data_end__ = (__log_const_data_start__ + SIZEOF (.log_const_data))
                0x0000000000000028                __log_const_data_size__ = SIZEOF (.log_const_data)
                0x00000000000045b0                __stop_log_const_data = __log_const_data_end__
                0x00000000000045b0                __log_const_data_load_end__ = __log_const_data_end__
                0x0000000000000001                . = ASSERT (((__log_const_data_start__ == __log_const_data_end__) || ((__log_const_data_end__ >= __FLASH_segment_start__) && (__log_const_data_end__ <= __FLASH_segment_end__))), error: .log_const_data is too large to fit in FLASH memory segment)
                0x00000000000045b0                __log_backends_load_start__ = ALIGN (__log_const_data_end__, 0x4)

.log_backends   0x00000000000045b0       0x10
                0x00000000000045b0                __log_backends_start__ = .
                0x00000000000045b0                __start_log_backends = __log_backends_start__
 *(SORT(.log_backends*))
 .log_backends  0x00000000000045b0       0x10 Output/twi_scanner_pca10056 Debug/Obj/nrf_log_default_backends.o
                0x00000000000045c0                __log_backends_end__ = (__log_backends_start__ + SIZEOF (.log_backends))
                0x0000000000000010                __log_backends_size__ = SIZEOF (.log_backends)
                0x00000000000045c0                __stop_log_backends = __log_backends_end__
                0x00000000000045c0                __log_backends_load_end__ = __log_backends_end__
                0x0000000000000001                . = ASSERT (((__log_backends_start__ == __log_backends_end__) || ((__log_backends_end__ >= __FLASH_segment_start__) && (__log_backends_end__ <= __FLASH_segment_end__))), error: .log_backends is too large to fit in FLASH memory segment)
                0x00000000000045c0                __nrf_balloc_load_start__ = ALIGN (__log_backends_end__, 0x4)

.nrf_balloc     0x00000000000045c0       0x14
                0x00000000000045c0                __nrf_balloc_start__ = .
                0x00000000000045c0                __start_nrf_balloc = __nrf_balloc_start__
 *(.nrf_balloc*)
 .nrf_balloc    0x00000000000045c0       0x14 Output/twi_scanner_pca10056 Debug/Obj/nrf_log_frontend.o
                0x00000000000045c0                log_mempool
                0x00000000000045d4                __nrf_balloc_end__ = (__nrf_balloc_start__ + SIZEOF (.nrf_balloc))
                0x0000000000000014                __nrf_balloc_size__ = SIZEOF (.nrf_balloc)
                0x00000000000045d4                __stop_nrf_balloc = __nrf_balloc_end__
                0x00000000000045d4                __nrf_balloc_load_end__ = __nrf_balloc_end__
                0x0000000000000001                . = ASSERT (((__nrf_balloc_start__ == __nrf_balloc_end__) || ((__nrf_balloc_end__ >= __FLASH_segment_start__) && (__nrf_balloc_end__ <= __FLASH_segment_end__))), error: .nrf_balloc is too large to fit in FLASH memory segment)
                0x00000000000045d4                __nrf_sections_load_start__ = ALIGN (__nrf_balloc_end__, 0x4)

.nrf_sections   0x00000000000045d4        0x0
                0x00000000000045d4                __nrf_sections_start__ = .
                0x00000000000045d4                __start_nrf_sections = __nrf_sections_start__
 *(.nrf_sections .nrf_sections.*)
                0x00000000000045d4                __nrf_sections_end__ = (__nrf_sections_start__ + SIZEOF (.nrf_sections))
                0x0000000000000000                __nrf_sections_size__ = SIZEOF (.nrf_sections)
                0x00000000000045d4                __nrf_sections_load_end__ = __nrf_sections_end__
                0x0000000000000001                . = ASSERT (((__nrf_sections_start__ == __nrf_sections_end__) || ((__nrf_sections_end__ >= __FLASH_segment_start__) && (__nrf_sections_end__ <= __FLASH_segment_end__))), error: .nrf_sections is too large to fit in FLASH memory segment)
                0x00000000000045d4                __log_dynamic_data_load_start__ = ALIGN (__nrf_sections_end__, 0x4)

.log_dynamic_data
                0x0000000020000000        0x0 load address 0x00000000000045d4
                0x0000000020000000                __log_dynamic_data_start__ = .
 *(SORT(.log_dynamic_data*))
                0x0000000020000000                __log_dynamic_data_end__ = (__log_dynamic_data_start__ + SIZEOF (.log_dynamic_data))
                0x0000000000000000                __log_dynamic_data_size__ = SIZEOF (.log_dynamic_data)
                0x00000000000045d4                __log_dynamic_data_load_end__ = (__log_dynamic_data_load_start__ + SIZEOF (.log_dynamic_data))
                0x0000000000000001                . = ASSERT (((__log_dynamic_data_load_start__ == __log_dynamic_data_load_end__) || ((__log_dynamic_data_load_end__ >= __FLASH_segment_start__) && (__log_dynamic_data_load_end__ <= __FLASH_segment_end__))), error: .log_dynamic_data is too large to fit in FLASH memory segment)

.log_dynamic_data_run
                0x0000000020000000        0x0
                0x0000000020000000                __log_dynamic_data_run_start__ = .
                0x0000000020000000                __start_log_dynamic_data = __log_dynamic_data_run_start__
                0x0000000020000000                . = MAX ((__log_dynamic_data_run_start__ + SIZEOF (.log_dynamic_data)), .)
                0x0000000020000000                __log_dynamic_data_run_end__ = (__log_dynamic_data_run_start__ + SIZEOF (.log_dynamic_data_run))
                0x0000000000000000                __log_dynamic_data_run_size__ = SIZEOF (.log_dynamic_data_run)
                0x0000000020000000                __stop_log_dynamic_data = __log_dynamic_data_run_end__
                0x0000000020000000                __log_dynamic_data_run_load_end__ = __log_dynamic_data_run_end__
                0x0000000000000001                . = ASSERT (((__log_dynamic_data_run_start__ == __log_dynamic_data_run_end__) || ((__log_dynamic_data_run_end__ >= __RAM1_segment_start__) && (__log_dynamic_data_run_end__ <= __RAM1_segment_end__))), error: .log_dynamic_data_run is too large to fit in RAM1 memory segment)
                0x00000000000045d4                __log_filter_data_load_start__ = ALIGN ((__log_dynamic_data_load_start__ + SIZEOF (.log_dynamic_data)), 0x4)

.log_filter_data
                0x0000000020000000        0x0 load address 0x00000000000045d4
                0x0000000020000000                __log_filter_data_start__ = .
 *(SORT(.log_filter_data*))
                0x0000000020000000                __log_filter_data_end__ = (__log_filter_data_start__ + SIZEOF (.log_filter_data))
                0x0000000000000000                __log_filter_data_size__ = SIZEOF (.log_filter_data)
                0x00000000000045d4                __log_filter_data_load_end__ = (__log_filter_data_load_start__ + SIZEOF (.log_filter_data))
                0x0000000000000001                . = ASSERT (((__log_filter_data_load_start__ == __log_filter_data_load_end__) || ((__log_filter_data_load_end__ >= __FLASH_segment_start__) && (__log_filter_data_load_end__ <= __FLASH_segment_end__))), error: .log_filter_data is too large to fit in FLASH memory segment)

.log_filter_data_run
                0x0000000020000000        0x0
                0x0000000020000000                __log_filter_data_run_start__ = .
                0x0000000020000000                __start_log_filter_data = __log_filter_data_run_start__
                0x0000000020000000                . = MAX ((__log_filter_data_run_start__ + SIZEOF (.log_filter_data)), .)
                0x0000000020000000                __log_filter_data_run_end__ = (__log_filter_data_run_start__ + SIZEOF (.log_filter_data_run))
                0x0000000000000000                __log_filter_data_run_size__ = SIZEOF (.log_filter_data_run)
                0x0000000020000000                __stop_log_filter_data = __log_filter_data_run_end__
                0x0000000020000000                __log_filter_data_run_load_end__ = __log_filter_data_run_end__
                0x0000000000000001                . = ASSERT (((__log_filter_data_run_start__ == __log_filter_data_run_end__) || ((__log_filter_data_run_end__ >= __RAM1_segment_start__) && (__log_filter_data_run_end__ <= __RAM1_segment_end__))), error: .log_filter_data_run is too large to fit in RAM1 memory segment)
                0x0000000020000000                __nrf_sections_run_end_load_start__ = ALIGN (__log_filter_data_run_end__, 0x4)

.nrf_sections_run_end
                0x0000000020000000        0x0
                0x0000000020000000                __nrf_sections_run_end_start__ = .
                0x0000000020000000                __end_nrf_sections_run = __nrf_sections_run_end_start__
 *(.nrf_sections_run_end .nrf_sections_run_end.*)
                0x0000000020000000                __nrf_sections_run_end_end__ = (__nrf_sections_run_end_start__ + SIZEOF (.nrf_sections_run_end))
                0x0000000000000000                __nrf_sections_run_end_size__ = SIZEOF (.nrf_sections_run_end)
                0x0000000020000000                __nrf_sections_run_end_load_end__ = __nrf_sections_run_end_end__
                0x0000000000000001                . = ASSERT (((__nrf_sections_run_end_start__ == __nrf_sections_run_end_end__) || ((__nrf_sections_run_end_end__ >= __RAM1_segment_start__) && (__nrf_sections_run_end_end__ <= __RAM1_segment_end__))), error: .nrf_sections_run_end is too large to fit in RAM1 memory segment)
                0x00000000000045d4                __dtors_load_start__ = ALIGN ((__log_filter_data_load_start__ + SIZEOF (.log_filter_data)), 0x4)

.dtors          0x00000000000045d4        0x0
                0x00000000000045d4                __dtors_start__ = .
 *(SORT(.dtors.*))
 *(.dtors)
 *(.fini_array)
 *(SORT(.fini_array.*))
                0x00000000000045d4                __dtors_end__ = (__dtors_start__ + SIZEOF (.dtors))
                0x0000000000000000                __dtors_size__ = SIZEOF (.dtors)
                0x00000000000045d4                __dtors_load_end__ = __dtors_end__
                0x0000000000000001                . = ASSERT (((__dtors_start__ == __dtors_end__) || ((__dtors_end__ >= __FLASH_segment_start__) && (__dtors_end__ <= __FLASH_segment_end__))), error: .dtors is too large to fit in FLASH memory segment)
                0x00000000000045d4                __ctors_load_start__ = ALIGN (__dtors_end__, 0x4)

.ctors          0x00000000000045d4        0x0
                0x00000000000045d4                __ctors_start__ = .
 *(SORT(.ctors.*))
 *(.ctors)
 *(.init_array)
 *(SORT(.init_array.*))
                0x00000000000045d4                __ctors_end__ = (__ctors_start__ + SIZEOF (.ctors))
                0x0000000000000000                __ctors_size__ = SIZEOF (.ctors)
                0x00000000000045d4                __ctors_load_end__ = __ctors_end__
                0x0000000000000001                . = ASSERT (((__ctors_start__ == __ctors_end__) || ((__ctors_end__ >= __FLASH_segment_start__) && (__ctors_end__ <= __FLASH_segment_end__))), error: .ctors is too large to fit in FLASH memory segment)
                0x00000000000045d4                __rodata_load_start__ = ALIGN (__ctors_end__, 0x4)

.rodata         0x00000000000045d4      0xf6c
                0x00000000000045d4                __rodata_start__ = .
 *(.rodata .rodata.* .gnu.linkonce.r.*)
 .rodata.nrf_log_backend_rtt_api
                0x00000000000045d4        0xc Output/twi_scanner_pca10056 Debug/Obj/nrf_log_backend_rtt.o
                0x00000000000045d4                nrf_log_backend_rtt_api
 .rodata.delay_machine_code.8312
                0x00000000000045e0        0x6 Output/twi_scanner_pca10056 Debug/Obj/nrf_log_backend_rtt.o
 *fill*         0x00000000000045e6        0x2 
 .rodata        0x00000000000045e8       0x84 Output/twi_scanner_pca10056 Debug/Obj/nrf_log_default_backends.o
 .rodata.m_log_push_ringbuf
                0x000000000000466c        0xc Output/twi_scanner_pca10056 Debug/Obj/nrf_log_frontend.o
 .rodata        0x0000000000004678       0x81 Output/twi_scanner_pca10056 Debug/Obj/nrf_log_frontend.o
 *fill*         0x00000000000046f9        0x3 
 .rodata        0x00000000000046fc       0xaa Output/twi_scanner_pca10056 Debug/Obj/nrf_log_str_formatter.o
 *fill*         0x00000000000047a6        0x2 
 .rodata        0x00000000000047a8       0x70 Output/twi_scanner_pca10056 Debug/Obj/app_error_weak.o
 .rodata        0x0000000000004818       0x6a Output/twi_scanner_pca10056 Debug/Obj/app_util_platform.o
 *fill*         0x0000000000004882        0x2 
 .rodata        0x0000000000004884       0x65 Output/twi_scanner_pca10056 Debug/Obj/nrf_balloc.o
 *fill*         0x00000000000048e9        0x3 
 .rodata        0x00000000000048ec       0x5b Output/twi_scanner_pca10056 Debug/Obj/nrf_fprintf.o
 *fill*         0x0000000000004947        0x1 
 .rodata        0x0000000000004948       0x62 Output/twi_scanner_pca10056 Debug/Obj/nrf_fprintf_format.o
 *fill*         0x00000000000049aa        0x2 
 .rodata._aV2C.7637
                0x00000000000049ac       0x10 Output/twi_scanner_pca10056 Debug/Obj/nrf_fprintf_format.o
 .rodata        0x00000000000049bc       0x65 Output/twi_scanner_pca10056 Debug/Obj/nrf_memobj.o
 *fill*         0x0000000000004a21        0x3 
 .rodata.m_unknown_str
                0x0000000000004a24       0x13 Output/twi_scanner_pca10056 Debug/Obj/nrf_strerror.o
 *fill*         0x0000000000004a37        0x1 
 .rodata        0x0000000000004a38      0x3bd Output/twi_scanner_pca10056 Debug/Obj/nrf_strerror.o
 *fill*         0x0000000000004df5        0x3 
 .rodata.nrf_strerror_array
                0x0000000000004df8      0x118 Output/twi_scanner_pca10056 Debug/Obj/nrf_strerror.o
 .rodata        0x0000000000004f10       0x2e Output/twi_scanner_pca10056 Debug/Obj/nrf_drv_twi.o
 *fill*         0x0000000000004f3e        0x2 
 .rodata.delay_machine_code.7704
                0x0000000000004f40        0x6 Output/twi_scanner_pca10056 Debug/Obj/nrf_drv_twi.o
 *fill*         0x0000000000004f46        0x2 
 .rodata        0x0000000000004f48       0x68 Output/twi_scanner_pca10056 Debug/Obj/nrfx_prs.o
 .rodata        0x0000000000004fb0       0xc9 Output/twi_scanner_pca10056 Debug/Obj/nrfx_twim.o
 *fill*         0x0000000000005079        0x3 
 .rodata.irq_handlers.8689
                0x000000000000507c        0x8 Output/twi_scanner_pca10056 Debug/Obj/nrfx_twim.o
 .rodata        0x0000000000005084       0xc9 Output/twi_scanner_pca10056 Debug/Obj/nrfx_uart.o
 *fill*         0x000000000000514d        0x3 
 .rodata        0x0000000000005150       0xca Output/twi_scanner_pca10056 Debug/Obj/nrfx_uarte.o
 *fill*         0x000000000000521a        0x2 
 .rodata.m_twi  0x000000000000521c       0x10 Output/twi_scanner_pca10056 Debug/Obj/main.o
 .rodata        0x000000000000522c       0xb9 Output/twi_scanner_pca10056 Debug/Obj/main.o
 *fill*         0x00000000000052e5        0x3 
 .rodata        0x00000000000052e8       0x17 Output/twi_scanner_pca10056 Debug/Obj/SEGGER_RTT.o
 *fill*         0x00000000000052ff        0x1 
 .rodata.libc.__RAL_ascii_ctype_map
                0x0000000000005300       0x80 C:/Program Files/SEGGER/SEGGER Embedded Studio for ARM 3.34/lib/libc_v7em_fpv4_sp_d16_hard_t_le_eabi.a(libc2.o)
                0x0000000000005300                __RAL_ascii_ctype_map
 .rodata.libc.__RAL_ascii_ctype_mask
                0x0000000000005380        0xd C:/Program Files/SEGGER/SEGGER Embedded Studio for ARM 3.34/lib/libc_v7em_fpv4_sp_d16_hard_t_le_eabi.a(libc2.o)
 *fill*         0x000000000000538d        0x3 
 .rodata.libc.__RAL_c_locale
                0x0000000000005390        0xc C:/Program Files/SEGGER/SEGGER Embedded Studio for ARM 3.34/lib/libc_v7em_fpv4_sp_d16_hard_t_le_eabi.a(libc2.o)
                0x0000000000005390                __RAL_c_locale
 .rodata.libc.__RAL_c_locale_abbrev_day_names
                0x000000000000539c       0x1d C:/Program Files/SEGGER/SEGGER Embedded Studio for ARM 3.34/lib/libc_v7em_fpv4_sp_d16_hard_t_le_eabi.a(libc2.o)
                0x000000000000539c                __RAL_c_locale_abbrev_day_names
 *fill*         0x00000000000053b9        0x3 
 .rodata.libc.__RAL_c_locale_abbrev_month_names
                0x00000000000053bc       0x31 C:/Program Files/SEGGER/SEGGER Embedded Studio for ARM 3.34/lib/libc_v7em_fpv4_sp_d16_hard_t_le_eabi.a(libc2.o)
                0x00000000000053bc                __RAL_c_locale_abbrev_month_names
 *fill*         0x00000000000053ed        0x3 
 .rodata.libc.__RAL_c_locale_am_pm_indicator
                0x00000000000053f0        0x7 C:/Program Files/SEGGER/SEGGER Embedded Studio for ARM 3.34/lib/libc_v7em_fpv4_sp_d16_hard_t_le_eabi.a(libc2.o)
                0x00000000000053f0                __RAL_c_locale_am_pm_indicator
 *fill*         0x00000000000053f7        0x1 
 .rodata.libc.__RAL_c_locale_data
                0x00000000000053f8       0x58 C:/Program Files/SEGGER/SEGGER Embedded Studio for ARM 3.34/lib/libc_v7em_fpv4_sp_d16_hard_t_le_eabi.a(libc2.o)
                0x00000000000053f8                __RAL_c_locale_data
 .rodata.libc.__RAL_c_locale_date_format
                0x0000000000005450        0x9 C:/Program Files/SEGGER/SEGGER Embedded Studio for ARM 3.34/lib/libc_v7em_fpv4_sp_d16_hard_t_le_eabi.a(libc2.o)
                0x0000000000005450                __RAL_c_locale_date_format
 *fill*         0x0000000000005459        0x3 
 .rodata.libc.__RAL_c_locale_date_time_format
                0x000000000000545c        0xf C:/Program Files/SEGGER/SEGGER Embedded Studio for ARM 3.34/lib/libc_v7em_fpv4_sp_d16_hard_t_le_eabi.a(libc2.o)
                0x000000000000545c                __RAL_c_locale_date_time_format
 *fill*         0x000000000000546b        0x1 
 .rodata.libc.__RAL_c_locale_day_names
                0x000000000000546c       0x3a C:/Program Files/SEGGER/SEGGER Embedded Studio for ARM 3.34/lib/libc_v7em_fpv4_sp_d16_hard_t_le_eabi.a(libc2.o)
                0x000000000000546c                __RAL_c_locale_day_names
 *fill*         0x00000000000054a6        0x2 
 .rodata.libc.__RAL_c_locale_month_names
                0x00000000000054a8       0x57 C:/Program Files/SEGGER/SEGGER Embedded Studio for ARM 3.34/lib/libc_v7em_fpv4_sp_d16_hard_t_le_eabi.a(libc2.o)
                0x00000000000054a8                __RAL_c_locale_month_names
 *fill*         0x00000000000054ff        0x1 
 .rodata.libc.__RAL_c_locale_time_format
                0x0000000000005500        0x9 C:/Program Files/SEGGER/SEGGER Embedded Studio for ARM 3.34/lib/libc_v7em_fpv4_sp_d16_hard_t_le_eabi.a(libc2.o)
                0x0000000000005500                __RAL_c_locale_time_format
 *fill*         0x0000000000005509        0x3 
 .rodata.libc.__RAL_codeset_ascii
                0x000000000000550c       0x20 C:/Program Files/SEGGER/SEGGER Embedded Studio for ARM 3.34/lib/libc_v7em_fpv4_sp_d16_hard_t_le_eabi.a(libc2.o)
                0x000000000000550c                __RAL_codeset_ascii
 .rodata.libc.__RAL_data_empty_string
                0x000000000000552c        0x1 C:/Program Files/SEGGER/SEGGER Embedded Studio for ARM 3.34/lib/libc_v7em_fpv4_sp_d16_hard_t_le_eabi.a(libc2.o)
                0x000000000000552c                __RAL_data_empty_string
 *fill*         0x000000000000552d        0x3 
 .rodata.libc.__RAL_data_utf8_period
                0x0000000000005530        0x2 C:/Program Files/SEGGER/SEGGER Embedded Studio for ARM 3.34/lib/libc_v7em_fpv4_sp_d16_hard_t_le_eabi.a(libc2.o)
                0x0000000000005530                __RAL_data_utf8_period
 *fill*         0x0000000000005532        0x2 
 .rodata.libc.__RAL_find_locale.str1.4
                0x0000000000005534        0xc C:/Program Files/SEGGER/SEGGER Embedded Studio for ARM 3.34/lib/libc_v7em_fpv4_sp_d16_hard_t_le_eabi.a(libc2.o)
                                          0xa (size before relaxing)
                0x0000000000005540                __rodata_end__ = (__rodata_start__ + SIZEOF (.rodata))
                0x0000000000000f6c                __rodata_size__ = SIZEOF (.rodata)
                0x0000000000005540                __rodata_load_end__ = __rodata_end__

.rel.dyn        0x0000000000005540        0x0
 .rel.iplt      0x0000000000005540        0x0 Output/twi_scanner_pca10056 Debug/Obj/thumb_crt0.o
                0x0000000000000001                . = ASSERT (((__rodata_start__ == __rodata_end__) || ((__rodata_end__ >= __FLASH_segment_start__) && (__rodata_end__ <= __FLASH_segment_end__))), error: .rodata is too large to fit in FLASH memory segment)
                0x0000000000005540                __ARM.exidx_load_start__ = ALIGN (__rodata_end__, 0x4)

.ARM.exidx      0x0000000000005540        0x0
                0x0000000000005540                __ARM.exidx_start__ = .
                0x0000000000005540                __exidx_start = __ARM.exidx_start__
 *(.ARM.exidx .ARM.exidx.*)
                0x0000000000005540                __ARM.exidx_end__ = (__ARM.exidx_start__ + SIZEOF (.ARM.exidx))
                0x0000000000000000                __ARM.exidx_size__ = SIZEOF (.ARM.exidx)
                0x0000000000005540                __exidx_end = __ARM.exidx_end__
                0x0000000000005540                __ARM.exidx_load_end__ = __ARM.exidx_end__
                0x0000000000000001                . = ASSERT (((__ARM.exidx_start__ == __ARM.exidx_end__) || ((__ARM.exidx_end__ >= __FLASH_segment_start__) && (__ARM.exidx_end__ <= __FLASH_segment_end__))), error: .ARM.exidx is too large to fit in FLASH memory segment)
                0x0000000000005540                __fast_load_start__ = ALIGN (__ARM.exidx_end__, 0x4)

.fast           0x0000000020000000        0x0 load address 0x0000000000005540
                0x0000000020000000                __fast_start__ = .
 *(.fast .fast.*)
                0x0000000020000000                __fast_end__ = (__fast_start__ + SIZEOF (.fast))
                0x0000000000000000                __fast_size__ = SIZEOF (.fast)
                0x0000000000005540                __fast_load_end__ = (__fast_load_start__ + SIZEOF (.fast))
                0x0000000000000001                . = ASSERT (((__fast_load_start__ == __fast_load_end__) || ((__fast_load_end__ >= __FLASH_segment_start__) && (__fast_load_end__ <= __FLASH_segment_end__))), error: .fast is too large to fit in FLASH memory segment)

.fast_run       0x0000000020000000        0x0
                0x0000000020000000                __fast_run_start__ = .
                0x0000000020000000                . = MAX ((__fast_run_start__ + SIZEOF (.fast)), .)
                0x0000000020000000                __fast_run_end__ = (__fast_run_start__ + SIZEOF (.fast_run))
                0x0000000000000000                __fast_run_size__ = SIZEOF (.fast_run)
                0x0000000020000000                __fast_run_load_end__ = __fast_run_end__
                0x0000000000000001                . = ASSERT (((__fast_run_start__ == __fast_run_end__) || ((__fast_run_end__ >= __RAM1_segment_start__) && (__fast_run_end__ <= __RAM1_segment_end__))), error: .fast_run is too large to fit in RAM1 memory segment)
                0x0000000000005540                __data_load_start__ = ALIGN ((__fast_load_start__ + SIZEOF (.fast)), 0x4)

.data           0x0000000020000000       0x5c load address 0x0000000000005540
                0x0000000020000000                __data_start__ = .
 *(.data .data.* .gnu.linkonce.d.*)
 .data.log_backend_cb_rtt_log_backend
                0x0000000020000000        0x8 Output/twi_scanner_pca10056 Debug/Obj/nrf_log_default_backends.o
 .data.m_buffer_mask
                0x0000000020000008        0x4 Output/twi_scanner_pca10056 Debug/Obj/nrf_log_frontend.o
 .data.severity_names
                0x000000002000000c       0x14 Output/twi_scanner_pca10056 Debug/Obj/nrf_log_str_formatter.o
 .data.m_colors
                0x0000000020000020       0x24 Output/twi_scanner_pca10056 Debug/Obj/nrf_log_str_formatter.o
 .data.SystemCoreClock
                0x0000000020000044        0x4 Output/twi_scanner_pca10056 Debug/Obj/system_nrf52840.o
                0x0000000020000044                SystemCoreClock
 .data.libc.__RAL_global_locale
                0x0000000020000048       0x14 C:/Program Files/SEGGER/SEGGER Embedded Studio for ARM 3.34/lib/libc_v7em_fpv4_sp_d16_hard_t_le_eabi.a(libc2.o)
                0x0000000020000048                __RAL_global_locale
                0x000000002000005c                __data_end__ = (__data_start__ + SIZEOF (.data))
                0x000000000000005c                __data_size__ = SIZEOF (.data)
                0x000000000000559c                __data_load_end__ = (__data_load_start__ + SIZEOF (.data))

.igot.plt       0x0000000100000000        0x0
 .igot.plt      0x0000000100000000        0x0 Output/twi_scanner_pca10056 Debug/Obj/thumb_crt0.o
                0x0000000000000001                . = ASSERT (((__data_load_start__ == __data_load_end__) || ((__data_load_end__ >= __FLASH_segment_start__) && (__data_load_end__ <= __FLASH_segment_end__))), error: .data is too large to fit in FLASH memory segment)

.data_run       0x0000000020000000       0x5c load address 0x0000000000005540
                0x0000000020000000                __data_run_start__ = .
                0x000000002000005c                . = MAX ((__data_run_start__ + SIZEOF (.data)), .)
 *fill*         0x0000000020000000       0x5c 
                0x000000002000005c                __data_run_end__ = (__data_run_start__ + SIZEOF (.data_run))
                0x000000000000005c                __data_run_size__ = SIZEOF (.data_run)
                0x000000002000005c                __data_run_load_end__ = __data_run_end__
                0x0000000000000001                . = ASSERT (((__data_run_start__ == __data_run_end__) || ((__data_run_end__ >= __RAM1_segment_start__) && (__data_run_end__ <= __RAM1_segment_end__))), error: .data_run is too large to fit in RAM1 memory segment)
                0x000000000000559c                __tdata_load_start__ = ALIGN ((__data_load_start__ + SIZEOF (.data)), 0x4)

.tdata          0x000000002000005c        0x0 load address 0x000000000000559c
                0x000000002000005c                __tdata_start__ = .
 *(.tdata .tdata.*)
                0x000000002000005c                __tdata_end__ = (__tdata_start__ + SIZEOF (.tdata))
                0x0000000000000000                __tdata_size__ = SIZEOF (.tdata)
                0x000000000000559c                __tdata_load_end__ = (__tdata_load_start__ + SIZEOF (.tdata))
                0x000000000000559c                __FLASH_segment_used_end__ = (ALIGN ((__data_load_start__ + SIZEOF (.data)), 0x4) + SIZEOF (.tdata))
                0x000000000000559c                __FLASH_segment_used_size__ = (__FLASH_segment_used_end__ - __FLASH_segment_start__)
                0x0000000000000001                . = ASSERT (((__tdata_load_start__ == __tdata_load_end__) || ((__tdata_load_end__ >= __FLASH_segment_start__) && (__tdata_load_end__ <= __FLASH_segment_end__))), error: .tdata is too large to fit in FLASH memory segment)

.tdata_run      0x000000002000005c        0x0
                0x000000002000005c                __tdata_run_start__ = .
                0x000000002000005c                . = MAX ((__tdata_run_start__ + SIZEOF (.tdata)), .)
                0x000000002000005c                __tdata_run_end__ = (__tdata_run_start__ + SIZEOF (.tdata_run))
                0x0000000000000000                __tdata_run_size__ = SIZEOF (.tdata_run)
                0x000000002000005c                __tdata_run_load_end__ = __tdata_run_end__
                0x0000000000000001                . = ASSERT (((__tdata_run_start__ == __tdata_run_end__) || ((__tdata_run_end__ >= __RAM1_segment_start__) && (__tdata_run_end__ <= __RAM1_segment_end__))), error: .tdata_run is too large to fit in RAM1 memory segment)
                0x000000002000005c                __bss_load_start__ = ALIGN (__tdata_run_end__, 0x4)

.bss            0x000000002000005c      0x8f8
                0x000000002000005c                __bss_start__ = .
 *(.bss .bss.* .gnu.linkonce.b.*)
 .bss.m_host_present
                0x000000002000005c        0x1 Output/twi_scanner_pca10056 Debug/Obj/nrf_log_backend_rtt.o
 *fill*         0x000000002000005d        0x3 
 .bss.m_string_buff
                0x0000000020000060       0x40 Output/twi_scanner_pca10056 Debug/Obj/nrf_log_backend_rtt.o
 .bss.log_mempool_nrf_balloc_pool_stack
                0x00000000200000a0        0x8 Output/twi_scanner_pca10056 Debug/Obj/nrf_log_frontend.o
 .bss.log_mempool_nrf_balloc_pool_mem
                0x00000000200000a8       0xc0 Output/twi_scanner_pca10056 Debug/Obj/nrf_log_frontend.o
 .bss.log_mempool_nrf_balloc_cb
                0x0000000020000168        0x8 Output/twi_scanner_pca10056 Debug/Obj/nrf_log_frontend.o
 .bss.m_log_push_ringbuf_buf
                0x0000000020000170       0x80 Output/twi_scanner_pca10056 Debug/Obj/nrf_log_frontend.o
 .bss.m_log_push_ringbuf_cb
                0x00000000200001f0       0x18 Output/twi_scanner_pca10056 Debug/Obj/nrf_log_frontend.o
 .bss.m_log_data
                0x0000000020000208      0x420 Output/twi_scanner_pca10056 Debug/Obj/nrf_log_frontend.o
 .bss.m_error_data.7557
                0x0000000020000628       0x20 Output/twi_scanner_pca10056 Debug/Obj/app_error.o
 .bss.m_in_critical_region
                0x0000000020000648        0x4 Output/twi_scanner_pca10056 Debug/Obj/app_util_platform.o
 .bss.m_handlers
                0x000000002000064c        0x8 Output/twi_scanner_pca10056 Debug/Obj/nrf_drv_twi.o
 .bss.m_contexts
                0x0000000020000654        0x8 Output/twi_scanner_pca10056 Debug/Obj/nrf_drv_twi.o
 .bss.m_prs_box_4
                0x000000002000065c        0x8 Output/twi_scanner_pca10056 Debug/Obj/nrfx_prs.o
 .bss.m_cb      0x0000000020000664       0x68 Output/twi_scanner_pca10056 Debug/Obj/nrfx_twim.o
 .bss._SEGGER_RTT
                0x00000000200006cc       0x78 Output/twi_scanner_pca10056 Debug/Obj/SEGGER_RTT.o
                0x00000000200006cc                _SEGGER_RTT
 .bss._acUpBuffer
                0x0000000020000744      0x200 Output/twi_scanner_pca10056 Debug/Obj/SEGGER_RTT.o
 .bss._acDownBuffer
                0x0000000020000944       0x10 Output/twi_scanner_pca10056 Debug/Obj/SEGGER_RTT.o
 *(COMMON)
                0x0000000020000954                __bss_end__ = (__bss_start__ + SIZEOF (.bss))
                0x00000000000008f8                __bss_size__ = SIZEOF (.bss)
                0x0000000020000954                __bss_load_end__ = __bss_end__
                0x0000000000000001                . = ASSERT (((__bss_start__ == __bss_end__) || ((__bss_end__ >= __RAM1_segment_start__) && (__bss_end__ <= __RAM1_segment_end__))), error: .bss is too large to fit in RAM1 memory segment)
                0x0000000020000954                __tbss_load_start__ = ALIGN (__bss_end__, 0x4)

.tbss           0x0000000020000954        0x0
                0x0000000020000954                __tbss_start__ = .
 *(.tbss .tbss.*)
                0x0000000020000954                __tbss_end__ = (__tbss_start__ + SIZEOF (.tbss))
                0x0000000000000000                __tbss_size__ = SIZEOF (.tbss)
                0x0000000020000954                __tbss_load_end__ = __tbss_end__
                0x0000000000000001                . = ASSERT (((__tbss_start__ == __tbss_end__) || ((__tbss_end__ >= __RAM1_segment_start__) && (__tbss_end__ <= __RAM1_segment_end__))), error: .tbss is too large to fit in RAM1 memory segment)
                0x0000000020000954                __non_init_load_start__ = ALIGN (__tbss_end__, 0x4)

.non_init       0x0000000020000954        0x0
                0x0000000020000954                __non_init_start__ = .
 *(.non_init .non_init.*)
                0x0000000020000954                __non_init_end__ = (__non_init_start__ + SIZEOF (.non_init))
                0x0000000000000000                __non_init_size__ = SIZEOF (.non_init)
                0x0000000020000954                __non_init_load_end__ = __non_init_end__
                0x0000000000000001                . = ASSERT (((__non_init_start__ == __non_init_end__) || ((__non_init_end__ >= __RAM1_segment_start__) && (__non_init_end__ <= __RAM1_segment_end__))), error: .non_init is too large to fit in RAM1 memory segment)
                0x0000000020000954                __heap_load_start__ = ALIGN (__non_init_end__, 0x4)

.heap           0x0000000020000954     0x2000
                0x0000000020000954                __heap_start__ = .
 *(.heap .heap.*)
                0x0000000020002954                . = ALIGN (MAX ((__heap_start__ + __HEAPSIZE__), .), 0x4)
 *fill*         0x0000000020000954     0x2000 
                0x0000000020002954                __heap_end__ = (__heap_start__ + SIZEOF (.heap))
                0x0000000000002000                __heap_size__ = SIZEOF (.heap)
                0x0000000020002954                __heap_load_end__ = __heap_end__
                0x0000000000000001                . = ASSERT (((__heap_start__ == __heap_end__) || ((__heap_end__ >= __RAM1_segment_start__) && (__heap_end__ <= __RAM1_segment_end__))), error: .heap is too large to fit in RAM1 memory segment)
                0x000000002003e000                __stack_load_start__ = (__RAM1_segment_end__ - 0x2000)

.stack          0x000000002003e000     0x2000
                0x000000002003e000                __stack_start__ = .
                0x000000002003e000                __StackLimit = __stack_start__
 *(.stack .stack.*)
                0x0000000020040000                . = ALIGN (MAX ((__stack_start__ + __STACKSIZE__), .), 0x8)
 *fill*         0x000000002003e000     0x2000 
                0x0000000020040000                __stack_end__ = (__stack_start__ + SIZEOF (.stack))
                0x0000000000002000                __stack_size__ = SIZEOF (.stack)
                0x0000000020040000                __StackTop = __stack_end__
                0x0000000020040000                __stack_load_end__ = __stack_end__
                0x0000000000000001                . = ASSERT (((__stack_start__ == __stack_end__) || ((__stack_end__ >= __RAM1_segment_start__) && (__stack_end__ <= __RAM1_segment_end__))), error: .stack is too large to fit in RAM1 memory segment)
                0x0000000000000001                . = ASSERT ((__heap_end__ <= __stack_start__), error: section .heap overlaps absolute placed section .stack)
                0x0000000020040000                __stack_process_load_start__ = ALIGN (__stack_end__, 0x8)

.stack_process  0x0000000020040000        0x0
                0x0000000020040000                __stack_process_start__ = .
 *(.stack_process .stack_process.*)
                0x0000000020040000                . = ALIGN (MAX ((__stack_process_start__ + __STACKSIZE_PROCESS__), .), 0x8)
                0x0000000020040000                __stack_process_end__ = (__stack_process_start__ + SIZEOF (.stack_process))
                0x0000000000000000                __stack_process_size__ = SIZEOF (.stack_process)
                0x0000000020040000                __stack_process_load_end__ = __stack_process_end__
                0x0000000020040000                __RAM1_segment_used_end__ = (ALIGN (__stack_end__, 0x8) + SIZEOF (.stack_process))
                0x0000000000040000                __RAM1_segment_used_size__ = (__RAM1_segment_used_end__ - __RAM1_segment_start__)
                0x0000000000000001                . = ASSERT (((__stack_process_start__ == __stack_process_end__) || ((__stack_process_end__ >= __RAM1_segment_start__) && (__stack_process_end__ <= __RAM1_segment_end__))), error: .stack_process is too large to fit in RAM1 memory segment)
START GROUP
LOAD Output/twi_scanner_pca10056 Debug/Obj/thumb_crt0.o
LOAD Output/twi_scanner_pca10056 Debug/Obj/nrf_log_backend_rtt.o
LOAD Output/twi_scanner_pca10056 Debug/Obj/nrf_log_backend_serial.o
LOAD Output/twi_scanner_pca10056 Debug/Obj/nrf_log_backend_uart.o
LOAD Output/twi_scanner_pca10056 Debug/Obj/nrf_log_default_backends.o
LOAD Output/twi_scanner_pca10056 Debug/Obj/nrf_log_frontend.o
LOAD Output/twi_scanner_pca10056 Debug/Obj/nrf_log_str_formatter.o
LOAD Output/twi_scanner_pca10056 Debug/Obj/boards.o
LOAD Output/twi_scanner_pca10056 Debug/Obj/app_error.o
LOAD Output/twi_scanner_pca10056 Debug/Obj/app_error_handler_gcc.o
LOAD Output/twi_scanner_pca10056 Debug/Obj/app_error_weak.o
LOAD Output/twi_scanner_pca10056 Debug/Obj/app_util_platform.o
LOAD Output/twi_scanner_pca10056 Debug/Obj/nrf_assert.o
LOAD Output/twi_scanner_pca10056 Debug/Obj/nrf_atomic.o
LOAD Output/twi_scanner_pca10056 Debug/Obj/nrf_balloc.o
LOAD Output/twi_scanner_pca10056 Debug/Obj/nrf_fprintf.o
LOAD Output/twi_scanner_pca10056 Debug/Obj/nrf_fprintf_format.o
LOAD Output/twi_scanner_pca10056 Debug/Obj/nrf_memobj.o
LOAD Output/twi_scanner_pca10056 Debug/Obj/nrf_ringbuf.o
LOAD Output/twi_scanner_pca10056 Debug/Obj/nrf_strerror.o
LOAD Output/twi_scanner_pca10056 Debug/Obj/nrf_drv_twi.o
LOAD Output/twi_scanner_pca10056 Debug/Obj/nrf_drv_uart.o
LOAD Output/twi_scanner_pca10056 Debug/Obj/nrfx_atomic.o
LOAD Output/twi_scanner_pca10056 Debug/Obj/nrfx_prs.o
LOAD Output/twi_scanner_pca10056 Debug/Obj/nrfx_twi.o
LOAD Output/twi_scanner_pca10056 Debug/Obj/nrfx_twim.o
LOAD Output/twi_scanner_pca10056 Debug/Obj/nrfx_uart.o
LOAD Output/twi_scanner_pca10056 Debug/Obj/nrfx_uarte.o
LOAD Output/twi_scanner_pca10056 Debug/Obj/main.o
LOAD Output/twi_scanner_pca10056 Debug/Obj/SEGGER_RTT.o
LOAD Output/twi_scanner_pca10056 Debug/Obj/SEGGER_RTT_Syscalls_SES.o
LOAD Output/twi_scanner_pca10056 Debug/Obj/SEGGER_RTT_printf.o
LOAD Output/twi_scanner_pca10056 Debug/Obj/ses_startup_nrf52840.o
LOAD Output/twi_scanner_pca10056 Debug/Obj/ses_startup_nrf_common.o
LOAD Output/twi_scanner_pca10056 Debug/Obj/system_nrf52840.o
LOAD C:/Program Files/SEGGER/SEGGER Embedded Studio for ARM 3.34/lib/libdebugio_mempoll_v7em_fpv4_sp_d16_hard_t_le_eabi.a
LOAD C:/Program Files/SEGGER/SEGGER Embedded Studio for ARM 3.34/lib/libm_v7em_fpv4_sp_d16_hard_t_le_eabi.a
LOAD C:/Program Files/SEGGER/SEGGER Embedded Studio for ARM 3.34/lib/libc_v7em_fpv4_sp_d16_hard_t_le_eabi.a
LOAD C:/Program Files/SEGGER/SEGGER Embedded Studio for ARM 3.34/lib/libcpp_v7em_fpv4_sp_d16_hard_t_le_eabi.a
LOAD C:/Program Files/SEGGER/SEGGER Embedded Studio for ARM 3.34/lib/libdebugio_v7em_fpv4_sp_d16_hard_t_le_eabi.a
LOAD C:/Program Files/SEGGER/SEGGER Embedded Studio for ARM 3.34/lib/libvfprintf_v7em_fpv4_sp_d16_hard_t_le_eabi.o
LOAD C:/Program Files/SEGGER/SEGGER Embedded Studio for ARM 3.34/lib/libvfscanf_v7em_fpv4_sp_d16_hard_t_le_eabi.o
END GROUP
OUTPUT(Output/Debug/Exe/twi_scanner_pca10056.elf elf32-littlearm)

.ARM.attributes
                0x0000000000000000       0x35
 .ARM.attributes
                0x0000000000000000       0x25 Output/twi_scanner_pca10056 Debug/Obj/thumb_crt0.o
 .ARM.attributes
                0x0000000000000025       0x39 Output/twi_scanner_pca10056 Debug/Obj/nrf_log_backend_rtt.o
 .ARM.attributes
                0x000000000000005e       0x39 Output/twi_scanner_pca10056 Debug/Obj/nrf_log_backend_serial.o
 .ARM.attributes
                0x0000000000000097       0x39 Output/twi_scanner_pca10056 Debug/Obj/nrf_log_default_backends.o
 .ARM.attributes
                0x00000000000000d0       0x39 Output/twi_scanner_pca10056 Debug/Obj/nrf_log_frontend.o
 .ARM.attributes
                0x0000000000000109       0x39 Output/twi_scanner_pca10056 Debug/Obj/nrf_log_str_formatter.o
 .ARM.attributes
                0x0000000000000142       0x39 Output/twi_scanner_pca10056 Debug/Obj/app_error.o
 .ARM.attributes
                0x000000000000017b       0x39 Output/twi_scanner_pca10056 Debug/Obj/app_error_handler_gcc.o
 .ARM.attributes
                0x00000000000001b4       0x39 Output/twi_scanner_pca10056 Debug/Obj/app_error_weak.o
 .ARM.attributes
                0x00000000000001ed       0x39 Output/twi_scanner_pca10056 Debug/Obj/app_util_platform.o
 .ARM.attributes
                0x0000000000000226       0x39 Output/twi_scanner_pca10056 Debug/Obj/nrf_assert.o
 .ARM.attributes
                0x000000000000025f       0x39 Output/twi_scanner_pca10056 Debug/Obj/nrf_atomic.o
 .ARM.attributes
                0x0000000000000298       0x39 Output/twi_scanner_pca10056 Debug/Obj/nrf_balloc.o
 .ARM.attributes
                0x00000000000002d1       0x39 Output/twi_scanner_pca10056 Debug/Obj/nrf_fprintf.o
 .ARM.attributes
                0x000000000000030a       0x39 Output/twi_scanner_pca10056 Debug/Obj/nrf_fprintf_format.o
 .ARM.attributes
                0x0000000000000343       0x39 Output/twi_scanner_pca10056 Debug/Obj/nrf_memobj.o
 .ARM.attributes
                0x000000000000037c       0x39 Output/twi_scanner_pca10056 Debug/Obj/nrf_ringbuf.o
 .ARM.attributes
                0x00000000000003b5       0x39 Output/twi_scanner_pca10056 Debug/Obj/nrf_strerror.o
 .ARM.attributes
                0x00000000000003ee       0x39 Output/twi_scanner_pca10056 Debug/Obj/nrf_drv_twi.o
 .ARM.attributes
                0x0000000000000427       0x39 Output/twi_scanner_pca10056 Debug/Obj/nrfx_prs.o
 .ARM.attributes
                0x0000000000000460       0x39 Output/twi_scanner_pca10056 Debug/Obj/nrfx_twim.o
 .ARM.attributes
                0x0000000000000499       0x39 Output/twi_scanner_pca10056 Debug/Obj/nrfx_uart.o
 .ARM.attributes
                0x00000000000004d2       0x39 Output/twi_scanner_pca10056 Debug/Obj/nrfx_uarte.o
 .ARM.attributes
                0x000000000000050b       0x39 Output/twi_scanner_pca10056 Debug/Obj/main.o
 .ARM.attributes
                0x0000000000000544       0x39 Output/twi_scanner_pca10056 Debug/Obj/SEGGER_RTT.o
 .ARM.attributes
                0x000000000000057d       0x25 Output/twi_scanner_pca10056 Debug/Obj/ses_startup_nrf52840.o
 .ARM.attributes
                0x00000000000005a2       0x25 Output/twi_scanner_pca10056 Debug/Obj/ses_startup_nrf_common.o
 .ARM.attributes
                0x00000000000005c7       0x39 Output/twi_scanner_pca10056 Debug/Obj/system_nrf52840.o
 .ARM.attributes
                0x0000000000000600       0x34 C:/Program Files/SEGGER/SEGGER Embedded Studio for ARM 3.34/lib/libc_v7em_fpv4_sp_d16_hard_t_le_eabi.a(libc2.o)
 .ARM.attributes
                0x0000000000000634       0x20 C:/Program Files/SEGGER/SEGGER Embedded Studio for ARM 3.34/lib/libc_v7em_fpv4_sp_d16_hard_t_le_eabi.a(libc2_asm.o)

.comment        0x0000000000000000       0x4c
 .comment       0x0000000000000000       0x4c Output/twi_scanner_pca10056 Debug/Obj/nrf_log_backend_rtt.o
                                         0x4d (size before relaxing)
 .comment       0x000000000000004c       0x4d Output/twi_scanner_pca10056 Debug/Obj/nrf_log_backend_serial.o
 .comment       0x000000000000004c       0x4d Output/twi_scanner_pca10056 Debug/Obj/nrf_log_default_backends.o
 .comment       0x000000000000004c       0x4d Output/twi_scanner_pca10056 Debug/Obj/nrf_log_frontend.o
 .comment       0x000000000000004c       0x4d Output/twi_scanner_pca10056 Debug/Obj/nrf_log_str_formatter.o
 .comment       0x000000000000004c       0x4d Output/twi_scanner_pca10056 Debug/Obj/app_error.o
 .comment       0x000000000000004c       0x4d Output/twi_scanner_pca10056 Debug/Obj/app_error_handler_gcc.o
 .comment       0x000000000000004c       0x4d Output/twi_scanner_pca10056 Debug/Obj/app_error_weak.o
 .comment       0x000000000000004c       0x4d Output/twi_scanner_pca10056 Debug/Obj/app_util_platform.o
 .comment       0x000000000000004c       0x4d Output/twi_scanner_pca10056 Debug/Obj/nrf_assert.o
 .comment       0x000000000000004c       0x4d Output/twi_scanner_pca10056 Debug/Obj/nrf_atomic.o
 .comment       0x000000000000004c       0x4d Output/twi_scanner_pca10056 Debug/Obj/nrf_balloc.o
 .comment       0x000000000000004c       0x4d Output/twi_scanner_pca10056 Debug/Obj/nrf_fprintf.o
 .comment       0x000000000000004c       0x4d Output/twi_scanner_pca10056 Debug/Obj/nrf_fprintf_format.o
 .comment       0x000000000000004c       0x4d Output/twi_scanner_pca10056 Debug/Obj/nrf_memobj.o
 .comment       0x000000000000004c       0x4d Output/twi_scanner_pca10056 Debug/Obj/nrf_ringbuf.o
 .comment       0x000000000000004c       0x4d Output/twi_scanner_pca10056 Debug/Obj/nrf_strerror.o
 .comment       0x000000000000004c       0x4d Output/twi_scanner_pca10056 Debug/Obj/nrf_drv_twi.o
 .comment       0x000000000000004c       0x4d Output/twi_scanner_pca10056 Debug/Obj/nrfx_prs.o
 .comment       0x000000000000004c       0x4d Output/twi_scanner_pca10056 Debug/Obj/nrfx_twim.o
 .comment       0x000000000000004c       0x4d Output/twi_scanner_pca10056 Debug/Obj/nrfx_uart.o
 .comment       0x000000000000004c       0x4d Output/twi_scanner_pca10056 Debug/Obj/nrfx_uarte.o
 .comment       0x000000000000004c       0x4d Output/twi_scanner_pca10056 Debug/Obj/main.o
 .comment       0x000000000000004c       0x4d Output/twi_scanner_pca10056 Debug/Obj/SEGGER_RTT.o
 .comment       0x000000000000004c       0x4d Output/twi_scanner_pca10056 Debug/Obj/system_nrf52840.o
 .comment       0x000000000000004c       0x4d C:/Program Files/SEGGER/SEGGER Embedded Studio for ARM 3.34/lib/libc_v7em_fpv4_sp_d16_hard_t_le_eabi.a(libc2.o)

.debug_line     0x0000000000000000     0xce80
 .debug_line    0x0000000000000000      0x2b4 Output/twi_scanner_pca10056 Debug/Obj/thumb_crt0.o
 .debug_line    0x00000000000002b4      0x8aa Output/twi_scanner_pca10056 Debug/Obj/nrf_log_backend_rtt.o
 .debug_line    0x0000000000000b5e      0x5fb Output/twi_scanner_pca10056 Debug/Obj/nrf_log_backend_serial.o
 .debug_line    0x0000000000001159      0x5b7 Output/twi_scanner_pca10056 Debug/Obj/nrf_log_default_backends.o
 .debug_line    0x0000000000001710      0xb7f Output/twi_scanner_pca10056 Debug/Obj/nrf_log_frontend.o
 .debug_line    0x000000000000228f      0x68a Output/twi_scanner_pca10056 Debug/Obj/nrf_log_str_formatter.o
 .debug_line    0x0000000000002919      0x311 Output/twi_scanner_pca10056 Debug/Obj/app_error.o
 .debug_line    0x0000000000002c2a      0x359 Output/twi_scanner_pca10056 Debug/Obj/app_error_handler_gcc.o
 .debug_line    0x0000000000002f83      0x611 Output/twi_scanner_pca10056 Debug/Obj/app_error_weak.o
 .debug_line    0x0000000000003594      0x3ca Output/twi_scanner_pca10056 Debug/Obj/app_util_platform.o
 .debug_line    0x000000000000395e      0x2e1 Output/twi_scanner_pca10056 Debug/Obj/nrf_assert.o
 .debug_line    0x0000000000003c3f      0x50f Output/twi_scanner_pca10056 Debug/Obj/nrf_atomic.o
 .debug_line    0x000000000000414e      0x5ad Output/twi_scanner_pca10056 Debug/Obj/nrf_balloc.o
 .debug_line    0x00000000000046fb      0x3da Output/twi_scanner_pca10056 Debug/Obj/nrf_fprintf.o
 .debug_line    0x0000000000004ad5      0x559 Output/twi_scanner_pca10056 Debug/Obj/nrf_fprintf_format.o
 .debug_line    0x000000000000502e      0x605 Output/twi_scanner_pca10056 Debug/Obj/nrf_memobj.o
 .debug_line    0x0000000000005633      0x53e Output/twi_scanner_pca10056 Debug/Obj/nrf_ringbuf.o
 .debug_line    0x0000000000005b71      0x395 Output/twi_scanner_pca10056 Debug/Obj/nrf_strerror.o
 .debug_line    0x0000000000005f06      0x798 Output/twi_scanner_pca10056 Debug/Obj/nrf_drv_twi.o
 .debug_line    0x000000000000669e      0x6f5 Output/twi_scanner_pca10056 Debug/Obj/nrfx_prs.o
 .debug_line    0x0000000000006d93      0xe36 Output/twi_scanner_pca10056 Debug/Obj/nrfx_twim.o
 .debug_line    0x0000000000007bc9      0xd84 Output/twi_scanner_pca10056 Debug/Obj/nrfx_uart.o
 .debug_line    0x000000000000894d      0xd71 Output/twi_scanner_pca10056 Debug/Obj/nrfx_uarte.o
 .debug_line    0x00000000000096be      0x8e6 Output/twi_scanner_pca10056 Debug/Obj/main.o
 .debug_line    0x0000000000009fa4      0x754 Output/twi_scanner_pca10056 Debug/Obj/SEGGER_RTT.o
 .debug_line    0x000000000000a6f8       0xa1 Output/twi_scanner_pca10056 Debug/Obj/ses_startup_nrf52840.o
 .debug_line    0x000000000000a799       0xc0 Output/twi_scanner_pca10056 Debug/Obj/ses_startup_nrf_common.o
 .debug_line    0x000000000000a859     0x2627 Output/twi_scanner_pca10056 Debug/Obj/system_nrf52840.o

.debug_info     0x0000000000000000    0x1b1d4
 .debug_info    0x0000000000000000       0xe3 Output/twi_scanner_pca10056 Debug/Obj/thumb_crt0.o
 .debug_info    0x00000000000000e3      0xbfc Output/twi_scanner_pca10056 Debug/Obj/nrf_log_backend_rtt.o
 .debug_info    0x0000000000000cdf      0xc83 Output/twi_scanner_pca10056 Debug/Obj/nrf_log_backend_serial.o
 .debug_info    0x0000000000001962      0x927 Output/twi_scanner_pca10056 Debug/Obj/nrf_log_default_backends.o
 .debug_info    0x0000000000002289     0x1ca7 Output/twi_scanner_pca10056 Debug/Obj/nrf_log_frontend.o
 .debug_info    0x0000000000003f30      0xc17 Output/twi_scanner_pca10056 Debug/Obj/nrf_log_str_formatter.o
 .debug_info    0x0000000000004b47      0x7ac Output/twi_scanner_pca10056 Debug/Obj/app_error.o
 .debug_info    0x00000000000052f3      0x671 Output/twi_scanner_pca10056 Debug/Obj/app_error_handler_gcc.o
 .debug_info    0x0000000000005964      0xa08 Output/twi_scanner_pca10056 Debug/Obj/app_error_weak.o
 .debug_info    0x000000000000636c      0xc78 Output/twi_scanner_pca10056 Debug/Obj/app_util_platform.o
 .debug_info    0x0000000000006fe4      0x66e Output/twi_scanner_pca10056 Debug/Obj/nrf_assert.o
 .debug_info    0x0000000000007652      0xd61 Output/twi_scanner_pca10056 Debug/Obj/nrf_atomic.o
 .debug_info    0x00000000000083b3      0x978 Output/twi_scanner_pca10056 Debug/Obj/nrf_balloc.o
 .debug_info    0x0000000000008d2b      0x73b Output/twi_scanner_pca10056 Debug/Obj/nrf_fprintf.o
 .debug_info    0x0000000000009466      0x985 Output/twi_scanner_pca10056 Debug/Obj/nrf_fprintf_format.o
 .debug_info    0x0000000000009deb      0xcf2 Output/twi_scanner_pca10056 Debug/Obj/nrf_memobj.o
 .debug_info    0x000000000000aadd      0x9da Output/twi_scanner_pca10056 Debug/Obj/nrf_ringbuf.o
 .debug_info    0x000000000000b4b7      0x706 Output/twi_scanner_pca10056 Debug/Obj/nrf_strerror.o
 .debug_info    0x000000000000bbbd     0x1780 Output/twi_scanner_pca10056 Debug/Obj/nrf_drv_twi.o
 .debug_info    0x000000000000d33d      0xd18 Output/twi_scanner_pca10056 Debug/Obj/nrfx_prs.o
 .debug_info    0x000000000000e055     0x2343 Output/twi_scanner_pca10056 Debug/Obj/nrfx_twim.o
 .debug_info    0x0000000000010398     0x2325 Output/twi_scanner_pca10056 Debug/Obj/nrfx_uart.o
 .debug_info    0x00000000000126bd     0x2436 Output/twi_scanner_pca10056 Debug/Obj/nrfx_uarte.o
 .debug_info    0x0000000000014af3     0x12e0 Output/twi_scanner_pca10056 Debug/Obj/main.o
 .debug_info    0x0000000000015dd3     0x1269 Output/twi_scanner_pca10056 Debug/Obj/SEGGER_RTT.o
 .debug_info    0x000000000001703c       0xfb Output/twi_scanner_pca10056 Debug/Obj/ses_startup_nrf52840.o
 .debug_info    0x0000000000017137       0xfd Output/twi_scanner_pca10056 Debug/Obj/ses_startup_nrf_common.o
 .debug_info    0x0000000000017234     0x3fa0 Output/twi_scanner_pca10056 Debug/Obj/system_nrf52840.o

.debug_abbrev   0x0000000000000000     0x35ac
 .debug_abbrev  0x0000000000000000       0x12 Output/twi_scanner_pca10056 Debug/Obj/thumb_crt0.o
 .debug_abbrev  0x0000000000000012      0x1d9 Output/twi_scanner_pca10056 Debug/Obj/nrf_log_backend_rtt.o
 .debug_abbrev  0x00000000000001eb      0x1eb Output/twi_scanner_pca10056 Debug/Obj/nrf_log_backend_serial.o
 .debug_abbrev  0x00000000000003d6      0x183 Output/twi_scanner_pca10056 Debug/Obj/nrf_log_default_backends.o
 .debug_abbrev  0x0000000000000559      0x431 Output/twi_scanner_pca10056 Debug/Obj/nrf_log_frontend.o
 .debug_abbrev  0x000000000000098a      0x1f1 Output/twi_scanner_pca10056 Debug/Obj/nrf_log_str_formatter.o
 .debug_abbrev  0x0000000000000b7b      0x18c Output/twi_scanner_pca10056 Debug/Obj/app_error.o
 .debug_abbrev  0x0000000000000d07      0x125 Output/twi_scanner_pca10056 Debug/Obj/app_error_handler_gcc.o
 .debug_abbrev  0x0000000000000e2c      0x1b2 Output/twi_scanner_pca10056 Debug/Obj/app_error_weak.o
 .debug_abbrev  0x0000000000000fde      0x2ac Output/twi_scanner_pca10056 Debug/Obj/app_util_platform.o
 .debug_abbrev  0x000000000000128a      0x134 Output/twi_scanner_pca10056 Debug/Obj/nrf_assert.o
 .debug_abbrev  0x00000000000013be      0x1be Output/twi_scanner_pca10056 Debug/Obj/nrf_atomic.o
 .debug_abbrev  0x000000000000157c      0x1fa Output/twi_scanner_pca10056 Debug/Obj/nrf_balloc.o
 .debug_abbrev  0x0000000000001776      0x175 Output/twi_scanner_pca10056 Debug/Obj/nrf_fprintf.o
 .debug_abbrev  0x00000000000018eb      0x20c Output/twi_scanner_pca10056 Debug/Obj/nrf_fprintf_format.o
 .debug_abbrev  0x0000000000001af7      0x1e4 Output/twi_scanner_pca10056 Debug/Obj/nrf_memobj.o
 .debug_abbrev  0x0000000000001cdb      0x159 Output/twi_scanner_pca10056 Debug/Obj/nrf_ringbuf.o
 .debug_abbrev  0x0000000000001e34      0x15b Output/twi_scanner_pca10056 Debug/Obj/nrf_strerror.o
 .debug_abbrev  0x0000000000001f8f      0x2b7 Output/twi_scanner_pca10056 Debug/Obj/nrf_drv_twi.o
 .debug_abbrev  0x0000000000002246      0x217 Output/twi_scanner_pca10056 Debug/Obj/nrfx_prs.o
 .debug_abbrev  0x000000000000245d      0x38a Output/twi_scanner_pca10056 Debug/Obj/nrfx_twim.o
 .debug_abbrev  0x00000000000027e7      0x3a0 Output/twi_scanner_pca10056 Debug/Obj/nrfx_uart.o
 .debug_abbrev  0x0000000000002b87      0x36c Output/twi_scanner_pca10056 Debug/Obj/nrfx_uarte.o
 .debug_abbrev  0x0000000000002ef3      0x248 Output/twi_scanner_pca10056 Debug/Obj/main.o
 .debug_abbrev  0x000000000000313b      0x230 Output/twi_scanner_pca10056 Debug/Obj/SEGGER_RTT.o
 .debug_abbrev  0x000000000000336b       0x14 Output/twi_scanner_pca10056 Debug/Obj/ses_startup_nrf52840.o
 .debug_abbrev  0x000000000000337f       0x14 Output/twi_scanner_pca10056 Debug/Obj/ses_startup_nrf_common.o