Archive member included to satisfy reference by file (symbol)

C:/Program Files/SEGGER/SEGGER Embedded Studio for ARM 3.34/lib/libc_v7em_fpv4_sp_d16_hard_t_le_eabi.a(libc2.o)
                              Output/twi_scanner_pca10056 Release/Obj/nrf_log_str_formatter.o (isprint)
C:/Program Files/SEGGER/SEGGER Embedded Studio for ARM 3.34/lib/libc_v7em_fpv4_sp_d16_hard_t_le_eabi.a(libc2_asm.o)
                              Output/twi_scanner_pca10056 Release/Obj/nrf_log_frontend.o (memcpy)
C:/Program Files/SEGGER/SEGGER Embedded Studio for ARM 3.34/lib/libc_v7em_fpv4_sp_d16_hard_t_le_eabi.a(libc_asm.o)
                              C:/Program Files/SEGGER/SEGGER Embedded Studio for ARM 3.34/lib/libc_v7em_fpv4_sp_d16_hard_t_le_eabi.a(libc2.o) (__aeabi_uldivmod)
C:/Program Files/SEGGER/SEGGER Embedded Studio for ARM 3.34/lib/libdebugio_v7em_fpv4_sp_d16_hard_t_le_eabi.a(libdebugio.o)
                              Output/twi_scanner_pca10056 Release/Obj/thumb_crt0.o (debug_fopen)
C:/Program Files/SEGGER/SEGGER Embedded Studio for ARM 3.34/lib/libdebugio_mempoll_v7em_fpv4_sp_d16_hard_t_le_eabi.a(mempoll_debug_operations.o)
                              C:/Program Files/SEGGER/SEGGER Embedded Studio for ARM 3.34/lib/libdebugio_v7em_fpv4_sp_d16_hard_t_le_eabi.a(libdebugio.o) (__do_debug_operation)
C:/Program Files/SEGGER/SEGGER Embedded Studio for ARM 3.34/lib/libdebugio_mempoll_v7em_fpv4_sp_d16_hard_t_le_eabi.a(do_nv_debug_operation.o)
                              C:/Program Files/SEGGER/SEGGER Embedded Studio for ARM 3.34/lib/libdebugio_v7em_fpv4_sp_d16_hard_t_le_eabi.a(libdebugio.o) (__do_nvdebug_operation)
C:/Program Files/SEGGER/SEGGER Embedded Studio for ARM 3.34/lib/libm_v7em_fpv4_sp_d16_hard_t_le_eabi.a(libm_asm.o)
                              C:/Program Files/SEGGER/SEGGER Embedded Studio for ARM 3.34/lib/libc_v7em_fpv4_sp_d16_hard_t_le_eabi.a(libc2.o) (__aeabi_i2d)
C:/Program Files/SEGGER/SEGGER Embedded Studio for ARM 3.34/lib/libm_v7em_fpv4_sp_d16_hard_t_le_eabi.a(libm2.o)
                              C:/Program Files/SEGGER/SEGGER Embedded Studio for ARM 3.34/lib/libvfprintf_v7em_fpv4_sp_d16_hard_t_le_eabi.o (frexp)
C:/Program Files/SEGGER/SEGGER Embedded Studio for ARM 3.34/lib/libm_v7em_fpv4_sp_d16_hard_t_le_eabi.a(libm2_asm.o)
                              C:/Program Files/SEGGER/SEGGER Embedded Studio for ARM 3.34/lib/libm_v7em_fpv4_sp_d16_hard_t_le_eabi.a(libm2.o) (fabs)

Discarded input sections

 .text          0x0000000000000000        0x0 Output/twi_scanner_pca10056 Release/Obj/thumb_crt0.o
 .data          0x0000000000000000        0x0 Output/twi_scanner_pca10056 Release/Obj/thumb_crt0.o
 .bss           0x0000000000000000        0x0 Output/twi_scanner_pca10056 Release/Obj/thumb_crt0.o
 .text.__aeabi_read_tp
                0x0000000000000000        0x8 Output/twi_scanner_pca10056 Release/Obj/thumb_crt0.o
 .text.__heap_lock
                0x0000000000000000        0x2 Output/twi_scanner_pca10056 Release/Obj/thumb_crt0.o
 .text.__heap_unlock
                0x0000000000000000        0x2 Output/twi_scanner_pca10056 Release/Obj/thumb_crt0.o
 .text.__printf_lock
                0x0000000000000000        0x2 Output/twi_scanner_pca10056 Release/Obj/thumb_crt0.o
 .text.__printf_unlock
                0x0000000000000000        0x2 Output/twi_scanner_pca10056 Release/Obj/thumb_crt0.o
 .text.__scanf_lock
                0x0000000000000000        0x2 Output/twi_scanner_pca10056 Release/Obj/thumb_crt0.o
 .text.__scanf_unlock
                0x0000000000000000        0x2 Output/twi_scanner_pca10056 Release/Obj/thumb_crt0.o
 .text.__debug_io_lock
                0x0000000000000000        0x2 Output/twi_scanner_pca10056 Release/Obj/thumb_crt0.o
 .text.__debug_io_unlock
                0x0000000000000000        0x2 Output/twi_scanner_pca10056 Release/Obj/thumb_crt0.o
 .text.abort    0x0000000000000000        0x2 Output/twi_scanner_pca10056 Release/Obj/thumb_crt0.o
 .text.__assert
                0x0000000000000000        0x2 Output/twi_scanner_pca10056 Release/Obj/thumb_crt0.o
 .text.__aeabi_assert
                0x0000000000000000        0x2 Output/twi_scanner_pca10056 Release/Obj/thumb_crt0.o
 .text.__cxa_pure_virtual
                0x0000000000000000        0x2 Output/twi_scanner_pca10056 Release/Obj/thumb_crt0.o
 .text.__cxa_guard_acquire
                0x0000000000000000       0x10 Output/twi_scanner_pca10056 Release/Obj/thumb_crt0.o
 .text.__cxa_guard_release
                0x0000000000000000        0x6 Output/twi_scanner_pca10056 Release/Obj/thumb_crt0.o
 .text.__cxa_guard_abort
                0x0000000000000000        0x2 Output/twi_scanner_pca10056 Release/Obj/thumb_crt0.o
 .text.__sync_synchronize
                0x0000000000000000        0x2 Output/twi_scanner_pca10056 Release/Obj/thumb_crt0.o
 .text.__getchar
                0x0000000000000000        0x4 Output/twi_scanner_pca10056 Release/Obj/thumb_crt0.o
 .text.__putchar
[...]
Memory Configuration

Name             Origin             Length             Attributes
UNPLACED_SECTIONS 0x0000000100000000 0x0000000000000000 xw
RAM1             0x0000000020000000 0x0000000000040000 xw
FLASH            0x0000000000000000 0x0000000000100000 xw
*default*        0x0000000000000000 0xffffffffffffffff

Linker script and memory map

                0x0000000000000000                __vfprintf = __vfprintf_long
                0x0000000000000000                __vfscanf = __vfscanf_long
                0x0000000020000000                __RAM1_segment_start__ = 0x20000000
                0x0000000020040000                __RAM1_segment_end__ = 0x20040000
                0x0000000000040000                __RAM1_segment_size__ = 0x40000
                0x0000000000000000                __FLASH_segment_start__ = 0x0
                0x0000000000100000                __FLASH_segment_end__ = 0x100000
                0x0000000000100000                __FLASH_segment_size__ = 0x100000
                0x0000000000002000                __HEAPSIZE__ = 0x2000
                0x0000000000000000                __STACKSIZE_ABT__ = 0x0
                0x0000000000000000                __STACKSIZE_FIQ__ = 0x0
                0x0000000000000000                __STACKSIZE_IRQ__ = 0x0
                0x0000000000000000                __STACKSIZE_PROCESS__ = 0x0
                0x0000000000000000                __STACKSIZE_SVC__ = 0x0
                0x0000000000000000                __STACKSIZE_UND__ = 0x0
                0x0000000000002000                __STACKSIZE__ = 0x2000
                0x0000000020000000                __vectors_ram_load_start__ = 0x20000000

.vectors_ram    0x0000000020000000        0x0
                0x0000000020000000                __vectors_ram_start__ = .
                0x0000000020000000                __app_ram_start__ = __vectors_ram_start__
 *(.vectors_ram .vectors_ram.*)
                0x0000000020000000                __vectors_ram_end__ = (__vectors_ram_start__ + SIZEOF (.vectors_ram))
                0x0000000000000000                __vectors_ram_size__ = SIZEOF (.vectors_ram)
                0x0000000020000000                __vectors_ram_load_end__ = __vectors_ram_end__
                0x0000000000000001                . = ASSERT (((__vectors_ram_start__ == __vectors_ram_end__) || ((__vectors_ram_end__ >= __RAM1_segment_start__) && (__vectors_ram_end__ <= __RAM1_segment_end__))), error: .vectors_ram is too large to fit in RAM1 memory segment)
                0x0000000020000000                __nrf_sections_run_load_start__ = ALIGN (__vectors_ram_end__, 0x4)

.nrf_sections_run
                0x0000000020000000        0x0
                0x0000000020000000                __nrf_sections_run_start__ = .
                0x0000000020000000                __start_nrf_sections_run = __nrf_sections_run_start__
 *(.nrf_sections_run .nrf_sections_run.*)
                0x0000000020000000                __nrf_sections_run_end__ = (__nrf_sections_run_start__ + SIZEOF (.nrf_sections_run))
                0x0000000000000000                __nrf_sections_run_size__ = SIZEOF (.nrf_sections_run)
                0x0000000020000000                __nrf_sections_run_load_end__ = __nrf_sections_run_end__
                0x0000000000000001                . = ASSERT (((__nrf_sections_run_start__ == __nrf_sections_run_end__) || ((__nrf_sections_run_end__ >= __RAM1_segment_start__) && (__nrf_sections_run_end__ <= __RAM1_segment_end__))), error: .nrf_sections_run is too large to fit in RAM1 memory segment)
                0x0000000000000000                __vectors_load_start__ = 0x0

.vectors        0x0000000000000000      0x200
                0x0000000000000000                __vectors_start__ = .
 *(.vectors .vectors.*)
 .vectors       0x0000000000000000      0x200 Output/twi_scanner_pca10056 Release/Obj/ses_startup_nrf52840.o
                0x0000000000000000                _vectors
                0x0000000000000200                __vectors_end__ = (__vectors_start__ + SIZEOF (.vectors))
                0x0000000000000200                __vectors_size__ = SIZEOF (.vectors)
                0x0000000000000200                __vectors_load_end__ = __vectors_end__
                0x0000000000000001                . = ASSERT (((__vectors_start__ == __vectors_end__) || ((__vectors_end__ >= __FLASH_segment_start__) && (__vectors_end__ <= __FLASH_segment_end__))), error: .vectors is too large to fit in FLASH memory segment)
                0x0000000000000200                __init_load_start__ = ALIGN (__vectors_end__, 0x4)

.init           0x0000000000000200      0x1d4
                0x0000000000000200                __init_start__ = .
 *(.init .init.*)
 .init          0x0000000000000200      0x160 Output/twi_scanner_pca10056 Release/Obj/thumb_crt0.o
                0x0000000000000200                _start
                0x00000000000002b6                exit
 .init          0x0000000000000360       0x18 Output/twi_scanner_pca10056 Release/Obj/ses_startup_nrf52840.o
                0x0000000000000360                NMI_Handler
                0x0000000000000362                HardFault_Handler
                0x0000000000000364                MemoryManagement_Handler
                0x0000000000000366                BusFault_Handler
                0x0000000000000368                UsageFault_Handler
                0x000000000000036a                SVC_Handler
                0x000000000000036c                DebugMon_Handler
                0x000000000000036e                PendSV_Handler
                0x0000000000000370                SysTick_Handler
                0x0000000000000372                PWM1_IRQHandler
                0x0000000000000372                GPIOTE_IRQHandler
                0x0000000000000372                RTC0_IRQHandler
                0x0000000000000372                POWER_CLOCK_IRQHandler
                0x0000000000000372                RADIO_IRQHandler
                0x0000000000000372                SWI2_EGU2_IRQHandler
                0x0000000000000372                TEMP_IRQHandler
                0x0000000000000372                QDEC_IRQHandler
                0x0000000000000372                TIMER3_IRQHandler
                0x0000000000000372                PWM3_IRQHandler
                0x0000000000000372                FPU_IRQHandler
                0x0000000000000372                USBD_IRQHandler
                0x0000000000000372                QSPI_IRQHandler
                0x0000000000000372                TIMER4_IRQHandler
                0x0000000000000372                PDM_IRQHandler
                0x0000000000000372                I2S_IRQHandler
                0x0000000000000372                SWI4_EGU4_IRQHandler
                0x0000000000000372                TIMER0_IRQHandler
                0x0000000000000372                UARTE1_IRQHandler
                0x0000000000000372                Dummy_Handler
                0x0000000000000372                TIMER1_IRQHandler
                0x0000000000000372                SPIM3_IRQHandler
                0x0000000000000372                PWM2_IRQHandler
                0x0000000000000372                ECB_IRQHandler
                0x0000000000000372                SAADC_IRQHandler
                0x0000000000000372                CCM_AAR_IRQHandler
                0x0000000000000372                WDT_IRQHandler
                0x0000000000000372                SWI0_EGU0_IRQHandler
                0x0000000000000372                SWI5_EGU5_IRQHandler
                0x0000000000000372                RNG_IRQHandler
                0x0000000000000372                RTC2_IRQHandler
                0x0000000000000372                PWM0_IRQHandler
                0x0000000000000372                SWI3_EGU3_IRQHandler
                0x0000000000000372                RTC1_IRQHandler
                0x0000000000000372                SWI1_EGU1_IRQHandler
                0x0000000000000372                SPIM2_SPIS2_SPI2_IRQHandler
                0x0000000000000372                NFCT_IRQHandler
                0x0000000000000372                CRYPTOCELL_IRQHandler
                0x0000000000000372                MWU_IRQHandler
                0x0000000000000372                TIMER2_IRQHandler
                0x0000000000000372                COMP_LPCOMP_IRQHandler
                0x0000000000000374                nRFInitialize
 .init          0x0000000000000378       0x5c Output/twi_scanner_pca10056 Release/Obj/ses_startup_nrf_common.o
                0x0000000000000378                Reset_Handler
                0x000000000000037c                afterInitialize
                0x00000000000003a0                InitializeUserMemorySections
                0x00000000000003d4                __init_end__ = (__init_start__ + SIZEOF (.init))
                0x00000000000001d4                __init_size__ = SIZEOF (.init)
                0x00000000000003d4                __init_load_end__ = __init_end__
                0x0000000000000001                . = ASSERT (((__init_start__ == __init_end__) || ((__init_end__ >= __FLASH_segment_start__) && (__init_end__ <= __FLASH_segment_end__))), error: .init is too large to fit in FLASH memory segment)
                0x00000000000003d4                __init_rodata_load_start__ = ALIGN (__init_end__, 0x4)

.init_rodata    0x00000000000003d4        0x0
                0x00000000000003d4                __init_rodata_start__ = .
 *(.init_rodata .init_rodata.*)
                0x00000000000003d4                __init_rodata_end__ = (__init_rodata_start__ + SIZEOF (.init_rodata))
                0x0000000000000000                __init_rodata_size__ = SIZEOF (.init_rodata)
                0x00000000000003d4                __init_rodata_load_end__ = __init_rodata_end__
                0x0000000000000001                . = ASSERT (((__init_rodata_start__ == __init_rodata_end__) || ((__init_rodata_end__ >= __FLASH_segment_start__) && (__init_rodata_end__ <= __FLASH_segment_end__))), error: .init_rodata is too large to fit in FLASH memory segment)
                0x00000000000003d4                __text_load_start__ = ALIGN (__init_rodata_end__, 0x4)

.text           0x00000000000003d4     0x1e1c
                0x00000000000003d4                __text_start__ = .
 *(.text .text.* .glue_7t .glue_7 .gnu.linkonce.t.* .gcc_except_table .ARM.extab* .gnu.linkonce.armextab.*)
 .glue_7        0x00000000000003d4        0x0 linker stubs
 .glue_7t       0x00000000000003d4        0x0 linker stubs
 .text.nrf_log_backend_rtt_panic_set
                0x00000000000003d4        0x2 Output/twi_scanner_pca10056 Release/Obj/nrf_log_backend_rtt.o
 *fill*         0x00000000000003d6        0x2 
 .text.nrf_log_backend_rtt_put
                0x00000000000003d8       0x1c Output/twi_scanner_pca10056 Release/Obj/nrf_log_backend_rtt.o
 .text.serial_tx
                0x00000000000003f4       0x50 Output/twi_scanner_pca10056 Release/Obj/nrf_log_backend_rtt.o
 .text.nrf_log_backend_rtt_flush
                0x0000000000000444        0x2 Output/twi_scanner_pca10056 Release/Obj/nrf_log_backend_rtt.o
 .text.nrf_log_backend_rtt_init
                0x0000000000000446        0x4 Output/twi_scanner_pca10056 Release/Obj/nrf_log_backend_rtt.o
                0x0000000000000446                nrf_log_backend_rtt_init
 .text.nrf_log_backend_serial_put
                0x000000000000044a       0xce Output/twi_scanner_pca10056 Release/Obj/nrf_log_backend_serial.o
                0x000000000000044a                nrf_log_backend_serial_put
 .text.nrf_log_default_backends_init
                0x0000000000000518       0x20 Output/twi_scanner_pca10056 Release/Obj/nrf_log_default_backends.o
                0x0000000000000518                nrf_log_default_backends_init
 .text.invalid_packets_omit
                0x0000000000000538       0x3a Output/twi_scanner_pca10056 Release/Obj/nrf_log_frontend.o
 *fill*         0x0000000000000572        0x2 
 .text.buf_prealloc
                0x0000000000000574      0x12c Output/twi_scanner_pca10056 Release/Obj/nrf_log_frontend.o
 .text.nrf_log_init
                0x00000000000006a0       0x28 Output/twi_scanner_pca10056 Release/Obj/nrf_log_frontend.o
                0x00000000000006a0                nrf_log_init
 .text.nrf_log_module_name_get
                0x00000000000006c8       0x38 Output/twi_scanner_pca10056 Release/Obj/nrf_log_frontend.o
                0x00000000000006c8                nrf_log_module_name_get
 .text.nrf_log_color_id_get
                0x0000000000000700       0x2c Output/twi_scanner_pca10056 Release/Obj/nrf_log_frontend.o
                0x0000000000000700                nrf_log_color_id_get
 .text.buffer_is_empty
                0x000000000000072c       0x14 Output/twi_scanner_pca10056 Release/Obj/nrf_log_frontend.o
                0x000000000000072c                buffer_is_empty
 .text.nrf_log_frontend_dequeue
                0x0000000000000740      0x204 Output/twi_scanner_pca10056 Release/Obj/nrf_log_frontend.o
                0x0000000000000740                nrf_log_frontend_dequeue
 .text.std_n    0x0000000000000944       0xa4 Output/twi_scanner_pca10056 Release/Obj/nrf_log_frontend.o
 .text.nrf_log_frontend_std_0
                0x00000000000009e8        0x8 Output/twi_scanner_pca10056 Release/Obj/nrf_log_frontend.o
                0x00000000000009e8                nrf_log_frontend_std_0
 .text.nrf_log_frontend_std_1
                0x00000000000009f0       0x14 Output/twi_scanner_pca10056 Release/Obj/nrf_log_frontend.o
                0x00000000000009f0                nrf_log_frontend_std_1
 .text.nrf_log_backend_add
                0x0000000000000a04       0x44 Output/twi_scanner_pca10056 Release/Obj/nrf_log_frontend.o
                0x0000000000000a04                nrf_log_backend_add
 .text.nrf_log_panic
                0x0000000000000a48       0x28 Output/twi_scanner_pca10056 Release/Obj/nrf_log_frontend.o
                0x0000000000000a48                nrf_log_panic
 .text.prefix_process
                0x0000000000000a70       0x78 Output/twi_scanner_pca10056 Release/Obj/nrf_log_str_formatter.o
 .text.postfix_process
                0x0000000000000ae8       0x3c Output/twi_scanner_pca10056 Release/Obj/nrf_log_str_formatter.o
 .text.nrf_log_std_entry_process
                0x0000000000000b24       0xc8 Output/twi_scanner_pca10056 Release/Obj/nrf_log_str_formatter.o
                0x0000000000000b24                nrf_log_std_entry_process
 .text.nrf_log_hexdump_entry_process
                0x0000000000000bec       0xb4 Output/twi_scanner_pca10056 Release/Obj/nrf_log_str_formatter.o
                0x0000000000000bec                nrf_log_hexdump_entry_process
 .text.app_error_handler_bare
                0x0000000000000ca0       0x1a Output/twi_scanner_pca10056 Release/Obj/app_error.o
                0x0000000000000ca0                app_error_handler_bare
 *fill*         0x0000000000000cba        0x2 
 .text.app_error_fault_handler
                0x0000000000000cbc       0x70 Output/twi_scanner_pca10056 Release/Obj/app_error_weak.o
                0x0000000000000cbc                app_error_fault_handler
 .text.app_util_disable_irq
                0x0000000000000d2c       0x10 Output/twi_scanner_pca10056 Release/Obj/app_util_platform.o
                0x0000000000000d2c                app_util_disable_irq
 .text.app_util_enable_irq
                0x0000000000000d3c       0x14 Output/twi_scanner_pca10056 Release/Obj/app_util_platform.o
                0x0000000000000d3c                app_util_enable_irq
 .text.app_util_critical_region_enter
                0x0000000000000d50        0x4 Output/twi_scanner_pca10056 Release/Obj/app_util_platform.o
                0x0000000000000d50                app_util_critical_region_enter
 .text.app_util_critical_region_exit
                0x0000000000000d54        0x4 Output/twi_scanner_pca10056 Release/Obj/app_util_platform.o
                0x0000000000000d54                app_util_critical_region_exit
 .text.nrf_atomic_u32_fetch_store
                0x0000000000000d58       0x18 Output/twi_scanner_pca10056 Release/Obj/nrf_atomic.o
                0x0000000000000d58                nrf_atomic_u32_fetch_store
 .text.nrf_atomic_u32_or
                0x0000000000000d70       0x1a Output/twi_scanner_pca10056 Release/Obj/nrf_atomic.o
                0x0000000000000d70                nrf_atomic_u32_or
 .text.nrf_atomic_u32_fetch_and
                0x0000000000000d8a       0x1a Output/twi_scanner_pca10056 Release/Obj/nrf_atomic.o
                0x0000000000000d8a                nrf_atomic_u32_fetch_and
 .text.nrf_atomic_u32_add
                0x0000000000000da4       0x1a Output/twi_scanner_pca10056 Release/Obj/nrf_atomic.o
                0x0000000000000da4                nrf_atomic_u32_add
 .text.nrf_atomic_u32_sub
                0x0000000000000dbe       0x1a Output/twi_scanner_pca10056 Release/Obj/nrf_atomic.o
                0x0000000000000dbe                nrf_atomic_u32_sub
 .text.nrf_atomic_flag_set
                0x0000000000000dd8        0x6 Output/twi_scanner_pca10056 Release/Obj/nrf_atomic.o
                0x0000000000000dd8                nrf_atomic_flag_set
 .text.nrf_atomic_flag_clear_fetch
                0x0000000000000dde        0x6 Output/twi_scanner_pca10056 Release/Obj/nrf_atomic.o
                0x0000000000000dde                nrf_atomic_flag_clear_fetch
 .text.nrf_balloc_init
                0x0000000000000de4       0x2e Output/twi_scanner_pca10056 Release/Obj/nrf_balloc.o
                0x0000000000000de4                nrf_balloc_init
 .text.nrf_balloc_alloc
                0x0000000000000e12       0x40 Output/twi_scanner_pca10056 Release/Obj/nrf_balloc.o
                0x0000000000000e12                nrf_balloc_alloc
 .text.nrf_balloc_free
                0x0000000000000e52       0x2a Output/twi_scanner_pca10056 Release/Obj/nrf_balloc.o
                0x0000000000000e52                nrf_balloc_free
 .text.nrf_fprintf_buffer_flush
                0x0000000000000e7c       0x16 Output/twi_scanner_pca10056 Release/Obj/nrf_fprintf.o
                0x0000000000000e7c                nrf_fprintf_buffer_flush
 .text.nrf_fprintf
                0x0000000000000e92       0x1e Output/twi_scanner_pca10056 Release/Obj/nrf_fprintf.o
                0x0000000000000e92                nrf_fprintf
 .text.buffer_add
                0x0000000000000eb0       0x2e Output/twi_scanner_pca10056 Release/Obj/nrf_fprintf_format.o
 *fill*         0x0000000000000ede        0x2 
 .text.unsigned_print
                0x0000000000000ee0       0xb0 Output/twi_scanner_pca10056 Release/Obj/nrf_fprintf_format.o
 .text.nrf_fprintf_fmt
                0x0000000000000f90      0x280 Output/twi_scanner_pca10056 Release/Obj/nrf_fprintf_format.o
                0x0000000000000f90                nrf_fprintf_fmt
 .text.memobj_op
                0x0000000000001210       0x7e Output/twi_scanner_pca10056 Release/Obj/nrf_memobj.o
 .text.nrf_memobj_pool_init
                0x000000000000128e        0x4 Output/twi_scanner_pca10056 Release/Obj/nrf_memobj.o
                0x000000000000128e                nrf_memobj_pool_init
 .text.nrf_memobj_free
                0x0000000000001292       0x2c Output/twi_scanner_pca10056 Release/Obj/nrf_memobj.o
                0x0000000000001292                nrf_memobj_free
 .text.nrf_memobj_alloc
                0x00000000000012be       0x62 Output/twi_scanner_pca10056 Release/Obj/nrf_memobj.o
                0x00000000000012be                nrf_memobj_alloc
 .text.nrf_memobj_get
                0x0000000000001320        0x8 Output/twi_scanner_pca10056 Release/Obj/nrf_memobj.o
                0x0000000000001320                nrf_memobj_get
 .text.nrf_memobj_put
                0x0000000000001328       0x1e Output/twi_scanner_pca10056 Release/Obj/nrf_memobj.o
                0x0000000000001328                nrf_memobj_put
 .text.nrf_memobj_write
                0x0000000000001346       0x16 Output/twi_scanner_pca10056 Release/Obj/nrf_memobj.o
                0x0000000000001346                nrf_memobj_write
 .text.nrf_memobj_read
                0x000000000000135c       0x16 Output/twi_scanner_pca10056 Release/Obj/nrf_memobj.o
                0x000000000000135c                nrf_memobj_read
 .text.nrf_ringbuf_init
                0x0000000000001372       0x12 Output/twi_scanner_pca10056 Release/Obj/nrf_ringbuf.o
                0x0000000000001372                nrf_ringbuf_init
 .text.twim_evt_handler
                0x0000000000001384       0x48 Output/twi_scanner_pca10056 Release/Obj/nrf_drv_twi.o
 .text.nrfx_coredep_delay_us.part.0.constprop.1
                0x00000000000013cc       0x10 Output/twi_scanner_pca10056 Release/Obj/nrf_drv_twi.o
 .text.nrf_gpio_pin_set
                0x00000000000013dc       0x20 Output/twi_scanner_pca10056 Release/Obj/nrf_drv_twi.o
 .text.nrf_drv_twi_init
                0x00000000000013fc      0x108 Output/twi_scanner_pca10056 Release/Obj/nrf_drv_twi.o
                0x00000000000013fc                nrf_drv_twi_init
 .text.UARTE0_UART0_IRQHandler
                0x0000000000001504        0xc Output/twi_scanner_pca10056 Release/Obj/nrfx_prs.o
                0x0000000000001504                UARTE0_UART0_IRQHandler
 .text.nrfx_prs_acquire
                0x0000000000001510       0x34 Output/twi_scanner_pca10056 Release/Obj/nrfx_prs.o
                0x0000000000001510                nrfx_prs_acquire
 .text.nrf_twim_event_clear
                0x0000000000001544       0x10 Output/twi_scanner_pca10056 Release/Obj/nrfx_twim.o
 .text.xfer_completeness_check
                0x0000000000001554       0x60 Output/twi_scanner_pca10056 Release/Obj/nrfx_twim.o
 .text.twim_irq_handler
                0x00000000000015b4      0x178 Output/twi_scanner_pca10056 Release/Obj/nrfx_twim.o
 .text.SPIM0_SPIS0_TWIM0_TWIS0_SPI0_TWI0_IRQHandler
                0x000000000000172c       0x10 Output/twi_scanner_pca10056 Release/Obj/nrfx_twim.o
                0x000000000000172c                SPIM0_SPIS0_TWIM0_TWIS0_SPI0_TWI0_IRQHandler
 .text.SPIM1_SPIS1_TWIM1_TWIS1_SPI1_TWI1_IRQHandler
                0x000000000000173c       0x10 Output/twi_scanner_pca10056 Release/Obj/nrfx_twim.o
                0x000000000000173c                SPIM1_SPIS1_TWIM1_TWIS1_SPI1_TWI1_IRQHandler
 .text.nrfx_twim_init
                0x000000000000174c      0x10c Output/twi_scanner_pca10056 Release/Obj/nrfx_twim.o
                0x000000000000174c                nrfx_twim_init
 .text.nrfx_twim_enable
                0x0000000000001858       0x20 Output/twi_scanner_pca10056 Release/Obj/nrfx_twim.o
                0x0000000000001858                nrfx_twim_enable
 .text.nrfx_twim_xfer
                0x0000000000001878      0x2dc Output/twi_scanner_pca10056 Release/Obj/nrfx_twim.o
                0x0000000000001878                nrfx_twim_xfer
 .text.nrfx_twim_rx
                0x0000000000001b54       0x24 Output/twi_scanner_pca10056 Release/Obj/nrfx_twim.o
                0x0000000000001b54                nrfx_twim_rx
 .text.twi_init
                0x0000000000001b78       0x44 Output/twi_scanner_pca10056 Release/Obj/main.o
                0x0000000000001b78                twi_init
 .text.startup.main
                0x0000000000001bbc       0x9c Output/twi_scanner_pca10056 Release/Obj/main.o
                0x0000000000001bbc                main
 .text._GetAvailWriteSpace
                0x0000000000001c58       0x1c Output/twi_scanner_pca10056 Release/Obj/SEGGER_RTT.o
 .text._WriteNoCheck
                0x0000000000001c74       0x3c Output/twi_scanner_pca10056 Release/Obj/SEGGER_RTT.o
 .text._WriteBlocking
                0x0000000000001cb0       0x52 Output/twi_scanner_pca10056 Release/Obj/SEGGER_RTT.o
 *fill*         0x0000000000001d02        0x2 
 .text._DoInit  0x0000000000001d04       0x60 Output/twi_scanner_pca10056 Release/Obj/SEGGER_RTT.o
 .text.SEGGER_RTT_WriteNoLock
                0x0000000000001d64       0x68 Output/twi_scanner_pca10056 Release/Obj/SEGGER_RTT.o
                0x0000000000001d64                SEGGER_RTT_WriteNoLock
 .text.SEGGER_RTT_Init
                0x0000000000001dcc        0x4 Output/twi_scanner_pca10056 Release/Obj/SEGGER_RTT.o
                0x0000000000001dcc                SEGGER_RTT_Init
 .text.nrf52_errata_120
                0x0000000000001dd0       0x28 Output/twi_scanner_pca10056 Release/Obj/system_nrf52840.o
 .text.SystemInit
                0x0000000000001df8      0x1dc Output/twi_scanner_pca10056 Release/Obj/system_nrf52840.o
                0x0000000000001df8                SystemInit
 .text.libc.__RAL_ascii_isctype
                0x0000000000001fd4       0x1c C:/Program Files/SEGGER/SEGGER Embedded Studio for ARM 3.34/lib/libc_v7em_fpv4_sp_d16_hard_t_le_eabi.a(libc2.o)
 .text.libc.__RAL_ascii_toupper
                0x0000000000001ff0        0xc C:/Program Files/SEGGER/SEGGER Embedded Studio for ARM 3.34/lib/libc_v7em_fpv4_sp_d16_hard_t_le_eabi.a(libc2.o)
 .text.libc.__RAL_ascii_tolower
                0x0000000000001ffc        0xc C:/Program Files/SEGGER/SEGGER Embedded Studio for ARM 3.34/lib/libc_v7em_fpv4_sp_d16_hard_t_le_eabi.a(libc2.o)
 .text.libc.__RAL_ascii_iswctype
                0x0000000000002008       0x1c C:/Program Files/SEGGER/SEGGER Embedded Studio for ARM 3.34/lib/libc_v7em_fpv4_sp_d16_hard_t_le_eabi.a(libc2.o)
 .text.libc.__RAL_ascii_towupper
                0x0000000000002024        0xc C:/Program Files/SEGGER/SEGGER Embedded Studio for ARM 3.34/lib/libc_v7em_fpv4_sp_d16_hard_t_le_eabi.a(libc2.o)
 .text.libc.__RAL_ascii_towlower
                0x0000000000002030        0xc C:/Program Files/SEGGER/SEGGER Embedded Studio for ARM 3.34/lib/libc_v7em_fpv4_sp_d16_hard_t_le_eabi.a(libc2.o)
 .text.libc.__RAL_ascii_wctomb
                0x000000000000203c        0xe C:/Program Files/SEGGER/SEGGER Embedded Studio for ARM 3.34/lib/libc_v7em_fpv4_sp_d16_hard_t_le_eabi.a(libc2.o)
                0x000000000000203c                __RAL_ascii_wctomb
 .text.libc.__RAL_ascii_mbtowc
                0x000000000000204a       0x24 C:/Program Files/SEGGER/SEGGER Embedded Studio for ARM 3.34/lib/libc_v7em_fpv4_sp_d16_hard_t_le_eabi.a(libc2.o)
                0x000000000000204a                __RAL_ascii_mbtowc
 *fill*         0x000000000000206e        0x2 
 .text.libc.__RAL_isctype
                0x0000000000002070       0x14 C:/Program Files/SEGGER/SEGGER Embedded Studio for ARM 3.34/lib/libc_v7em_fpv4_sp_d16_hard_t_le_eabi.a(libc2.o)
                0x0000000000002070                __RAL_isctype
 .text.libc.isprint
                0x0000000000002084        0xa C:/Program Files/SEGGER/SEGGER Embedded Studio for ARM 3.34/lib/libc_v7em_fpv4_sp_d16_hard_t_le_eabi.a(libc2.o)
                0x0000000000002084                isprint
 *fill*         0x000000000000208e        0x2 
 .text.libc.memcpy
                0x0000000000002090       0x54 C:/Program Files/SEGGER/SEGGER Embedded Studio for ARM 3.34/lib/libc_v7em_fpv4_sp_d16_hard_t_le_eabi.a(libc2_asm.o)
                0x0000000000002090                __aeabi_memcpy
                0x0000000000002090                memcpy
                0x000000000000209c                __aeabi_memcpy8
                0x000000000000209c                __aeabi_memcpy4
 .text.libc.memset
                0x00000000000020e4       0x68 C:/Program Files/SEGGER/SEGGER Embedded Studio for ARM 3.34/lib/libc_v7em_fpv4_sp_d16_hard_t_le_eabi.a(libc2_asm.o)
                0x00000000000020e4                memset
 .text.libc.strcpy
                0x000000000000214c       0x44 C:/Program Files/SEGGER/SEGGER Embedded Studio for ARM 3.34/lib/libc_v7em_fpv4_sp_d16_hard_t_le_eabi.a(libc2_asm.o)
                0x000000000000214c                strcpy
 .text.libc.strlen
                0x0000000000002190       0x60 C:/Program Files/SEGGER/SEGGER Embedded Studio for ARM 3.34/lib/libc_v7em_fpv4_sp_d16_hard_t_le_eabi.a(libc2_asm.o)
                0x0000000000002190                strlen
                0x00000000000021f0                __text_end__ = (__text_start__ + SIZEOF (.text))
                0x0000000000001e1c                __text_size__ = SIZEOF (.text)
                0x00000000000021f0                __text_load_end__ = __text_end__

.vfp11_veneer   0x0000000100000000        0x0
 .vfp11_veneer  0x0000000100000000        0x0 linker stubs

.v4_bx          0x0000000100000000        0x0
 .v4_bx         0x0000000100000000        0x0 linker stubs

.iplt           0x0000000100000000        0x0
 .iplt          0x0000000100000000        0x0 Output/twi_scanner_pca10056 Release/Obj/thumb_crt0.o
                0x0000000000000001                . = ASSERT (((__text_start__ == __text_end__) || ((__text_end__ >= __FLASH_segment_start__) && (__text_end__ <= __FLASH_segment_end__))), error: .text is too large to fit in FLASH memory segment)
                0x00000000000021f0                __log_const_data_load_start__ = ALIGN (__text_end__, 0x4)

.log_const_data
                0x00000000000021f0       0x28
                0x00000000000021f0                __log_const_data_start__ = .
                0x00000000000021f0                __start_log_const_data = __log_const_data_start__
 *(SORT(.log_const_data*))
 .log_const_data_PRS
                0x00000000000021f0        0x8 Output/twi_scanner_pca10056 Release/Obj/nrfx_prs.o
                0x00000000000021f0                m_nrf_log_PRS_logs_data_const
 .log_const_data_TWIM
                0x00000000000021f8        0x8 Output/twi_scanner_pca10056 Release/Obj/nrfx_twim.o
                0x00000000000021f8                m_nrf_log_TWIM_logs_data_const
 .log_const_data_UART
                0x0000000000002200        0x8 Output/twi_scanner_pca10056 Release/Obj/nrfx_uart.o
                0x0000000000002200                m_nrf_log_UART_logs_data_const
 .log_const_data_UARTE
                0x0000000000002208        0x8 Output/twi_scanner_pca10056 Release/Obj/nrfx_uarte.o
                0x0000000000002208                m_nrf_log_UARTE_logs_data_const
 .log_const_data_app
                0x0000000000002210        0x8 Output/twi_scanner_pca10056 Release/Obj/nrf_log_frontend.o
                0x0000000000002210                m_nrf_log_app_logs_data_const
                0x0000000000002218                __log_const_data_end__ = (__log_const_data_start__ + SIZEOF (.log_const_data))
                0x0000000000000028                __log_const_data_size__ = SIZEOF (.log_const_data)
                0x0000000000002218                __stop_log_const_data = __log_const_data_end__
                0x0000000000002218                __log_const_data_load_end__ = __log_const_data_end__
                0x0000000000000001                . = ASSERT (((__log_const_data_start__ == __log_const_data_end__) || ((__log_const_data_end__ >= __FLASH_segment_start__) && (__log_const_data_end__ <= __FLASH_segment_end__))), error: .log_const_data is too large to fit in FLASH memory segment)
                0x0000000000002218                __log_backends_load_start__ = ALIGN (__log_const_data_end__, 0x4)

.log_backends   0x0000000000002218       0x10
                0x0000000000002218                __log_backends_start__ = .
                0x0000000000002218                __start_log_backends = __log_backends_start__
 *(SORT(.log_backends*))
 .log_backends  0x0000000000002218       0x10 Output/twi_scanner_pca10056 Release/Obj/nrf_log_default_backends.o
                0x0000000000002228                __log_backends_end__ = (__log_backends_start__ + SIZEOF (.log_backends))
                0x0000000000000010                __log_backends_size__ = SIZEOF (.log_backends)
                0x0000000000002228                __stop_log_backends = __log_backends_end__
                0x0000000000002228                __log_backends_load_end__ = __log_backends_end__
                0x0000000000000001                . = ASSERT (((__log_backends_start__ == __log_backends_end__) || ((__log_backends_end__ >= __FLASH_segment_start__) && (__log_backends_end__ <= __FLASH_segment_end__))), error: .log_backends is too large to fit in FLASH memory segment)
                0x0000000000002228                __nrf_balloc_load_start__ = ALIGN (__log_backends_end__, 0x4)

.nrf_balloc     0x0000000000002228       0x14
                0x0000000000002228                __nrf_balloc_start__ = .
                0x0000000000002228                __start_nrf_balloc = __nrf_balloc_start__
 *(.nrf_balloc*)
 .nrf_balloc    0x0000000000002228       0x14 Output/twi_scanner_pca10056 Release/Obj/nrf_log_frontend.o
                0x0000000000002228                log_mempool
                0x000000000000223c                __nrf_balloc_end__ = (__nrf_balloc_start__ + SIZEOF (.nrf_balloc))
                0x0000000000000014                __nrf_balloc_size__ = SIZEOF (.nrf_balloc)
                0x000000000000223c                __stop_nrf_balloc = __nrf_balloc_end__
                0x000000000000223c                __nrf_balloc_load_end__ = __nrf_balloc_end__
                0x0000000000000001                . = ASSERT (((__nrf_balloc_start__ == __nrf_balloc_end__) || ((__nrf_balloc_end__ >= __FLASH_segment_start__) && (__nrf_balloc_end__ <= __FLASH_segment_end__))), error: .nrf_balloc is too large to fit in FLASH memory segment)
                0x000000000000223c                __nrf_sections_load_start__ = ALIGN (__nrf_balloc_end__, 0x4)

.nrf_sections   0x000000000000223c        0x0
                0x000000000000223c                __nrf_sections_start__ = .
                0x000000000000223c                __start_nrf_sections = __nrf_sections_start__
 *(.nrf_sections .nrf_sections.*)
                0x000000000000223c                __nrf_sections_end__ = (__nrf_sections_start__ + SIZEOF (.nrf_sections))
                0x0000000000000000                __nrf_sections_size__ = SIZEOF (.nrf_sections)
                0x000000000000223c                __nrf_sections_load_end__ = __nrf_sections_end__
                0x0000000000000001                . = ASSERT (((__nrf_sections_start__ == __nrf_sections_end__) || ((__nrf_sections_end__ >= __FLASH_segment_start__) && (__nrf_sections_end__ <= __FLASH_segment_end__))), error: .nrf_sections is too large to fit in FLASH memory segment)
                0x000000000000223c                __log_dynamic_data_load_start__ = ALIGN (__nrf_sections_end__, 0x4)

.log_dynamic_data
                0x0000000020000000        0x0 load address 0x000000000000223c
                0x0000000020000000                __log_dynamic_data_start__ = .
 *(SORT(.log_dynamic_data*))
                0x0000000020000000                __log_dynamic_data_end__ = (__log_dynamic_data_start__ + SIZEOF (.log_dynamic_data))
                0x0000000000000000                __log_dynamic_data_size__ = SIZEOF (.log_dynamic_data)
                0x000000000000223c                __log_dynamic_data_load_end__ = (__log_dynamic_data_load_start__ + SIZEOF (.log_dynamic_data))
                0x0000000000000001                . = ASSERT (((__log_dynamic_data_load_start__ == __log_dynamic_data_load_end__) || ((__log_dynamic_data_load_end__ >= __FLASH_segment_start__) && (__log_dynamic_data_load_end__ <= __FLASH_segment_end__))), error: .log_dynamic_data is too large to fit in FLASH memory segment)

.log_dynamic_data_run
                0x0000000020000000        0x0
                0x0000000020000000                __log_dynamic_data_run_start__ = .
                0x0000000020000000                __start_log_dynamic_data = __log_dynamic_data_run_start__
                0x0000000020000000                . = MAX ((__log_dynamic_data_run_start__ + SIZEOF (.log_dynamic_data)), .)
                0x0000000020000000                __log_dynamic_data_run_end__ = (__log_dynamic_data_run_start__ + SIZEOF (.log_dynamic_data_run))
                0x0000000000000000                __log_dynamic_data_run_size__ = SIZEOF (.log_dynamic_data_run)
                0x0000000020000000                __stop_log_dynamic_data = __log_dynamic_data_run_end__
                0x0000000020000000                __log_dynamic_data_run_load_end__ = __log_dynamic_data_run_end__
                0x0000000000000001                . = ASSERT (((__log_dynamic_data_run_start__ == __log_dynamic_data_run_end__) || ((__log_dynamic_data_run_end__ >= __RAM1_segment_start__) && (__log_dynamic_data_run_end__ <= __RAM1_segment_end__))), error: .log_dynamic_data_run is too large to fit in RAM1 memory segment)
                0x000000000000223c                __log_filter_data_load_start__ = ALIGN ((__log_dynamic_data_load_start__ + SIZEOF (.log_dynamic_data)), 0x4)

.log_filter_data
                0x0000000020000000        0x0 load address 0x000000000000223c
                0x0000000020000000                __log_filter_data_start__ = .
 *(SORT(.log_filter_data*))
                0x0000000020000000                __log_filter_data_end__ = (__log_filter_data_start__ + SIZEOF (.log_filter_data))
                0x0000000000000000                __log_filter_data_size__ = SIZEOF (.log_filter_data)
                0x000000000000223c                __log_filter_data_load_end__ = (__log_filter_data_load_start__ + SIZEOF (.log_filter_data))
                0x0000000000000001                . = ASSERT (((__log_filter_data_load_start__ == __log_filter_data_load_end__) || ((__log_filter_data_load_end__ >= __FLASH_segment_start__) && (__log_filter_data_load_end__ <= __FLASH_segment_end__))), error: .log_filter_data is too large to fit in FLASH memory segment)

.log_filter_data_run
                0x0000000020000000        0x0
                0x0000000020000000                __log_filter_data_run_start__ = .
                0x0000000020000000                __start_log_filter_data = __log_filter_data_run_start__
                0x0000000020000000                . = MAX ((__log_filter_data_run_start__ + SIZEOF (.log_filter_data)), .)
                0x0000000020000000                __log_filter_data_run_end__ = (__log_filter_data_run_start__ + SIZEOF (.log_filter_data_run))
                0x0000000000000000                __log_filter_data_run_size__ = SIZEOF (.log_filter_data_run)
                0x0000000020000000                __stop_log_filter_data = __log_filter_data_run_end__
                0x0000000020000000                __log_filter_data_run_load_end__ = __log_filter_data_run_end__
                0x0000000000000001                . = ASSERT (((__log_filter_data_run_start__ == __log_filter_data_run_end__) || ((__log_filter_data_run_end__ >= __RAM1_segment_start__) && (__log_filter_data_run_end__ <= __RAM1_segment_end__))), error: .log_filter_data_run is too large to fit in RAM1 memory segment)
                0x0000000020000000                __nrf_sections_run_end_load_start__ = ALIGN (__log_filter_data_run_end__, 0x4)

.nrf_sections_run_end
                0x0000000020000000        0x0
                0x0000000020000000                __nrf_sections_run_end_start__ = .
                0x0000000020000000                __end_nrf_sections_run = __nrf_sections_run_end_start__
 *(.nrf_sections_run_end .nrf_sections_run_end.*)
                0x0000000020000000                __nrf_sections_run_end_end__ = (__nrf_sections_run_end_start__ + SIZEOF (.nrf_sections_run_end))
                0x0000000000000000                __nrf_sections_run_end_size__ = SIZEOF (.nrf_sections_run_end)
                0x0000000020000000                __nrf_sections_run_end_load_end__ = __nrf_sections_run_end_end__
                0x0000000000000001                . = ASSERT (((__nrf_sections_run_end_start__ == __nrf_sections_run_end_end__) || ((__nrf_sections_run_end_end__ >= __RAM1_segment_start__) && (__nrf_sections_run_end_end__ <= __RAM1_segment_end__))), error: .nrf_sections_run_end is too large to fit in RAM1 memory segment)
                0x000000000000223c                __dtors_load_start__ = ALIGN ((__log_filter_data_load_start__ + SIZEOF (.log_filter_data)), 0x4)

.dtors          0x000000000000223c        0x0
                0x000000000000223c                __dtors_start__ = .
 *(SORT(.dtors.*))
 *(.dtors)
 *(.fini_array)
 *(SORT(.fini_array.*))
                0x000000000000223c                __dtors_end__ = (__dtors_start__ + SIZEOF (.dtors))
                0x0000000000000000                __dtors_size__ = SIZEOF (.dtors)
                0x000000000000223c                __dtors_load_end__ = __dtors_end__
                0x0000000000000001                . = ASSERT (((__dtors_start__ == __dtors_end__) || ((__dtors_end__ >= __FLASH_segment_start__) && (__dtors_end__ <= __FLASH_segment_end__))), error: .dtors is too large to fit in FLASH memory segment)
                0x000000000000223c                __ctors_load_start__ = ALIGN (__dtors_end__, 0x4)

.ctors          0x000000000000223c        0x0
                0x000000000000223c                __ctors_start__ = .
 *(SORT(.ctors.*))
 *(.ctors)
 *(.init_array)
 *(SORT(.init_array.*))
                0x000000000000223c                __ctors_end__ = (__ctors_start__ + SIZEOF (.ctors))
                0x0000000000000000                __ctors_size__ = SIZEOF (.ctors)
                0x000000000000223c                __ctors_load_end__ = __ctors_end__
                0x0000000000000001                . = ASSERT (((__ctors_start__ == __ctors_end__) || ((__ctors_end__ >= __FLASH_segment_start__) && (__ctors_end__ <= __FLASH_segment_end__))), error: .ctors is too large to fit in FLASH memory segment)
                0x000000000000223c                __rodata_load_start__ = ALIGN (__ctors_end__, 0x4)

.rodata         0x000000000000223c      0x420
                0x000000000000223c                __rodata_start__ = .
 *(.rodata .rodata.* .gnu.linkonce.r.*)
 *fill*         0x000000000000223c        0x4 
 .rodata.delay_machine_code.8312
                0x0000000000002240        0x6 Output/twi_scanner_pca10056 Release/Obj/nrf_log_backend_rtt.o
 *fill*         0x0000000000002246        0x2 
 .rodata.nrf_log_backend_rtt_api
                0x0000000000002248        0xc Output/twi_scanner_pca10056 Release/Obj/nrf_log_backend_rtt.o
                0x0000000000002248                nrf_log_backend_rtt_api
 .rodata.str1.1
                0x0000000000002254       0x10 Output/twi_scanner_pca10056 Release/Obj/nrf_log_default_backends.o
 .rodata.m_log_push_ringbuf
                0x0000000000002264        0xc Output/twi_scanner_pca10056 Release/Obj/nrf_log_frontend.o
 .rodata.nrf_log_frontend_dequeue.str1.1
                0x0000000000002270       0x11 Output/twi_scanner_pca10056 Release/Obj/nrf_log_frontend.o
 .rodata.str1.1
                0x0000000000002281        0x4 Output/twi_scanner_pca10056 Release/Obj/nrf_log_frontend.o
 *fill*         0x0000000000002285        0x3 
 .rodata.m_colors
                0x0000000000002288       0x24 Output/twi_scanner_pca10056 Release/Obj/nrf_log_str_formatter.o
 .rodata.nrf_log_hexdump_entry_process.str1.1
                0x00000000000022ac        0xf Output/twi_scanner_pca10056 Release/Obj/nrf_log_str_formatter.o
                                         0x11 (size before relaxing)
 .rodata.postfix_process.str1.1
                0x00000000000022bb        0xf Output/twi_scanner_pca10056 Release/Obj/nrf_log_str_formatter.o
                                          0x3 (size before relaxing)
 .rodata.prefix_process.str1.1
                0x00000000000022bb       0x32 Output/twi_scanner_pca10056 Release/Obj/nrf_log_str_formatter.o
 *fill*         0x00000000000022ed        0x3 
 .rodata.severity_names
                0x00000000000022f0       0x14 Output/twi_scanner_pca10056 Release/Obj/nrf_log_str_formatter.o
 .rodata.str1.1
                0x0000000000002304       0x4b Output/twi_scanner_pca10056 Release/Obj/nrf_log_str_formatter.o
                                         0x51 (size before relaxing)
 .rodata.app_error_fault_handler.str1.1
                0x000000000000234f       0x19 Output/twi_scanner_pca10056 Release/Obj/app_error_weak.o
 .rodata._aV2C.7637
                0x0000000000002368       0x10 Output/twi_scanner_pca10056 Release/Obj/nrf_fprintf_format.o
 *fill*         0x0000000000002378        0x8 
 .rodata.delay_machine_code.7704
                0x0000000000002380        0x6 Output/twi_scanner_pca10056 Release/Obj/nrf_drv_twi.o
 .rodata.str1.1
                0x0000000000002386        0x4 Output/twi_scanner_pca10056 Release/Obj/nrfx_prs.o
 *fill*         0x000000000000238a        0x2 
 .rodata.irq_handlers.8689
                0x000000000000238c        0x8 Output/twi_scanner_pca10056 Release/Obj/nrfx_twim.o
 .rodata.str1.1
                0x0000000000002394        0x5 Output/twi_scanner_pca10056 Release/Obj/nrfx_twim.o
 .rodata.str1.1
                0x0000000000002399        0x5 Output/twi_scanner_pca10056 Release/Obj/nrfx_uart.o
 .rodata.str1.1
                0x000000000000239e        0x6 Output/twi_scanner_pca10056 Release/Obj/nrfx_uarte.o
 .rodata.m_twi  0x00000000000023a4       0x10 Output/twi_scanner_pca10056 Release/Obj/main.o
 .rodata.main.str1.1
                0x00000000000023b4       0x4f Output/twi_scanner_pca10056 Release/Obj/main.o
 .rodata._DoInit.str1.1
                0x0000000000002403       0x14 Output/twi_scanner_pca10056 Release/Obj/SEGGER_RTT.o
 .rodata.CSWTCH.12
                0x0000000000002417        0x4 Output/twi_scanner_pca10056 Release/Obj/system_nrf52840.o
 *fill*         0x000000000000241b        0x1 
 .rodata.libc.__RAL_ascii_ctype_map
                0x000000000000241c       0x80 C:/Program Files/SEGGER/SEGGER Embedded Studio for ARM 3.34/lib/libc_v7em_fpv4_sp_d16_hard_t_le_eabi.a(libc2.o)
                0x000000000000241c                __RAL_ascii_ctype_map
 .rodata.libc.__RAL_ascii_ctype_mask
                0x000000000000249c        0xd C:/Program Files/SEGGER/SEGGER Embedded Studio for ARM 3.34/lib/libc_v7em_fpv4_sp_d16_hard_t_le_eabi.a(libc2.o)
 *fill*         0x00000000000024a9        0x3 
 .rodata.libc.__RAL_c_locale
                0x00000000000024ac        0xc C:/Program Files/SEGGER/SEGGER Embedded Studio for ARM 3.34/lib/libc_v7em_fpv4_sp_d16_hard_t_le_eabi.a(libc2.o)
                0x00000000000024ac                __RAL_c_locale
 .rodata.libc.__RAL_c_locale_abbrev_day_names
                0x00000000000024b8       0x1d C:/Program Files/SEGGER/SEGGER Embedded Studio for ARM 3.34/lib/libc_v7em_fpv4_sp_d16_hard_t_le_eabi.a(libc2.o)
                0x00000000000024b8                __RAL_c_locale_abbrev_day_names
 *fill*         0x00000000000024d5        0x3 
 .rodata.libc.__RAL_c_locale_abbrev_month_names
                0x00000000000024d8       0x31 C:/Program Files/SEGGER/SEGGER Embedded Studio for ARM 3.34/lib/libc_v7em_fpv4_sp_d16_hard_t_le_eabi.a(libc2.o)
                0x00000000000024d8                __RAL_c_locale_abbrev_month_names
 *fill*         0x0000000000002509        0x3 
 .rodata.libc.__RAL_c_locale_am_pm_indicator
                0x000000000000250c        0x7 C:/Program Files/SEGGER/SEGGER Embedded Studio for ARM 3.34/lib/libc_v7em_fpv4_sp_d16_hard_t_le_eabi.a(libc2.o)
                0x000000000000250c                __RAL_c_locale_am_pm_indicator
 *fill*         0x0000000000002513        0x1 
 .rodata.libc.__RAL_c_locale_data
                0x0000000000002514       0x58 C:/Program Files/SEGGER/SEGGER Embedded Studio for ARM 3.34/lib/libc_v7em_fpv4_sp_d16_hard_t_le_eabi.a(libc2.o)
                0x0000000000002514                __RAL_c_locale_data
 .rodata.libc.__RAL_c_locale_date_format
                0x000000000000256c        0x9 C:/Program Files/SEGGER/SEGGER Embedded Studio for ARM 3.34/lib/libc_v7em_fpv4_sp_d16_hard_t_le_eabi.a(libc2.o)
                0x000000000000256c                __RAL_c_locale_date_format
 *fill*         0x0000000000002575        0x3 
 .rodata.libc.__RAL_c_locale_date_time_format
                0x0000000000002578        0xf C:/Program Files/SEGGER/SEGGER Embedded Studio for ARM 3.34/lib/libc_v7em_fpv4_sp_d16_hard_t_le_eabi.a(libc2.o)
                0x0000000000002578                __RAL_c_locale_date_time_format
 *fill*         0x0000000000002587        0x1 
 .rodata.libc.__RAL_c_locale_day_names
                0x0000000000002588       0x3a C:/Program Files/SEGGER/SEGGER Embedded Studio for ARM 3.34/lib/libc_v7em_fpv4_sp_d16_hard_t_le_eabi.a(libc2.o)
                0x0000000000002588                __RAL_c_locale_day_names
 *fill*         0x00000000000025c2        0x2 
 .rodata.libc.__RAL_c_locale_month_names
                0x00000000000025c4       0x57 C:/Program Files/SEGGER/SEGGER Embedded Studio for ARM 3.34/lib/libc_v7em_fpv4_sp_d16_hard_t_le_eabi.a(libc2.o)
                0x00000000000025c4                __RAL_c_locale_month_names
 *fill*         0x000000000000261b        0x1 
 .rodata.libc.__RAL_c_locale_time_format
                0x000000000000261c        0x9 C:/Program Files/SEGGER/SEGGER Embedded Studio for ARM 3.34/lib/libc_v7em_fpv4_sp_d16_hard_t_le_eabi.a(libc2.o)
                0x000000000000261c                __RAL_c_locale_time_format
 *fill*         0x0000000000002625        0x3 
 .rodata.libc.__RAL_codeset_ascii
                0x0000000000002628       0x20 C:/Program Files/SEGGER/SEGGER Embedded Studio for ARM 3.34/lib/libc_v7em_fpv4_sp_d16_hard_t_le_eabi.a(libc2.o)
                0x0000000000002628                __RAL_codeset_ascii
 .rodata.libc.__RAL_data_empty_string
                0x0000000000002648        0x1 C:/Program Files/SEGGER/SEGGER Embedded Studio for ARM 3.34/lib/libc_v7em_fpv4_sp_d16_hard_t_le_eabi.a(libc2.o)
                0x0000000000002648                __RAL_data_empty_string
 *fill*         0x0000000000002649        0x3 
 .rodata.libc.__RAL_data_utf8_period
                0x000000000000264c        0x2 C:/Program Files/SEGGER/SEGGER Embedded Studio for ARM 3.34/lib/libc_v7em_fpv4_sp_d16_hard_t_le_eabi.a(libc2.o)
                0x000000000000264c                __RAL_data_utf8_period
 *fill*         0x000000000000264e        0x2 
 .rodata.libc.__RAL_find_locale.str1.4
                0x0000000000002650        0xc C:/Program Files/SEGGER/SEGGER Embedded Studio for ARM 3.34/lib/libc_v7em_fpv4_sp_d16_hard_t_le_eabi.a(libc2.o)
                                          0xa (size before relaxing)
                0x000000000000265c                __rodata_end__ = (__rodata_start__ + SIZEOF (.rodata))
                0x0000000000000420                __rodata_size__ = SIZEOF (.rodata)
                0x000000000000265c                __rodata_load_end__ = __rodata_end__

.rel.dyn        0x000000000000265c        0x0
 .rel.iplt      0x000000000000265c        0x0 Output/twi_scanner_pca10056 Release/Obj/thumb_crt0.o
                0x0000000000000001                . = ASSERT (((__rodata_start__ == __rodata_end__) || ((__rodata_end__ >= __FLASH_segment_start__) && (__rodata_end__ <= __FLASH_segment_end__))), error: .rodata is too large to fit in FLASH memory segment)
                0x000000000000265c                __ARM.exidx_load_start__ = ALIGN (__rodata_end__, 0x4)

.ARM.exidx      0x000000000000265c        0x0
                0x000000000000265c                __ARM.exidx_start__ = .
                0x000000000000265c                __exidx_start = __ARM.exidx_start__
 *(.ARM.exidx .ARM.exidx.*)
                0x000000000000265c                __ARM.exidx_end__ = (__ARM.exidx_start__ + SIZEOF (.ARM.exidx))
                0x0000000000000000                __ARM.exidx_size__ = SIZEOF (.ARM.exidx)
                0x000000000000265c                __exidx_end = __ARM.exidx_end__
                0x000000000000265c                __ARM.exidx_load_end__ = __ARM.exidx_end__
                0x0000000000000001                . = ASSERT (((__ARM.exidx_start__ == __ARM.exidx_end__) || ((__ARM.exidx_end__ >= __FLASH_segment_start__) && (__ARM.exidx_end__ <= __FLASH_segment_end__))), error: .ARM.exidx is too large to fit in FLASH memory segment)
                0x000000000000265c                __fast_load_start__ = ALIGN (__ARM.exidx_end__, 0x4)

.fast           0x0000000020000000        0x0 load address 0x000000000000265c
                0x0000000020000000                __fast_start__ = .
 *(.fast .fast.*)
                0x0000000020000000                __fast_end__ = (__fast_start__ + SIZEOF (.fast))
                0x0000000000000000                __fast_size__ = SIZEOF (.fast)
                0x000000000000265c                __fast_load_end__ = (__fast_load_start__ + SIZEOF (.fast))
                0x0000000000000001                . = ASSERT (((__fast_load_start__ == __fast_load_end__) || ((__fast_load_end__ >= __FLASH_segment_start__) && (__fast_load_end__ <= __FLASH_segment_end__))), error: .fast is too large to fit in FLASH memory segment)

.fast_run       0x0000000020000000        0x0
                0x0000000020000000                __fast_run_start__ = .
                0x0000000020000000                . = MAX ((__fast_run_start__ + SIZEOF (.fast)), .)
                0x0000000020000000                __fast_run_end__ = (__fast_run_start__ + SIZEOF (.fast_run))
                0x0000000000000000                __fast_run_size__ = SIZEOF (.fast_run)
                0x0000000020000000                __fast_run_load_end__ = __fast_run_end__
                0x0000000000000001                . = ASSERT (((__fast_run_start__ == __fast_run_end__) || ((__fast_run_end__ >= __RAM1_segment_start__) && (__fast_run_end__ <= __RAM1_segment_end__))), error: .fast_run is too large to fit in RAM1 memory segment)
                0x000000000000265c                __data_load_start__ = ALIGN ((__fast_load_start__ + SIZEOF (.fast)), 0x4)

.data           0x0000000020000000       0x20 load address 0x000000000000265c
                0x0000000020000000                __data_start__ = .
 *(.data .data.* .gnu.linkonce.d.*)
 .data.log_backend_cb_rtt_log_backend
                0x0000000020000000        0x8 Output/twi_scanner_pca10056 Release/Obj/nrf_log_default_backends.o
 .data.SystemCoreClock
                0x0000000020000008        0x4 Output/twi_scanner_pca10056 Release/Obj/system_nrf52840.o
                0x0000000020000008                SystemCoreClock
 .data.libc.__RAL_global_locale
                0x000000002000000c       0x14 C:/Program Files/SEGGER/SEGGER Embedded Studio for ARM 3.34/lib/libc_v7em_fpv4_sp_d16_hard_t_le_eabi.a(libc2.o)
                0x000000002000000c                __RAL_global_locale
                0x0000000020000020                __data_end__ = (__data_start__ + SIZEOF (.data))
                0x0000000000000020                __data_size__ = SIZEOF (.data)
                0x000000000000267c                __data_load_end__ = (__data_load_start__ + SIZEOF (.data))

.igot.plt       0x0000000100000000        0x0
 .igot.plt      0x0000000100000000        0x0 Output/twi_scanner_pca10056 Release/Obj/thumb_crt0.o
                0x0000000000000001                . = ASSERT (((__data_load_start__ == __data_load_end__) || ((__data_load_end__ >= __FLASH_segment_start__) && (__data_load_end__ <= __FLASH_segment_end__))), error: .data is too large to fit in FLASH memory segment)

.data_run       0x0000000020000000       0x20 load address 0x000000000000265c
                0x0000000020000000                __data_run_start__ = .
                0x0000000020000020                . = MAX ((__data_run_start__ + SIZEOF (.data)), .)
 *fill*         0x0000000020000000       0x20 
                0x0000000020000020                __data_run_end__ = (__data_run_start__ + SIZEOF (.data_run))
                0x0000000000000020                __data_run_size__ = SIZEOF (.data_run)
                0x0000000020000020                __data_run_load_end__ = __data_run_end__
                0x0000000000000001                . = ASSERT (((__data_run_start__ == __data_run_end__) || ((__data_run_end__ >= __RAM1_segment_start__) && (__data_run_end__ <= __RAM1_segment_end__))), error: .data_run is too large to fit in RAM1 memory segment)
                0x000000000000267c                __tdata_load_start__ = ALIGN ((__data_load_start__ + SIZEOF (.data)), 0x4)

.tdata          0x0000000020000020        0x0 load address 0x000000000000267c
                0x0000000020000020                __tdata_start__ = .
 *(.tdata .tdata.*)
                0x0000000020000020                __tdata_end__ = (__tdata_start__ + SIZEOF (.tdata))
                0x0000000000000000                __tdata_size__ = SIZEOF (.tdata)
                0x000000000000267c                __tdata_load_end__ = (__tdata_load_start__ + SIZEOF (.tdata))
                0x000000000000267c                __FLASH_segment_used_end__ = (ALIGN ((__data_load_start__ + SIZEOF (.data)), 0x4) + SIZEOF (.tdata))
                0x000000000000267c                __FLASH_segment_used_size__ = (__FLASH_segment_used_end__ - __FLASH_segment_start__)
                0x0000000000000001                . = ASSERT (((__tdata_load_start__ == __tdata_load_end__) || ((__tdata_load_end__ >= __FLASH_segment_start__) && (__tdata_load_end__ <= __FLASH_segment_end__))), error: .tdata is too large to fit in FLASH memory segment)

.tdata_run      0x0000000020000020        0x0
                0x0000000020000020                __tdata_run_start__ = .
                0x0000000020000020                . = MAX ((__tdata_run_start__ + SIZEOF (.tdata)), .)
                0x0000000020000020                __tdata_run_end__ = (__tdata_run_start__ + SIZEOF (.tdata_run))
                0x0000000000000000                __tdata_run_size__ = SIZEOF (.tdata_run)
                0x0000000020000020                __tdata_run_load_end__ = __tdata_run_end__
                0x0000000000000001                . = ASSERT (((__tdata_run_start__ == __tdata_run_end__) || ((__tdata_run_end__ >= __RAM1_segment_start__) && (__tdata_run_end__ <= __RAM1_segment_end__))), error: .tdata_run is too large to fit in RAM1 memory segment)
                0x0000000020000020                __bss_load_start__ = ALIGN (__tdata_run_end__, 0x4)

.bss            0x0000000020000020      0x8d8
                0x0000000020000020                __bss_start__ = .
 *(.bss .bss.* .gnu.linkonce.b.*)
 .bss.m_host_present
                0x0000000020000020        0x1 Output/twi_scanner_pca10056 Release/Obj/nrf_log_backend_rtt.o
 .bss.m_string_buff
                0x0000000020000021       0x40 Output/twi_scanner_pca10056 Release/Obj/nrf_log_backend_rtt.o
 *fill*         0x0000000020000061        0x3 
 .bss.log_mempool_nrf_balloc_cb
                0x0000000020000064        0x8 Output/twi_scanner_pca10056 Release/Obj/nrf_log_frontend.o
 .bss.log_mempool_nrf_balloc_pool_mem
                0x000000002000006c       0xc0 Output/twi_scanner_pca10056 Release/Obj/nrf_log_frontend.o
 .bss.log_mempool_nrf_balloc_pool_stack
                0x000000002000012c        0x8 Output/twi_scanner_pca10056 Release/Obj/nrf_log_frontend.o
 .bss.m_log_data
                0x0000000020000134      0x420 Output/twi_scanner_pca10056 Release/Obj/nrf_log_frontend.o
 .bss.m_log_push_ringbuf_buf
                0x0000000020000554       0x80 Output/twi_scanner_pca10056 Release/Obj/nrf_log_frontend.o
 .bss.m_log_push_ringbuf_cb
                0x00000000200005d4       0x18 Output/twi_scanner_pca10056 Release/Obj/nrf_log_frontend.o
 .bss.m_in_critical_region
                0x00000000200005ec        0x4 Output/twi_scanner_pca10056 Release/Obj/app_util_platform.o
 .bss.m_contexts
                0x00000000200005f0        0x8 Output/twi_scanner_pca10056 Release/Obj/nrf_drv_twi.o
 .bss.m_handlers
                0x00000000200005f8        0x8 Output/twi_scanner_pca10056 Release/Obj/nrf_drv_twi.o
 .bss.m_prs_box_4
                0x0000000020000600        0x8 Output/twi_scanner_pca10056 Release/Obj/nrfx_prs.o
 .bss.m_cb      0x0000000020000608       0x68 Output/twi_scanner_pca10056 Release/Obj/nrfx_twim.o
 .bss._SEGGER_RTT
                0x0000000020000670       0x78 Output/twi_scanner_pca10056 Release/Obj/SEGGER_RTT.o
                0x0000000020000670                _SEGGER_RTT
 .bss._acDownBuffer
                0x00000000200006e8       0x10 Output/twi_scanner_pca10056 Release/Obj/SEGGER_RTT.o
 .bss._acUpBuffer
                0x00000000200006f8      0x200 Output/twi_scanner_pca10056 Release/Obj/SEGGER_RTT.o
 *(COMMON)
                0x00000000200008f8                __bss_end__ = (__bss_start__ + SIZEOF (.bss))
                0x00000000000008d8                __bss_size__ = SIZEOF (.bss)
                0x00000000200008f8                __bss_load_end__ = __bss_end__
                0x0000000000000001                . = ASSERT (((__bss_start__ == __bss_end__) || ((__bss_end__ >= __RAM1_segment_start__) && (__bss_end__ <= __RAM1_segment_end__))), error: .bss is too large to fit in RAM1 memory segment)
                0x00000000200008f8                __tbss_load_start__ = ALIGN (__bss_end__, 0x4)

.tbss           0x00000000200008f8        0x0
                0x00000000200008f8                __tbss_start__ = .
 *(.tbss .tbss.*)
                0x00000000200008f8                __tbss_end__ = (__tbss_start__ + SIZEOF (.tbss))
                0x0000000000000000                __tbss_size__ = SIZEOF (.tbss)
                0x00000000200008f8                __tbss_load_end__ = __tbss_end__
                0x0000000000000001                . = ASSERT (((__tbss_start__ == __tbss_end__) || ((__tbss_end__ >= __RAM1_segment_start__) && (__tbss_end__ <= __RAM1_segment_end__))), error: .tbss is too large to fit in RAM1 memory segment)
                0x00000000200008f8                __non_init_load_start__ = ALIGN (__tbss_end__, 0x4)

.non_init       0x00000000200008f8        0x0
                0x00000000200008f8                __non_init_start__ = .
 *(.non_init .non_init.*)
                0x00000000200008f8                __non_init_end__ = (__non_init_start__ + SIZEOF (.non_init))
                0x0000000000000000                __non_init_size__ = SIZEOF (.non_init)
                0x00000000200008f8                __non_init_load_end__ = __non_init_end__
                0x0000000000000001                . = ASSERT (((__non_init_start__ == __non_init_end__) || ((__non_init_end__ >= __RAM1_segment_start__) && (__non_init_end__ <= __RAM1_segment_end__))), error: .non_init is too large to fit in RAM1 memory segment)
                0x00000000200008f8                __heap_load_start__ = ALIGN (__non_init_end__, 0x4)

.heap           0x00000000200008f8     0x2000
                0x00000000200008f8                __heap_start__ = .
 *(.heap .heap.*)
                0x00000000200028f8                . = ALIGN (MAX ((__heap_start__ + __HEAPSIZE__), .), 0x4)
 *fill*         0x00000000200008f8     0x2000 
                0x00000000200028f8                __heap_end__ = (__heap_start__ + SIZEOF (.heap))
                0x0000000000002000                __heap_size__ = SIZEOF (.heap)
                0x00000000200028f8                __heap_load_end__ = __heap_end__
                0x0000000000000001                . = ASSERT (((__heap_start__ == __heap_end__) || ((__heap_end__ >= __RAM1_segment_start__) && (__heap_end__ <= __RAM1_segment_end__))), error: .heap is too large to fit in RAM1 memory segment)
                0x000000002003e000                __stack_load_start__ = (__RAM1_segment_end__ - 0x2000)

.stack          0x000000002003e000     0x2000
                0x000000002003e000                __stack_start__ = .
                0x000000002003e000                __StackLimit = __stack_start__
 *(.stack .stack.*)
                0x0000000020040000                . = ALIGN (MAX ((__stack_start__ + __STACKSIZE__), .), 0x8)
 *fill*         0x000000002003e000     0x2000 
                0x0000000020040000                __stack_end__ = (__stack_start__ + SIZEOF (.stack))
                0x0000000000002000                __stack_size__ = SIZEOF (.stack)
                0x0000000020040000                __StackTop = __stack_end__
                0x0000000020040000                __stack_load_end__ = __stack_end__
                0x0000000000000001                . = ASSERT (((__stack_start__ == __stack_end__) || ((__stack_end__ >= __RAM1_segment_start__) && (__stack_end__ <= __RAM1_segment_end__))), error: .stack is too large to fit in RAM1 memory segment)
                0x0000000000000001                . = ASSERT ((__heap_end__ <= __stack_start__), error: section .heap overlaps absolute placed section .stack)
                0x0000000020040000                __stack_process_load_start__ = ALIGN (__stack_end__, 0x8)

.stack_process  0x0000000020040000        0x0
                0x0000000020040000                __stack_process_start__ = .
 *(.stack_process .stack_process.*)
                0x0000000020040000                . = ALIGN (MAX ((__stack_process_start__ + __STACKSIZE_PROCESS__), .), 0x8)
                0x0000000020040000                __stack_process_end__ = (__stack_process_start__ + SIZEOF (.stack_process))
                0x0000000000000000                __stack_process_size__ = SIZEOF (.stack_process)
                0x0000000020040000                __stack_process_load_end__ = __stack_process_end__
                0x0000000020040000                __RAM1_segment_used_end__ = (ALIGN (__stack_end__, 0x8) + SIZEOF (.stack_process))
                0x0000000000040000                __RAM1_segment_used_size__ = (__RAM1_segment_used_end__ - __RAM1_segment_start__)
                0x0000000000000001                . = ASSERT (((__stack_process_start__ == __stack_process_end__) || ((__stack_process_end__ >= __RAM1_segment_start__) && (__stack_process_end__ <= __RAM1_segment_end__))), error: .stack_process is too large to fit in RAM1 memory segment)
START GROUP
LOAD Output/twi_scanner_pca10056 Release/Obj/thumb_crt0.o
LOAD Output/twi_scanner_pca10056 Release/Obj/nrf_log_backend_rtt.o
LOAD Output/twi_scanner_pca10056 Release/Obj/nrf_log_backend_serial.o
LOAD Output/twi_scanner_pca10056 Release/Obj/nrf_log_backend_uart.o
LOAD Output/twi_scanner_pca10056 Release/Obj/nrf_log_default_backends.o
LOAD Output/twi_scanner_pca10056 Release/Obj/nrf_log_frontend.o
LOAD Output/twi_scanner_pca10056 Release/Obj/nrf_log_str_formatter.o
LOAD Output/twi_scanner_pca10056 Release/Obj/boards.o
LOAD Output/twi_scanner_pca10056 Release/Obj/app_error.o
LOAD Output/twi_scanner_pca10056 Release/Obj/app_error_handler_gcc.o
LOAD Output/twi_scanner_pca10056 Release/Obj/app_error_weak.o
LOAD Output/twi_scanner_pca10056 Release/Obj/app_util_platform.o
LOAD Output/twi_scanner_pca10056 Release/Obj/nrf_assert.o
LOAD Output/twi_scanner_pca10056 Release/Obj/nrf_atomic.o
LOAD Output/twi_scanner_pca10056 Release/Obj/nrf_balloc.o
LOAD Output/twi_scanner_pca10056 Release/Obj/nrf_fprintf.o
LOAD Output/twi_scanner_pca10056 Release/Obj/nrf_fprintf_format.o
LOAD Output/twi_scanner_pca10056 Release/Obj/nrf_memobj.o
LOAD Output/twi_scanner_pca10056 Release/Obj/nrf_ringbuf.o
LOAD Output/twi_scanner_pca10056 Release/Obj/nrf_strerror.o
LOAD Output/twi_scanner_pca10056 Release/Obj/nrf_drv_twi.o
LOAD Output/twi_scanner_pca10056 Release/Obj/nrf_drv_uart.o
LOAD Output/twi_scanner_pca10056 Release/Obj/nrfx_atomic.o
LOAD Output/twi_scanner_pca10056 Release/Obj/nrfx_prs.o
LOAD Output/twi_scanner_pca10056 Release/Obj/nrfx_twi.o
LOAD Output/twi_scanner_pca10056 Release/Obj/nrfx_twim.o
LOAD Output/twi_scanner_pca10056 Release/Obj/nrfx_uart.o
LOAD Output/twi_scanner_pca10056 Release/Obj/nrfx_uarte.o
LOAD Output/twi_scanner_pca10056 Release/Obj/main.o
LOAD Output/twi_scanner_pca10056 Release/Obj/SEGGER_RTT.o
LOAD Output/twi_scanner_pca10056 Release/Obj/SEGGER_RTT_Syscalls_SES.o
LOAD Output/twi_scanner_pca10056 Release/Obj/SEGGER_RTT_printf.o
LOAD Output/twi_scanner_pca10056 Release/Obj/ses_startup_nrf52840.o
LOAD Output/twi_scanner_pca10056 Release/Obj/ses_startup_nrf_common.o
LOAD Output/twi_scanner_pca10056 Release/Obj/system_nrf52840.o
LOAD C:/Program Files/SEGGER/SEGGER Embedded Studio for ARM 3.34/lib/libdebugio_mempoll_v7em_fpv4_sp_d16_hard_t_le_eabi.a
LOAD C:/Program Files/SEGGER/SEGGER Embedded Studio for ARM 3.34/lib/libm_v7em_fpv4_sp_d16_hard_t_le_eabi.a
LOAD C:/Program Files/SEGGER/SEGGER Embedded Studio for ARM 3.34/lib/libc_v7em_fpv4_sp_d16_hard_t_le_eabi.a
LOAD C:/Program Files/SEGGER/SEGGER Embedded Studio for ARM 3.34/lib/libcpp_v7em_fpv4_sp_d16_hard_t_le_eabi.a
LOAD C:/Program Files/SEGGER/SEGGER Embedded Studio for ARM 3.34/lib/libdebugio_v7em_fpv4_sp_d16_hard_t_le_eabi.a
LOAD C:/Program Files/SEGGER/SEGGER Embedded Studio for ARM 3.34/lib/libvfprintf_v7em_fpv4_sp_d16_hard_t_le_eabi.o
LOAD C:/Program Files/SEGGER/SEGGER Embedded Studio for ARM 3.34/lib/libvfscanf_v7em_fpv4_sp_d16_hard_t_le_eabi.o
END GROUP
OUTPUT(Output/Release/Exe/twi_scanner_pca10056.elf elf32-littlearm)

.ARM.attributes
                0x0000000000000000       0x35
 .ARM.attributes
                0x0000000000000000       0x25 Output/twi_scanner_pca10056 Release/Obj/thumb_crt0.o
 .ARM.attributes
                0x0000000000000025       0x39 Output/twi_scanner_pca10056 Release/Obj/nrf_log_backend_rtt.o
 .ARM.attributes
                0x000000000000005e       0x39 Output/twi_scanner_pca10056 Release/Obj/nrf_log_backend_serial.o
 .ARM.attributes
                0x0000000000000097       0x39 Output/twi_scanner_pca10056 Release/Obj/nrf_log_default_backends.o
 .ARM.attributes
                0x00000000000000d0       0x39 Output/twi_scanner_pca10056 Release/Obj/nrf_log_frontend.o
 .ARM.attributes
                0x0000000000000109       0x39 Output/twi_scanner_pca10056 Release/Obj/nrf_log_str_formatter.o
 .ARM.attributes
                0x0000000000000142       0x39 Output/twi_scanner_pca10056 Release/Obj/app_error.o
 .ARM.attributes
                0x000000000000017b       0x39 Output/twi_scanner_pca10056 Release/Obj/app_error_weak.o
 .ARM.attributes
                0x00000000000001b4       0x39 Output/twi_scanner_pca10056 Release/Obj/app_util_platform.o
 .ARM.attributes
                0x00000000000001ed       0x39 Output/twi_scanner_pca10056 Release/Obj/nrf_atomic.o
 .ARM.attributes
                0x0000000000000226       0x39 Output/twi_scanner_pca10056 Release/Obj/nrf_balloc.o
 .ARM.attributes
                0x000000000000025f       0x39 Output/twi_scanner_pca10056 Release/Obj/nrf_fprintf.o
 .ARM.attributes
                0x0000000000000298       0x39 Output/twi_scanner_pca10056 Release/Obj/nrf_fprintf_format.o
 .ARM.attributes
                0x00000000000002d1       0x39 Output/twi_scanner_pca10056 Release/Obj/nrf_memobj.o
 .ARM.attributes
                0x000000000000030a       0x39 Output/twi_scanner_pca10056 Release/Obj/nrf_ringbuf.o
 .ARM.attributes
                0x0000000000000343       0x39 Output/twi_scanner_pca10056 Release/Obj/nrf_drv_twi.o
 .ARM.attributes
                0x000000000000037c       0x39 Output/twi_scanner_pca10056 Release/Obj/nrfx_prs.o
 .ARM.attributes
                0x00000000000003b5       0x39 Output/twi_scanner_pca10056 Release/Obj/nrfx_twim.o
 .ARM.attributes
                0x00000000000003ee       0x39 Output/twi_scanner_pca10056 Release/Obj/nrfx_uart.o
 .ARM.attributes
                0x0000000000000427       0x39 Output/twi_scanner_pca10056 Release/Obj/nrfx_uarte.o
 .ARM.attributes
                0x0000000000000460       0x39 Output/twi_scanner_pca10056 Release/Obj/main.o
 .ARM.attributes
                0x0000000000000499       0x39 Output/twi_scanner_pca10056 Release/Obj/SEGGER_RTT.o
 .ARM.attributes
                0x00000000000004d2       0x25 Output/twi_scanner_pca10056 Release/Obj/ses_startup_nrf52840.o
 .ARM.attributes
                0x00000000000004f7       0x25 Output/twi_scanner_pca10056 Release/Obj/ses_startup_nrf_common.o
 .ARM.attributes
                0x000000000000051c       0x39 Output/twi_scanner_pca10056 Release/Obj/system_nrf52840.o
 .ARM.attributes
                0x0000000000000555       0x34 C:/Program Files/SEGGER/SEGGER Embedded Studio for ARM 3.34/lib/libc_v7em_fpv4_sp_d16_hard_t_le_eabi.a(libc2.o)
 .ARM.attributes
                0x0000000000000589       0x20 C:/Program Files/SEGGER/SEGGER Embedded Studio for ARM 3.34/lib/libc_v7em_fpv4_sp_d16_hard_t_le_eabi.a(libc2_asm.o)

.comment        0x0000000000000000       0x4c
 .comment       0x0000000000000000       0x4c Output/twi_scanner_pca10056 Release/Obj/nrf_log_backend_rtt.o
                                         0x4d (size before relaxing)
 .comment       0x000000000000004c       0x4d Output/twi_scanner_pca10056 Release/Obj/nrf_log_backend_serial.o
 .comment       0x000000000000004c       0x4d Output/twi_scanner_pca10056 Release/Obj/nrf_log_default_backends.o
 .comment       0x000000000000004c       0x4d Output/twi_scanner_pca10056 Release/Obj/nrf_log_frontend.o
 .comment       0x000000000000004c       0x4d Output/twi_scanner_pca10056 Release/Obj/nrf_log_str_formatter.o
 .comment       0x000000000000004c       0x4d Output/twi_scanner_pca10056 Release/Obj/app_error.o
 .comment       0x000000000000004c       0x4d Output/twi_scanner_pca10056 Release/Obj/app_error_weak.o
 .comment       0x000000000000004c       0x4d Output/twi_scanner_pca10056 Release/Obj/app_util_platform.o
 .comment       0x000000000000004c       0x4d Output/twi_scanner_pca10056 Release/Obj/nrf_atomic.o
 .comment       0x000000000000004c       0x4d Output/twi_scanner_pca10056 Release/Obj/nrf_balloc.o
 .comment       0x000000000000004c       0x4d Output/twi_scanner_pca10056 Release/Obj/nrf_fprintf.o
 .comment       0x000000000000004c       0x4d Output/twi_scanner_pca10056 Release/Obj/nrf_fprintf_format.o
 .comment       0x000000000000004c       0x4d Output/twi_scanner_pca10056 Release/Obj/nrf_memobj.o
 .comment       0x000000000000004c       0x4d Output/twi_scanner_pca10056 Release/Obj/nrf_ringbuf.o
 .comment       0x000000000000004c       0x4d Output/twi_scanner_pca10056 Release/Obj/nrf_drv_twi.o
 .comment       0x000000000000004c       0x4d Output/twi_scanner_pca10056 Release/Obj/nrfx_prs.o
 .comment       0x000000000000004c       0x4d Output/twi_scanner_pca10056 Release/Obj/nrfx_twim.o
 .comment       0x000000000000004c       0x4d Output/twi_scanner_pca10056 Release/Obj/nrfx_uart.o
 .comment       0x000000000000004c       0x4d Output/twi_scanner_pca10056 Release/Obj/nrfx_uarte.o
 .comment       0x000000000000004c       0x4d Output/twi_scanner_pca10056 Release/Obj/main.o
 .comment       0x000000000000004c       0x4d Output/twi_scanner_pca10056 Release/Obj/SEGGER_RTT.o
 .comment       0x000000000000004c       0x4d Output/twi_scanner_pca10056 Release/Obj/system_nrf52840.o
 .comment       0x000000000000004c       0x4d C:/Program Files/SEGGER/SEGGER Embedded Studio for ARM 3.34/lib/libc_v7em_fpv4_sp_d16_hard_t_le_eabi.a(libc2.o)

.debug_line     0x0000000000000000     0x9978
 .debug_line    0x0000000000000000      0x2b4 Output/twi_scanner_pca10056 Release/Obj/thumb_crt0.o
 .debug_line    0x00000000000002b4      0x85d Output/twi_scanner_pca10056 Release/Obj/nrf_log_backend_rtt.o
 .debug_line    0x0000000000000b11      0x615 Output/twi_scanner_pca10056 Release/Obj/nrf_log_backend_serial.o
 .debug_line    0x0000000000001126      0x59c Output/twi_scanner_pca10056 Release/Obj/nrf_log_default_backends.o
 .debug_line    0x00000000000016c2      0xa00 Output/twi_scanner_pca10056 Release/Obj/nrf_log_frontend.o
 .debug_line    0x00000000000020c2      0x66b Output/twi_scanner_pca10056 Release/Obj/nrf_log_str_formatter.o
 .debug_line    0x000000000000272d      0x314 Output/twi_scanner_pca10056 Release/Obj/app_error.o
 .debug_line    0x0000000000002a41      0x63b Output/twi_scanner_pca10056 Release/Obj/app_error_weak.o
 .debug_line    0x000000000000307c      0x39f Output/twi_scanner_pca10056 Release/Obj/app_util_platform.o
 .debug_line    0x000000000000341b      0x4e8 Output/twi_scanner_pca10056 Release/Obj/nrf_atomic.o
 .debug_line    0x0000000000003903      0x53d Output/twi_scanner_pca10056 Release/Obj/nrf_balloc.o
 .debug_line    0x0000000000003e40      0x39e Output/twi_scanner_pca10056 Release/Obj/nrf_fprintf.o
 .debug_line    0x00000000000041de      0x4ef Output/twi_scanner_pca10056 Release/Obj/nrf_fprintf_format.o
 .debug_line    0x00000000000046cd      0x5e7 Output/twi_scanner_pca10056 Release/Obj/nrf_memobj.o
 .debug_line    0x0000000000004cb4      0x4da Output/twi_scanner_pca10056 Release/Obj/nrf_ringbuf.o
 .debug_line    0x000000000000518e      0x6d0 Output/twi_scanner_pca10056 Release/Obj/nrf_drv_twi.o
 .debug_line    0x000000000000585e      0x6c9 Output/twi_scanner_pca10056 Release/Obj/nrfx_prs.o
 .debug_line    0x0000000000005f27      0xcaa Output/twi_scanner_pca10056 Release/Obj/nrfx_twim.o
 .debug_line    0x0000000000006bd1      0xc64 Output/twi_scanner_pca10056 Release/Obj/nrfx_uart.o
 .debug_line    0x0000000000007835      0xbf0 Output/twi_scanner_pca10056 Release/Obj/nrfx_uarte.o
 .debug_line    0x0000000000008425      0x8c8 Output/twi_scanner_pca10056 Release/Obj/main.o
 .debug_line    0x0000000000008ced      0x80e Output/twi_scanner_pca10056 Release/Obj/SEGGER_RTT.o
 .debug_line    0x00000000000094fb       0xa1 Output/twi_scanner_pca10056 Release/Obj/ses_startup_nrf52840.o
 .debug_line    0x000000000000959c       0xc0 Output/twi_scanner_pca10056 Release/Obj/ses_startup_nrf_common.o
 .debug_line    0x000000000000965c      0x31c Output/twi_scanner_pca10056 Release/Obj/system_nrf52840.o

.debug_info     0x0000000000000000    0x1bb97
 .debug_info    0x0000000000000000       0xe3 Output/twi_scanner_pca10056 Release/Obj/thumb_crt0.o
 .debug_info    0x00000000000000e3      0xd0f Output/twi_scanner_pca10056 Release/Obj/nrf_log_backend_rtt.o
 .debug_info    0x0000000000000df2      0xda4 Output/twi_scanner_pca10056 Release/Obj/nrf_log_backend_serial.o
 .debug_info    0x0000000000001b96      0x977 Output/twi_scanner_pca10056 Release/Obj/nrf_log_default_backends.o
 .debug_info    0x000000000000250d     0x24c6 Output/twi_scanner_pca10056 Release/Obj/nrf_log_frontend.o
 .debug_info    0x00000000000049d3      0xee3 Output/twi_scanner_pca10056 Release/Obj/nrf_log_str_formatter.o
 .debug_info    0x00000000000058b6      0x7d5 Output/twi_scanner_pca10056 Release/Obj/app_error.o
 .debug_info    0x000000000000608b      0xbb0 Output/twi_scanner_pca10056 Release/Obj/app_error_weak.o
 .debug_info    0x0000000000006c3b      0xc90 Output/twi_scanner_pca10056 Release/Obj/app_util_platform.o
 .debug_info    0x00000000000078cb      0xd96 Output/twi_scanner_pca10056 Release/Obj/nrf_atomic.o
 .debug_info    0x0000000000008661      0xa06 Output/twi_scanner_pca10056 Release/Obj/nrf_balloc.o
 .debug_info    0x0000000000009067      0x76a Output/twi_scanner_pca10056 Release/Obj/nrf_fprintf.o
 .debug_info    0x00000000000097d1      0xbbf Output/twi_scanner_pca10056 Release/Obj/nrf_fprintf_format.o
 .debug_info    0x000000000000a390      0xe62 Output/twi_scanner_pca10056 Release/Obj/nrf_memobj.o
 .debug_info    0x000000000000b1f2      0xaed Output/twi_scanner_pca10056 Release/Obj/nrf_ringbuf.o
 .debug_info    0x000000000000bcdf     0x18be Output/twi_scanner_pca10056 Release/Obj/nrf_drv_twi.o
 .debug_info    0x000000000000d59d      0xd6f Output/twi_scanner_pca10056 Release/Obj/nrfx_prs.o
 .debug_info    0x000000000000e30c     0x3173 Output/twi_scanner_pca10056 Release/Obj/nrfx_twim.o
 .debug_info    0x000000000001147f     0x30c0 Output/twi_scanner_pca10056 Release/Obj/nrfx_uart.o
 .debug_info    0x000000000001453f     0x320d Output/twi_scanner_pca10056 Release/Obj/nrfx_uarte.o
 .debug_info    0x000000000001774c     0x14be Output/twi_scanner_pca10056 Release/Obj/main.o
 .debug_info    0x0000000000018c0a     0x18d5 Output/twi_scanner_pca10056 Release/Obj/SEGGER_RTT.o
 .debug_info    0x000000000001a4df       0xfb Output/twi_scanner_pca10056 Release/Obj/ses_startup_nrf52840.o
 .debug_info    0x000000000001a5da       0xfd Output/twi_scanner_pca10056 Release/Obj/ses_startup_nrf_common.o
 .debug_info    0x000000000001a6d7     0x14c0 Output/twi_scanner_pca10056 Release/Obj/system_nrf52840.o

.debug_abbrev   0x0000000000000000     0x3f12
 .debug_abbrev  0x0000000000000000       0x12 Output/twi_scanner_pca10056 Release/Obj/thumb_crt0.o
 .debug_abbrev  0x0000000000000012      0x2a0 Output/twi_scanner_pca10056 Release/Obj/nrf_log_backend_rtt.o
 .debug_abbrev  0x00000000000002b2      0x235 Output/twi_scanner_pca10056 Release/Obj/nrf_log_backend_serial.o
 .debug_abbrev  0x00000000000004e7      0x1d8 Output/twi_scanner_pca10056 Release/Obj/nrf_log_default_backends.o
 .debug_abbrev  0x00000000000006bf      0x533 Output/twi_scanner_pca10056 Release/Obj/nrf_log_frontend.o
 .debug_abbrev  0x0000000000000bf2      0x23c Output/twi_scanner_pca10056 Release/Obj/nrf_log_str_formatter.o
 .debug_abbrev  0x0000000000000e2e      0x1a9 Output/twi_scanner_pca10056 Release/Obj/app_error.o
 .debug_abbrev  0x0000000000000fd7      0x239 Output/twi_scanner_pca10056 Release/Obj/app_error_weak.o
 .debug_abbrev  0x0000000000001210      0x27e Output/twi_scanner_pca10056 Release/Obj/app_util_platform.o
 .debug_abbrev  0x000000000000148e      0x220 Output/twi_scanner_pca10056 Release/Obj/nrf_atomic.o
 .debug_abbrev  0x00000000000016ae      0x25b Output/twi_scanner_pca10056 Release/Obj/nrf_balloc.o
 .debug_abbrev  0x0000000000001909      0x1ae Output/twi_scanner_pca10056 Release/Obj/nrf_fprintf.o
 .debug_abbrev  0x0000000000001ab7      0x305 Output/twi_scanner_pca10056 Release/Obj/nrf_fprintf_format.o
 .debug_abbrev  0x0000000000001dbc      0x238 Output/twi_scanner_pca10056 Release/Obj/nrf_memobj.o
 .debug_abbrev  0x0000000000001ff4      0x1ce Output/twi_scanner_pca10056 Release/Obj/nrf_ringbuf.o
 .debug_abbrev  0x00000000000021c2      0x3dd Output/twi_scanner_pca10056 Release/Obj/nrf_drv_twi.o
 .debug_abbrev  0x000000000000259f      0x2a1 Output/twi_scanner_pca10056 Release/Obj/nrfx_prs.o
 .debug_abbrev  0x0000000000002840      0x4b9 Output/twi_scanner_pca10056 Release/Obj/nrfx_twim.o
 .debug_abbrev  0x0000000000002cf9      0x52c Output/twi_scanner_pca10056 Release/Obj/nrfx_uart.o
 .debug_abbrev  0x0000000000003225      0x4ab Output/twi_scanner_pca10056 Release/Obj/nrfx_uarte.o
 .debug_abbrev  0x00000000000036d0      0x2ef Output/twi_scanner_pca10056 Release/Obj/main.o
 .debug_abbrev  0x00000000000039bf      0x2e3 Output/twi_scanner_pca10056 Release/Obj/SEGGER_RTT.o
 .debug_abbrev  0x0000000000003ca2       0x14 Output/twi_scanner_pca10056 Release/Obj/ses_startup_nrf52840.o
 .debug_abbrev  0x0000000000003cb6       0x14 Output/twi_scanner_pca10056 Release/Obj/ses_startup_nrf_common.o
 .debug_abbrev  0x0000000000003cca      0x248 Output/twi_scanner_pca10056 Release/Obj/system_nrf52840.o

.debug_aranges  0x0000000000000000      0x898
 .debug_aranges
                0x0000000000000000       0xe0 Output/twi_scanner_pca10056 Release/Obj/thumb_crt0.o
 .debug_aranges
                0x00000000000000e0       0x38 Output/twi_scanner_pca10056 Release/Obj/nrf_log_backend_rtt.o
 .debug_aranges
                0x0000000000000118       0x20 Output/twi_scanner_pca10056 Release/Obj/nrf_log_backend_serial.o
 .debug_aranges
                0x0000000000000138       0x20 Output/twi_scanner_pca10056 Release/Obj/nrf_log_default_backends.o
 .debug_aranges
                0x0000000000000158       0xd0 Output/twi_scanner_pca10056 Release/Obj/nrf_log_frontend.o
 .debug_aranges
                0x0000000000000228       0x40 Output/twi_scanner_pca10056 Release/Obj/nrf_log_str_formatter.o
 .debug_aranges
                0x0000000000000268       0x28 Output/twi_scanner_pca10056 Release/Obj/app_error.o
 .debug_aranges
                0x0000000000000290       0x20 Output/twi_scanner_pca10056 Release/Obj/app_error_weak.o
 .debug_aranges
                0x00000000000002b0       0x48 Output/twi_scanner_pca10056 Release/Obj/app_util_platform.o
 .debug_aranges
                0x00000000000002f8       0xb0 Output/twi_scanner_pca10056 Release/Obj/nrf_atomic.o
 .debug_aranges
                0x00000000000003a8       0x30 Output/twi_scanner_pca10056 Release/Obj/nrf_balloc.o
 .debug_aranges
                0x00000000000003d8       0x28 Output/twi_scanner_pca10056 Release/Obj/nrf_fprintf.o
 .debug_aranges
                0x0000000000000400       0x30 Output/twi_scanner_pca10056 Release/Obj/nrf_fprintf_format.o
 .debug_aranges
                0x0000000000000430       0x58 Output/twi_scanner_pca10056 Release/Obj/nrf_memobj.o
 .debug_aranges
                0x0000000000000488       0x50 Output/twi_scanner_pca10056 Release/Obj/nrf_ringbuf.o
 .debug_aranges
                0x00000000000004d8       0x38 Output/twi_scanner_pca10056 Release/Obj/nrf_drv_twi.o
 .debug_aranges
                0x0000000000000510       0x30 Output/twi_scanner_pca10056 Release/Obj/nrfx_prs.o
 .debug_aranges
                0x0000000000000540       0x90 Output/twi_scanner_pca10056 Release/Obj/nrfx_twim.o
 .debug_aranges
                0x00000000000005d0       0xa8 Output/twi_scanner_pca10056 Release/Obj/nrfx_uart.o
 .debug_aranges
                0x0000000000000678       0x80 Output/twi_scanner_pca10056 Release/Obj/nrfx_uarte.o
 .debug_aranges
                0x00000000000006f8       0x28 Output/twi_scanner_pca10056 Release/Obj/main.o
 .debug_aranges
                0x0000000000000720      0x108 Output/twi_scanner_pca10056 Release/Obj/SEGGER_RTT.o
 .debug_aranges
                0x0000000000000828       0x20 Output/twi_scanner_pca10056 Release/Obj/ses_startup_nrf52840.o
 .debug_aranges
                0x0000000000000848       0x20 Output/twi_scanner_pca10056 Release/Obj/ses_startup_nrf_common.o
 .debug_aranges
                0x0000000000000868       0x30 Output/twi_scanner_pca10056 Release/Obj/system_nrf52840.o

.debug_ranges   0x0000000000000000      0xf28
 .debug_ranges  0x0000000000000000       0xd8 Output/twi_scanner_pca10056 Release/Obj/thumb_crt0.o
 .debug_ranges  0x00000000000000d8       0x60 Output/twi_scanner_pca10056 Release/Obj/nrf_log_backend_rtt.o
 .debug_ranges  0x0000000000000138       0x28 Output/twi_scanner_pca10056 Release/Obj/nrf_log_backend_serial.o
 .debug_ranges  0x0000000000000160       0x10 Output/twi_scanner_pca10056 Release/Obj/nrf_log_default_backends.o
 .debug_ranges  0x0000000000000170      0x308 Output/twi_scanner_pca10056 Release/Obj/nrf_log_frontend.o
 .debug_ranges  0x0000000000000478       0x48 Output/twi_scanner_pca10056 Release/Obj/nrf_log_str_formatter.o
 .debug_ranges  0x00000000000004c0       0x18 Output/twi_scanner_pca10056 Release/Obj/app_error.o
 .debug_ranges  0x00000000000004d8       0x10 Output/twi_scanner_pca10056 Release/Obj/app_error_weak.o
 .debug_ranges  0x00000000000004e8       0x38 Output/twi_scanner_pca10056 Release/Obj/app_util_platform.o
 .debug_ranges  0x0000000000000520       0xb8 Output/twi_scanner_pca10056 Release/Obj/nrf_atomic.o
 .debug_ranges  0x00000000000005d8       0x20 Output/twi_scanner_pca10056 Release/Obj/nrf_balloc.o
 .debug_ranges  0x00000000000005f8       0x18 Output/twi_scanner_pca10056 Release/Obj/nrf_fprintf.o
 .debug_ranges  0x0000000000000610       0x58 Output/twi_scanner_pca10056 Release/Obj/nrf_fprintf_format.o
 .debug_ranges  0x0000000000000668       0x48 Output/twi_scanner_pca10056 Release/Obj/nrf_memobj.o
 .debug_ranges  0x00000000000006b0       0x40 Output/twi_scanner_pca10056 Release/Obj/nrf_ringbuf.o
 .debug_ranges  0x00000000000006f0       0xd0 Output/twi_scanner_pca10056 Release/Obj/nrf_drv_twi.o
 .debug_ranges  0x00000000000007c0       0x50 Output/twi_scanner_pca10056 Release/Obj/nrfx_prs.o
 .debug_ranges  0x0000000000000810      0x210 Output/twi_scanner_pca10056 Release/Obj/nrfx_twim.o
 .debug_ranges  0x0000000000000a20      0x228 Output/twi_scanner_pca10056 Release/Obj/nrfx_uart.o
 .debug_ranges  0x0000000000000c48      0x198 Output/twi_scanner_pca10056 Release/Obj/nrfx_uarte.o
 .debug_ranges  0x0000000000000de0       0x30 Output/twi_scanner_pca10056 Release/Obj/main.o
 .debug_ranges  0x0000000000000e10       0xf8 Output/twi_scanner_pca10056 Release/Obj/SEGGER_RTT.o
 .debug_ranges  0x0000000000000f08       0x20 Output/twi_scanner_pca10056 Release/Obj/system_nrf52840.o

.debug_frame    0x0000000000000000     0x168c
 .debug_frame   0x0000000000000000       0x88 Output/twi_scanner_pca10056 Release/Obj/nrf_log_backend_rtt.o
 .debug_frame   0x0000000000000088       0x48 Output/twi_scanner_pca10056 Release/Obj/nrf_log_backend_serial.o
 .debug_frame   0x00000000000000d0       0x2c Output/twi_scanner_pca10056 Release/Obj/nrf_log_default_backends.o
 .debug_frame   0x00000000000000fc      0x2f8 Output/twi_scanner_pca10056 Release/Obj/nrf_log_frontend.o
 .debug_frame   0x00000000000003f4      0x100 Output/twi_scanner_pca10056 Release/Obj/nrf_log_str_formatter.o
 .debug_frame   0x00000000000004f4       0x58 Output/twi_scanner_pca10056 Release/Obj/app_error.o
 .debug_frame   0x000000000000054c       0x2c Output/twi_scanner_pca10056 Release/Obj/app_error_weak.o
 .debug_frame   0x0000000000000578       0x70 Output/twi_scanner_pca10056 Release/Obj/app_util_platform.o
 .debug_frame   0x00000000000005e8      0x1f8 Output/twi_scanner_pca10056 Release/Obj/nrf_atomic.o
 .debug_frame   0x00000000000007e0       0x78 Output/twi_scanner_pca10056 Release/Obj/nrf_balloc.o
 .debug_frame   0x0000000000000858       0x6c Output/twi_scanner_pca10056 Release/Obj/nrf_fprintf.o
 .debug_frame   0x00000000000008c4       0xc0 Output/twi_scanner_pca10056 Release/Obj/nrf_fprintf_format.o
 .debug_frame   0x0000000000000984      0x118 Output/twi_scanner_pca10056 Release/Obj/nrf_memobj.o
 .debug_frame   0x0000000000000a9c       0xf0 Output/twi_scanner_pca10056 Release/Obj/nrf_ringbuf.o
 .debug_frame   0x0000000000000b8c       0x88 Output/twi_scanner_pca10056 Release/Obj/nrf_drv_twi.o
 .debug_frame   0x0000000000000c14       0x50 Output/twi_scanner_pca10056 Release/Obj/nrfx_prs.o
 .debug_frame   0x0000000000000c64      0x1b4 Output/twi_scanner_pca10056 Release/Obj/nrfx_twim.o
 .debug_frame   0x0000000000000e18      0x22c Output/twi_scanner_pca10056 Release/Obj/nrfx_uart.o
 .debug_frame   0x0000000000001044      0x18c Output/twi_scanner_pca10056 Release/Obj/nrfx_uarte.o
 .debug_frame   0x00000000000011d0       0x54 Output/twi_scanner_pca10056 Release/Obj/main.o
 .debug_frame   0x0000000000001224      0x41c Output/twi_scanner_pca10056 Release/Obj/SEGGER_RTT.o
 .debug_frame   0x0000000000001640       0x4c Output/twi_scanner_pca10056 Release/Obj/system_nrf52840.o

.debug_loc      0x0000000000000000     0x899a
 .debug_loc     0x0000000000000000      0x16e Output/twi_scanner_pca10056 Release/Obj/nrf_log_backend_rtt.o
 .debug_loc     0x000000000000016e      0x145 Output/twi_scanner_pca10056 Release/Obj/nrf_log_backend_serial.o
 .debug_loc     0x00000000000002b3       0x15 Output/twi_scanner_pca10056 Release/Obj/nrf_log_default_backends.o
 .debug_loc     0x00000000000002c8     0x127a Output/twi_scanner_pca10056 Release/Obj/nrf_log_frontend.o
 .debug_loc     0x0000000000001542      0x2da Output/twi_scanner_pca10056 Release/Obj/nrf_log_str_formatter.o
 .debug_loc     0x000000000000181c       0xb5 Output/twi_scanner_pca10056 Release/Obj/app_error.o
 .debug_loc     0x00000000000018d1       0x63 Output/twi_scanner_pca10056 Release/Obj/app_error_weak.o
 .debug_loc     0x0000000000001934       0x7d Output/twi_scanner_pca10056 Release/Obj/app_util_platform.o
 .debug_loc     0x00000000000019b1      0x2c0 Output/twi_scanner_pca10056 Release/Obj/nrf_atomic.o
 .debug_loc     0x0000000000001c71      0x15f Output/twi_scanner_pca10056 Release/Obj/nrf_balloc.o
 .debug_loc     0x0000000000001dd0       0x3f Output/twi_scanner_pca10056 Release/Obj/nrf_fprintf.o
 .debug_loc     0x0000000000001e0f      0x83d Output/twi_scanner_pca10056 Release/Obj/nrf_fprintf_format.o
 .debug_loc     0x000000000000264c      0x7d3 Output/twi_scanner_pca10056 Release/Obj/nrf_memobj.o
 .debug_loc     0x0000000000002e1f      0x605 Output/twi_scanner_pca10056 Release/Obj/nrf_ringbuf.o
 .debug_loc     0x0000000000003424      0x307 Output/twi_scanner_pca10056 Release/Obj/nrf_drv_twi.o
 .debug_loc     0x000000000000372b       0x9d Output/twi_scanner_pca10056 Release/Obj/nrfx_prs.o
 .debug_loc     0x00000000000037c8     0x17ac Output/twi_scanner_pca10056 Release/Obj/nrfx_twim.o
 .debug_loc     0x0000000000004f74     0x117a Output/twi_scanner_pca10056 Release/Obj/nrfx_uart.o
 .debug_loc     0x00000000000060ee     0x12a3 Output/twi_scanner_pca10056 Release/Obj/nrfx_uarte.o
 .debug_loc     0x0000000000007391      0x136 Output/twi_scanner_pca10056 Release/Obj/main.o
 .debug_loc     0x00000000000074c7     0x137b Output/twi_scanner_pca10056 Release/Obj/SEGGER_RTT.o
 .debug_loc     0x0000000000008842      0x158 Output/twi_scanner_pca10056 Release/Obj/system_nrf52840.o

.debug_pubnames
                0x0000000000000000     0x417e
 .debug_pubnames
                0x0000000000000000      0x12a Output/twi_scanner_pca10056 Release/Obj/nrf_log_backend_rtt.o
 .debug_pubnames
                0x000000000000012a       0x31 Output/twi_scanner_pca10056 Release/Obj/nrf_log_backend_serial.o
 .debug_pubnames
                0x000000000000015b      0x12b Output/twi_scanner_pca10056 Release/Obj/nrf_log_default_backends.o
 .debug_pubnames
                0x0000000000000286      0x5c5 Output/twi_scanner_pca10056 Release/Obj/nrf_log_frontend.o
 .debug_pubnames
                0x000000000000084b      0x1bd Output/twi_scanner_pca10056 Release/Obj/nrf_log_str_formatter.o
 .debug_pubnames
                0x0000000000000a08       0x6c Output/twi_scanner_pca10056 Release/Obj/app_error.o
 .debug_pubnames
                0x0000000000000a74      0x106 Output/twi_scanner_pca10056 Release/Obj/app_error_weak.o
 .debug_pubnames
                0x0000000000000b7a      0x223 Output/twi_scanner_pca10056 Release/Obj/app_util_platform.o
 .debug_pubnames
                0x0000000000000d9d      0x233 Output/twi_scanner_pca10056 Release/Obj/nrf_atomic.o
 .debug_pubnames
                0x0000000000000fd0      0x126 Output/twi_scanner_pca10056 Release/Obj/nrf_balloc.o
 .debug_pubnames
                0x00000000000010f6       0x3f Output/twi_scanner_pca10056 Release/Obj/nrf_fprintf.o
 .debug_pubnames
                0x0000000000001135       0x67 Output/twi_scanner_pca10056 Release/Obj/nrf_fprintf_format.o
 .debug_pubnames
                0x000000000000119c       0xb1 Output/twi_scanner_pca10056 Release/Obj/nrf_memobj.o
 .debug_pubnames
                0x000000000000124d       0xaa Output/twi_scanner_pca10056 Release/Obj/nrf_ringbuf.o
 .debug_pubnames
                0x00000000000012f7      0x195 Output/twi_scanner_pca10056 Release/Obj/nrf_drv_twi.o
 .debug_pubnames
                0x000000000000148c      0x13f Output/twi_scanner_pca10056 Release/Obj/nrfx_prs.o
 .debug_pubnames
                0x00000000000015cb      0xd0a Output/twi_scanner_pca10056 Release/Obj/nrfx_twim.o
 .debug_pubnames
                0x00000000000022d5      0xac8 Output/twi_scanner_pca10056 Release/Obj/nrfx_uart.o
 .debug_pubnames